Component: ARM Compiler 5.05 update 2 (build 169) Tool: armlink [4d0f33]

==============================================================================

Section Cross References

    startup_stm32f10x_hd.o(RESET) refers to startup_stm32f10x_hd.o(STACK) for __initial_sp
    startup_stm32f10x_hd.o(RESET) refers to startup_stm32f10x_hd.o(.text) for Reset_Handler
    startup_stm32f10x_hd.o(RESET) refers to stm32f10x_it.o(.text) for NMI_Handler
    startup_stm32f10x_hd.o(RESET) refers to bsp_adc.o(.text) for ADC1_2_IRQHandler
    startup_stm32f10x_hd.o(RESET) refers to bsp_usart.o(.text) for USART1_IRQHandler
    startup_stm32f10x_hd.o(RESET) refers to bsp_key.o(.text) for EXTI15_10_IRQHandler
    startup_stm32f10x_hd.o(RESET) refers to pm25.o(.text) for UART4_IRQHandler
    startup_stm32f10x_hd.o(RESET) refers to co.o(.text) for UART5_IRQHandler
    startup_stm32f10x_hd.o(.text) refers to system_stm32f10x.o(.text) for SystemInit
    startup_stm32f10x_hd.o(.text) refers to entry.o(.ARM.Collect$$$$00000000) for __main
    system_stm32f10x.o(.text) refers to system_stm32f10x.o(.data) for SystemCoreClock
    stm32f10x_bkp.o(.text) refers to stm32f10x_rcc.o(.text) for RCC_BackupResetCmd
    stm32f10x_gpio.o(.text) refers to stm32f10x_rcc.o(.text) for RCC_APB2PeriphResetCmd
    stm32f10x_rcc.o(.text) refers to stm32f10x_rcc.o(.data) for APBAHBPrescTable
    stm32f10x_spi.o(.text) refers to stm32f10x_rcc.o(.text) for RCC_APB2PeriphResetCmd
    stm32f10x_tim.o(.text) refers to stm32f10x_rcc.o(.text) for RCC_APB2PeriphResetCmd
    stm32f10x_usart.o(.text) refers to stm32f10x_rcc.o(.text) for RCC_APB2PeriphResetCmd
    stm32f10x_i2c.o(.text) refers to stm32f10x_rcc.o(.text) for RCC_APB1PeriphResetCmd
    stm32f10x_adc.o(.text) refers to stm32f10x_rcc.o(.text) for RCC_APB2PeriphResetCmd
    main.o(.text) refers to stm32f10x_gpio.o(.text) for GPIO_SetBits
    main.o(.text) refers to team_huy.o(.text) for Team_Return
    main.o(.text) refers to f2d.o(.text) for __aeabi_f2d
    main.o(.text) refers to co2.o(.text) for CO2_Return
    main.o(.text) refers to dflti.o(.text) for __aeabi_i2d
    main.o(.text) refers to co.o(.text) for CO_Read
    main.o(.text) refers to printfa.o(i.__0sprintf) for __2sprintf
    main.o(.text) refers to utility.o(.text) for delay_ms
    main.o(.text) refers to esp8266.o(.text) for wifi_send_data
    main.o(.text) refers to memseta.o(.text) for __aeabi_memclr
    main.o(.text) refers to dhcp.o(.text) for do_dhcp
    main.o(.text) refers to printfa.o(i.__0printf) for __2printf
    main.o(.text) refers to bsp_iwdg.o(.text) for IWDG_Feed
    main.o(.text) refers to w5500_conf.o(.text) for gpio_for_w5500_config
    main.o(.text) refers to w5500.o(.text) for socket_buf_init
    main.o(.text) refers to system_stm32f10x.o(.text) for SystemInit
    main.o(.text) refers to bsp_usart.o(.text) for USART1_INIT
    main.o(.text) refers to iap_bootload.o(.text) for OTA_Init
    main.o(.text) refers to bsp_led.o(.text) for LED_GPIO_Config
    main.o(.text) refers to bsp_key.o(.text) for EXTI_Key_Config
    main.o(.text) refers to bsp_adc.o(.text) for ADCx_Init
    main.o(.text) refers to bsp_i2c_ee.o(.text) for I2C_EE_Init
    main.o(.text) refers to flash.o(.text) for SPI2_FLASH_Init
    main.o(.text) refers to stm32f10x_rcc.o(.text) for RCC_GetFlagStatus
    main.o(.text) refers to strstr.o(.text) for strstr
    main.o(.text) refers to tsl2561.o(.text) for TSL2561_INIT
    main.o(.text) refers to pm25.o(.text) for PM25_Init
    main.o(.text) refers to main.o(.data) for dust
    main.o(.text) refers to main.o(.bss) for socket_tx_buf
    main.o(.text) refers to esp8266.o(.bss) for MAC
    main.o(.text) refers to main.o(.conststring) for .conststring
    main.o(.text) refers to dhcp.o(.data) for init
    main.o(.text) refers to w5500.o(.data) for rxsize
    main.o(.text) refers to w5500_conf.o(.data) for remote_ip
    main.o(.text) refers to flash.o(.bss) for smartconfig_flag_Buffer
    main.o(.text) refers to bsp_key.o(.data) for smartconfig_off
    main.o(.text) refers to bq24259.o(.text) for Power_Status_Read
    main.o(.text) refers to team_huy.o(.data) for X_
    main.o(.text) refers to iap_bootload.o(.bss) for user_input
    stm32f10x_it.o(.text) refers to stm32f10x_tim.o(.text) for TIM_GetITStatus
    stm32f10x_it.o(.text) refers to w5500_conf.o(.text) for timer2_isr
    bsp_spi_flash.o(.text) refers to stm32f10x_rcc.o(.text) for RCC_APB2PeriphClockCmd
    bsp_spi_flash.o(.text) refers to stm32f10x_gpio.o(.text) for GPIO_Init
    bsp_spi_flash.o(.text) refers to stm32f10x_spi.o(.text) for SPI_Init
    bsp_timbase.o(.text) refers to misc.o(.text) for NVIC_PriorityGroupConfig
    bsp_timbase.o(.text) refers to stm32f10x_rcc.o(.text) for RCC_APB1PeriphClockCmd
    bsp_timbase.o(.text) refers to stm32f10x_tim.o(.text) for TIM_TimeBaseInit
    bsp_i2c_ee.o(.text) refers to stm32f10x_rcc.o(.text) for RCC_APB1PeriphClockCmd
[...]
    SPI_SSOutputCmd                          0x08010e81   Thumb Code    24  stm32f10x_spi.o(.text)
    SPI_DataSizeConfig                       0x08010e99   Thumb Code    18  stm32f10x_spi.o(.text)
    SPI_TransmitCRC                          0x08010eab   Thumb Code    10  stm32f10x_spi.o(.text)
    SPI_CalculateCRC                         0x08010eb5   Thumb Code    24  stm32f10x_spi.o(.text)
    SPI_GetCRC                               0x08010ecd   Thumb Code    16  stm32f10x_spi.o(.text)
    SPI_GetCRCPolynomial                     0x08010edd   Thumb Code     6  stm32f10x_spi.o(.text)
    SPI_BiDirectionalLineConfig              0x08010ee3   Thumb Code    28  stm32f10x_spi.o(.text)
    SPI_I2S_GetFlagStatus                    0x08010eff   Thumb Code    18  stm32f10x_spi.o(.text)
    SPI_I2S_ClearFlag                        0x08010f11   Thumb Code     6  stm32f10x_spi.o(.text)
    SPI_I2S_GetITStatus                      0x08010f17   Thumb Code    52  stm32f10x_spi.o(.text)
    SPI_I2S_ClearITPendingBit                0x08010f4b   Thumb Code    20  stm32f10x_spi.o(.text)
    TIM_DeInit                               0x08010f6d   Thumb Code   424  stm32f10x_tim.o(.text)
    TIM_TimeBaseInit                         0x08011115   Thumb Code   122  stm32f10x_tim.o(.text)
    TIM_OC1Init                              0x0801118f   Thumb Code   132  stm32f10x_tim.o(.text)
    TIM_OC2Init                              0x08011213   Thumb Code   154  stm32f10x_tim.o(.text)
    TIM_OC3Init                              0x080112ad   Thumb Code   150  stm32f10x_tim.o(.text)
    TIM_OC4Init                              0x08011343   Thumb Code   182  stm32f10x_tim.o(.text)
    TIM_SetIC4Prescaler                      0x080113f9   Thumb Code    26  stm32f10x_tim.o(.text)
    TIM_SetIC3Prescaler                      0x08011495   Thumb Code    18  stm32f10x_tim.o(.text)
    TIM_SetIC2Prescaler                      0x08011521   Thumb Code    26  stm32f10x_tim.o(.text)
    TIM_SetIC1Prescaler                      0x080115bd   Thumb Code    18  stm32f10x_tim.o(.text)
    TIM_ICInit                               0x0801163b   Thumb Code   150  stm32f10x_tim.o(.text)
    TIM_PWMIConfig                           0x080116d1   Thumb Code   124  stm32f10x_tim.o(.text)
    TIM_BDTRConfig                           0x0801174d   Thumb Code    32  stm32f10x_tim.o(.text)
    TIM_TimeBaseStructInit                   0x0801176d   Thumb Code    18  stm32f10x_tim.o(.text)
    TIM_OCStructInit                         0x0801177f   Thumb Code    20  stm32f10x_tim.o(.text)
    TIM_ICStructInit                         0x08011793   Thumb Code    18  stm32f10x_tim.o(.text)
    TIM_BDTRStructInit                       0x080117a5   Thumb Code    40  stm32f10x_tim.o(.text)
    TIM_Cmd                                  0x080117cd   Thumb Code    24  stm32f10x_tim.o(.text)
    TIM_CtrlPWMOutputs                       0x080117e5   Thumb Code    30  stm32f10x_tim.o(.text)
    TIM_ITConfig                             0x08011803   Thumb Code    18  stm32f10x_tim.o(.text)
    TIM_GenerateEvent                        0x08011815   Thumb Code     4  stm32f10x_tim.o(.text)
    TIM_DMAConfig                            0x08011819   Thumb Code    10  stm32f10x_tim.o(.text)
    TIM_DMACmd                               0x08011823   Thumb Code    18  stm32f10x_tim.o(.text)
    TIM_InternalClockConfig                  0x08011835   Thumb Code    12  stm32f10x_tim.o(.text)
    TIM_SelectInputTrigger                   0x08011841   Thumb Code    18  stm32f10x_tim.o(.text)
    TIM_ITRxExternalClockConfig              0x08011853   Thumb Code    24  stm32f10x_tim.o(.text)
    TIM_TIxExternalClockConfig               0x0801186b   Thumb Code    62  stm32f10x_tim.o(.text)
    TIM_ETRConfig                            0x080118a9   Thumb Code    28  stm32f10x_tim.o(.text)
    TIM_ETRClockMode1Config                  0x080118c5   Thumb Code    54  stm32f10x_tim.o(.text)
    TIM_ETRClockMode2Config                  0x080118fb   Thumb Code    32  stm32f10x_tim.o(.text)
    TIM_PrescalerConfig                      0x0801191b   Thumb Code     6  stm32f10x_tim.o(.text)
    TIM_CounterModeConfig                    0x08011921   Thumb Code    18  stm32f10x_tim.o(.text)
    TIM_EncoderInterfaceConfig               0x08011933   Thumb Code    66  stm32f10x_tim.o(.text)
    TIM_ForcedOC1Config                      0x08011975   Thumb Code    18  stm32f10x_tim.o(.text)
    TIM_ForcedOC2Config                      0x08011987   Thumb Code    26  stm32f10x_tim.o(.text)
    TIM_ForcedOC3Config                      0x080119a1   Thumb Code    18  stm32f10x_tim.o(.text)
    TIM_ForcedOC4Config                      0x080119b3   Thumb Code    26  stm32f10x_tim.o(.text)
    TIM_ARRPreloadConfig                     0x080119cd   Thumb Code    24  stm32f10x_tim.o(.text)
    TIM_SelectCOM                            0x080119e5   Thumb Code    24  stm32f10x_tim.o(.text)
    TIM_SelectCCDMA                          0x080119fd   Thumb Code    24  stm32f10x_tim.o(.text)
    TIM_CCPreloadControl                     0x08011a15   Thumb Code    24  stm32f10x_tim.o(.text)
    TIM_OC1PreloadConfig                     0x08011a2d   Thumb Code    18  stm32f10x_tim.o(.text)
    TIM_OC2PreloadConfig                     0x08011a3f   Thumb Code    26  stm32f10x_tim.o(.text)
    TIM_OC3PreloadConfig                     0x08011a59   Thumb Code    18  stm32f10x_tim.o(.text)
    TIM_OC4PreloadConfig                     0x08011a6b   Thumb Code    26  stm32f10x_tim.o(.text)
    TIM_OC1FastConfig                        0x08011a85   Thumb Code    18  stm32f10x_tim.o(.text)
    TIM_OC2FastConfig                        0x08011a97   Thumb Code    26  stm32f10x_tim.o(.text)
    TIM_OC3FastConfig                        0x08011ab1   Thumb Code    18  stm32f10x_tim.o(.text)
    TIM_OC4FastConfig                        0x08011ac3   Thumb Code    26  stm32f10x_tim.o(.text)
    TIM_ClearOC1Ref                          0x08011add   Thumb Code    18  stm32f10x_tim.o(.text)
    TIM_ClearOC2Ref                          0x08011aef   Thumb Code    24  stm32f10x_tim.o(.text)
    TIM_ClearOC3Ref                          0x08011b07   Thumb Code    18  stm32f10x_tim.o(.text)
    TIM_ClearOC4Ref                          0x08011b19   Thumb Code    24  stm32f10x_tim.o(.text)
    TIM_OC1PolarityConfig                    0x08011b31   Thumb Code    18  stm32f10x_tim.o(.text)
    TIM_OC1NPolarityConfig                   0x08011b43   Thumb Code    18  stm32f10x_tim.o(.text)
    TIM_OC2PolarityConfig                    0x08011b55   Thumb Code    26  stm32f10x_tim.o(.text)
    TIM_OC2NPolarityConfig                   0x08011b6f   Thumb Code    26  stm32f10x_tim.o(.text)
    TIM_OC3PolarityConfig                    0x08011b89   Thumb Code    26  stm32f10x_tim.o(.text)
    TIM_OC3NPolarityConfig                   0x08011ba3   Thumb Code    26  stm32f10x_tim.o(.text)
    TIM_OC4PolarityConfig                    0x08011bbd   Thumb Code    26  stm32f10x_tim.o(.text)
    TIM_CCxCmd                               0x08011bd7   Thumb Code    30  stm32f10x_tim.o(.text)
    TIM_CCxNCmd                              0x08011bf5   Thumb Code    30  stm32f10x_tim.o(.text)
    TIM_SelectOCxM                           0x08011c13   Thumb Code    82  stm32f10x_tim.o(.text)
    TIM_UpdateDisableConfig                  0x08011c65   Thumb Code    24  stm32f10x_tim.o(.text)
    TIM_UpdateRequestConfig                  0x08011c7d   Thumb Code    24  stm32f10x_tim.o(.text)
    TIM_SelectHallSensor                     0x08011c95   Thumb Code    24  stm32f10x_tim.o(.text)
    TIM_SelectOnePulseMode                   0x08011cad   Thumb Code    18  stm32f10x_tim.o(.text)
    TIM_SelectOutputTrigger                  0x08011cbf   Thumb Code    18  stm32f10x_tim.o(.text)
    TIM_SelectSlaveMode                      0x08011cd1   Thumb Code    18  stm32f10x_tim.o(.text)
    TIM_SelectMasterSlaveMode                0x08011ce3   Thumb Code    18  stm32f10x_tim.o(.text)
    TIM_SetCounter                           0x08011cf5   Thumb Code     4  stm32f10x_tim.o(.text)
    TIM_SetAutoreload                        0x08011cf9   Thumb Code     4  stm32f10x_tim.o(.text)
    TIM_SetCompare1                          0x08011cfd   Thumb Code     4  stm32f10x_tim.o(.text)
    TIM_SetCompare2                          0x08011d01   Thumb Code     4  stm32f10x_tim.o(.text)
    TIM_SetCompare3                          0x08011d05   Thumb Code     4  stm32f10x_tim.o(.text)
    TIM_SetCompare4                          0x08011d09   Thumb Code     6  stm32f10x_tim.o(.text)
    TIM_SetClockDivision                     0x08011d0f   Thumb Code    18  stm32f10x_tim.o(.text)
    TIM_GetCapture1                          0x08011d21   Thumb Code     6  stm32f10x_tim.o(.text)
    TIM_GetCapture2                          0x08011d27   Thumb Code     6  stm32f10x_tim.o(.text)
    TIM_GetCapture3                          0x08011d2d   Thumb Code     6  stm32f10x_tim.o(.text)
    TIM_GetCapture4                          0x08011d33   Thumb Code     8  stm32f10x_tim.o(.text)
    TIM_GetCounter                           0x08011d3b   Thumb Code     6  stm32f10x_tim.o(.text)
    TIM_GetPrescaler                         0x08011d41   Thumb Code     6  stm32f10x_tim.o(.text)
    TIM_GetFlagStatus                        0x08011d47   Thumb Code    18  stm32f10x_tim.o(.text)
    TIM_ClearFlag                            0x08011d59   Thumb Code     6  stm32f10x_tim.o(.text)
    TIM_GetITStatus                          0x08011d5f   Thumb Code    34  stm32f10x_tim.o(.text)
    TIM_ClearITPendingBit                    0x08011d81   Thumb Code     6  stm32f10x_tim.o(.text)
    USART_DeInit                             0x08011d89   Thumb Code   134  stm32f10x_usart.o(.text)
    USART_Init                               0x08011e0f   Thumb Code   210  stm32f10x_usart.o(.text)
    USART_StructInit                         0x08011ee1   Thumb Code    24  stm32f10x_usart.o(.text)
    USART_ClockInit                          0x08011ef9   Thumb Code    34  stm32f10x_usart.o(.text)
    USART_ClockStructInit                    0x08011f1b   Thumb Code    12  stm32f10x_usart.o(.text)
    USART_Cmd                                0x08011f27   Thumb Code    24  stm32f10x_usart.o(.text)
    USART_ITConfig                           0x08011f3f   Thumb Code    74  stm32f10x_usart.o(.text)
    USART_DMACmd                             0x08011f89   Thumb Code    18  stm32f10x_usart.o(.text)
    USART_SetAddress                         0x08011f9b   Thumb Code    18  stm32f10x_usart.o(.text)
    USART_WakeUpConfig                       0x08011fad   Thumb Code    18  stm32f10x_usart.o(.text)
    USART_ReceiverWakeUpCmd                  0x08011fbf   Thumb Code    24  stm32f10x_usart.o(.text)
    USART_LINBreakDetectLengthConfig         0x08011fd7   Thumb Code    18  stm32f10x_usart.o(.text)
    USART_LINCmd                             0x08011fe9   Thumb Code    24  stm32f10x_usart.o(.text)
    USART_SendData                           0x08012001   Thumb Code     8  stm32f10x_usart.o(.text)
    USART_ReceiveData                        0x08012009   Thumb Code    10  stm32f10x_usart.o(.text)
    USART_SendBreak                          0x08012013   Thumb Code    10  stm32f10x_usart.o(.text)
    USART_SetGuardTime                       0x0801201d   Thumb Code    16  stm32f10x_usart.o(.text)
    USART_SetPrescaler                       0x0801202d   Thumb Code    16  stm32f10x_usart.o(.text)
    USART_SmartCardCmd                       0x0801203d   Thumb Code    24  stm32f10x_usart.o(.text)
    USART_SmartCardNACKCmd                   0x08012055   Thumb Code    24  stm32f10x_usart.o(.text)
    USART_HalfDuplexCmd                      0x0801206d   Thumb Code    24  stm32f10x_usart.o(.text)
    USART_OverSampling8Cmd                   0x08012085   Thumb Code    22  stm32f10x_usart.o(.text)
    USART_OneBitMethodCmd                    0x0801209b   Thumb Code    24  stm32f10x_usart.o(.text)
    USART_IrDAConfig                         0x080120b3   Thumb Code    18  stm32f10x_usart.o(.text)
    USART_IrDACmd                            0x080120c5   Thumb Code    24  stm32f10x_usart.o(.text)
    USART_GetFlagStatus                      0x080120dd   Thumb Code    26  stm32f10x_usart.o(.text)
    USART_ClearFlag                          0x080120f7   Thumb Code    18  stm32f10x_usart.o(.text)
    USART_GetITStatus                        0x08012109   Thumb Code    84  stm32f10x_usart.o(.text)
    USART_ClearITPendingBit                  0x0801215d   Thumb Code    52  stm32f10x_usart.o(.text)
    I2C_DeInit                               0x08012191   Thumb Code    50  stm32f10x_i2c.o(.text)
    I2C_Init                                 0x080121c3   Thumb Code   222  stm32f10x_i2c.o(.text)
    I2C_StructInit                           0x080122a1   Thumb Code    30  stm32f10x_i2c.o(.text)
    I2C_Cmd                                  0x080122bf   Thumb Code    24  stm32f10x_i2c.o(.text)
    I2C_DMACmd                               0x080122d7   Thumb Code    24  stm32f10x_i2c.o(.text)
    I2C_DMALastTransferCmd                   0x080122ef   Thumb Code    24  stm32f10x_i2c.o(.text)
    I2C_GenerateSTART                        0x08012307   Thumb Code    24  stm32f10x_i2c.o(.text)
    I2C_GenerateSTOP                         0x0801231f   Thumb Code    24  stm32f10x_i2c.o(.text)
    I2C_AcknowledgeConfig                    0x08012337   Thumb Code    24  stm32f10x_i2c.o(.text)
    I2C_OwnAddress2Config                    0x0801234f   Thumb Code    22  stm32f10x_i2c.o(.text)
    I2C_DualAddressCmd                       0x08012365   Thumb Code    24  stm32f10x_i2c.o(.text)
    I2C_GeneralCallCmd                       0x0801237d   Thumb Code    24  stm32f10x_i2c.o(.text)
    I2C_ITConfig                             0x08012395   Thumb Code    18  stm32f10x_i2c.o(.text)
    I2C_SendData                             0x080123a7   Thumb Code     4  stm32f10x_i2c.o(.text)
    I2C_ReceiveData                          0x080123ab   Thumb Code     8  stm32f10x_i2c.o(.text)
    I2C_Send7bitAddress                      0x080123b3   Thumb Code    18  stm32f10x_i2c.o(.text)
    I2C_ReadRegister                         0x080123c5   Thumb Code    22  stm32f10x_i2c.o(.text)
    I2C_SoftwareResetCmd                     0x080123db   Thumb Code    22  stm32f10x_i2c.o(.text)
    I2C_NACKPositionConfig                   0x080123f1   Thumb Code    28  stm32f10x_i2c.o(.text)
    I2C_SMBusAlertConfig                     0x0801240d   Thumb Code    28  stm32f10x_i2c.o(.text)
    I2C_TransmitPEC                          0x08012429   Thumb Code    24  stm32f10x_i2c.o(.text)
    I2C_PECPositionConfig                    0x08012441   Thumb Code    28  stm32f10x_i2c.o(.text)
    I2C_CalculatePEC                         0x0801245d   Thumb Code    24  stm32f10x_i2c.o(.text)
    I2C_GetPEC                               0x08012475   Thumb Code     8  stm32f10x_i2c.o(.text)
    I2C_ARPCmd                               0x0801247d   Thumb Code    24  stm32f10x_i2c.o(.text)
    I2C_StretchClockCmd                      0x08012495   Thumb Code    24  stm32f10x_i2c.o(.text)
    I2C_FastModeDutyCycleConfig              0x080124ad   Thumb Code    28  stm32f10x_i2c.o(.text)
    I2C_CheckEvent                           0x080124c9   Thumb Code    42  stm32f10x_i2c.o(.text)
    I2C_GetLastEvent                         0x080124f3   Thumb Code    26  stm32f10x_i2c.o(.text)
    I2C_GetFlagStatus                        0x0801250d   Thumb Code    58  stm32f10x_i2c.o(.text)
    I2C_ClearFlag                            0x08012547   Thumb Code    12  stm32f10x_i2c.o(.text)
    I2C_GetITStatus                          0x08012553   Thumb Code    54  stm32f10x_i2c.o(.text)
    I2C_ClearITPendingBit                    0x08012589   Thumb Code    12  stm32f10x_i2c.o(.text)
    IWDG_WriteAccessCmd                      0x08012595   Thumb Code     6  stm32f10x_iwdg.o(.text)
    IWDG_SetPrescaler                        0x0801259b   Thumb Code     6  stm32f10x_iwdg.o(.text)
    IWDG_SetReload                           0x080125a1   Thumb Code     6  stm32f10x_iwdg.o(.text)
    IWDG_ReloadCounter                       0x080125a7   Thumb Code    10  stm32f10x_iwdg.o(.text)
    IWDG_Enable                              0x080125b1   Thumb Code    10  stm32f10x_iwdg.o(.text)
    IWDG_GetFlagStatus                       0x080125bb   Thumb Code    20  stm32f10x_iwdg.o(.text)
    ADC_DeInit                               0x080125d5   Thumb Code    78  stm32f10x_adc.o(.text)
    ADC_Init                                 0x08012623   Thumb Code    70  stm32f10x_adc.o(.text)
    ADC_StructInit                           0x08012669   Thumb Code    18  stm32f10x_adc.o(.text)
    ADC_Cmd                                  0x0801267b   Thumb Code    22  stm32f10x_adc.o(.text)
    ADC_DMACmd                               0x08012691   Thumb Code    22  stm32f10x_adc.o(.text)
    ADC_ITConfig                             0x080126a7   Thumb Code    24  stm32f10x_adc.o(.text)
    ADC_ResetCalibration                     0x080126bf   Thumb Code    10  stm32f10x_adc.o(.text)
    ADC_GetResetCalibrationStatus            0x080126c9   Thumb Code    20  stm32f10x_adc.o(.text)
    ADC_StartCalibration                     0x080126dd   Thumb Code    10  stm32f10x_adc.o(.text)
    ADC_GetCalibrationStatus                 0x080126e7   Thumb Code    20  stm32f10x_adc.o(.text)
    ADC_SoftwareStartConvCmd                 0x080126fb   Thumb Code    22  stm32f10x_adc.o(.text)
    ADC_GetSoftwareStartConvStatus           0x08012711   Thumb Code    20  stm32f10x_adc.o(.text)
    ADC_DiscModeChannelCountConfig           0x08012725   Thumb Code    24  stm32f10x_adc.o(.text)
    ADC_DiscModeCmd                          0x0801273d   Thumb Code    22  stm32f10x_adc.o(.text)
    ADC_RegularChannelConfig                 0x08012753   Thumb Code   184  stm32f10x_adc.o(.text)
    ADC_ExternalTrigConvCmd                  0x0801280b   Thumb Code    22  stm32f10x_adc.o(.text)
    ADC_GetConversionValue                   0x08012821   Thumb Code     8  stm32f10x_adc.o(.text)
    ADC_GetDualModeConversionValue           0x08012829   Thumb Code     8  stm32f10x_adc.o(.text)
    ADC_AutoInjectedConvCmd                  0x08012831   Thumb Code    22  stm32f10x_adc.o(.text)
    ADC_InjectedDiscModeCmd                  0x08012847   Thumb Code    22  stm32f10x_adc.o(.text)
    ADC_ExternalTrigInjectedConvConfig       0x0801285d   Thumb Code    16  stm32f10x_adc.o(.text)
    ADC_ExternalTrigInjectedConvCmd          0x0801286d   Thumb Code    22  stm32f10x_adc.o(.text)
    ADC_SoftwareStartInjectedConvCmd         0x08012883   Thumb Code    22  stm32f10x_adc.o(.text)
    ADC_GetSoftwareStartInjectedConvCmdStatus 0x08012899   Thumb Code    20  stm32f10x_adc.o(.text)
    ADC_InjectedChannelConfig                0x080128ad   Thumb Code   130  stm32f10x_adc.o(.text)
    ADC_InjectedSequencerLengthConfig        0x0801292f   Thumb Code    24  stm32f10x_adc.o(.text)
    ADC_SetInjectedOffset                    0x08012947   Thumb Code    20  stm32f10x_adc.o(.text)
    ADC_GetInjectedConversionValue           0x0801295b   Thumb Code    28  stm32f10x_adc.o(.text)
    ADC_AnalogWatchdogCmd                    0x08012977   Thumb Code    16  stm32f10x_adc.o(.text)
    ADC_AnalogWatchdogThresholdsConfig       0x08012987   Thumb Code     6  stm32f10x_adc.o(.text)
    ADC_AnalogWatchdogSingleChannelConfig    0x0801298d   Thumb Code    16  stm32f10x_adc.o(.text)
    ADC_TempSensorVrefintCmd                 0x0801299d   Thumb Code    64  stm32f10x_adc.o(.text)
    ADC_GetFlagStatus                        0x080129dd   Thumb Code    18  stm32f10x_adc.o(.text)
    ADC_ClearFlag                            0x080129ef   Thumb Code     6  stm32f10x_adc.o(.text)
    ADC_GetITStatus                          0x080129f5   Thumb Code    36  stm32f10x_adc.o(.text)
    ADC_ClearITPendingBit                    0x08012a19   Thumb Code    10  stm32f10x_adc.o(.text)
    data_send                                0x08012a25   Thumb Code   338  main.o(.text)
    DHCP_get_IP                              0x08012b77   Thumb Code   160  main.o(.text)
    Ethernet_init                            0x08012c17   Thumb Code   118  main.o(.text)
    pm_reset                                 0x08012c8d   Thumb Code    48  main.o(.text)
    main                                     0x08012cbd   Thumb Code  1376  main.o(.text)
    NMI_Handler                              0x08013369   Thumb Code     2  stm32f10x_it.o(.text)
    HardFault_Handler                        0x0801336b   Thumb Code     4  stm32f10x_it.o(.text)
    MemManage_Handler                        0x0801336f   Thumb Code     4  stm32f10x_it.o(.text)
    BusFault_Handler                         0x08013373   Thumb Code     4  stm32f10x_it.o(.text)
    UsageFault_Handler                       0x08013377   Thumb Code     4  stm32f10x_it.o(.text)
    SVC_Handler                              0x0801337b   Thumb Code     2  stm32f10x_it.o(.text)
    DebugMon_Handler                         0x0801337d   Thumb Code     2  stm32f10x_it.o(.text)
    PendSV_Handler                           0x0801337f   Thumb Code     2  stm32f10x_it.o(.text)
    SysTick_Handler                          0x08013381   Thumb Code     2  stm32f10x_it.o(.text)
    TIM2_IRQHandler                          0x08013383   Thumb Code    26  stm32f10x_it.o(.text)
    SPI_FLASH_Init                           0x0801339d   Thumb Code   256  bsp_spi_flash.o(.text)
    SPI_FLASH_SendByte                       0x0801349d   Thumb Code    50  bsp_spi_flash.o(.text)
    TIM2_NVIC_Configuration                  0x080134dd   Thumb Code    42  bsp_timbase.o(.text)
    TIM2_Configuration                       0x08013507   Thumb Code    80  bsp_timbase.o(.text)
    I2C_EE_Init                              0x080135db   Thumb Code    18  bsp_i2c_ee.o(.text)
    I2C_EE_ByteWrite                         0x080135fd   Thumb Code   226  bsp_i2c_ee.o(.text)
    I2C_EE_BufferReadx                       0x080136df   Thumb Code   418  bsp_i2c_ee.o(.text)
    I2C_EE_BufferRead                        0x08013881   Thumb Code   502  bsp_i2c_ee.o(.text)
    I2C_EE_WaitEepromStandbyState            0x08013a77   Thumb Code    72  bsp_i2c_ee.o(.text)
    I2C_EE_PageWrite                         0x08013abf   Thumb Code   290  bsp_i2c_ee.o(.text)
    IWDG_Config                              0x08013bf9   Thumb Code    36  bsp_iwdg.o(.text)
    IWDG_Feed                                0x08013c1d   Thumb Code     8  bsp_iwdg.o(.text)
    JumpToIAP                                0x08013c25   Thumb Code    42  iap_bootload.o(.text)
    OTA_JUMP_SCOP                            0x08013c4f   Thumb Code    98  iap_bootload.o(.text)
    OTA_Init                                 0x08013cb1   Thumb Code    20  iap_bootload.o(.text)
    Clear_wifi_password                      0x08013cc5   Thumb Code    92  iap_bootload.o(.text)
    Modify_Server_IP                         0x08013d21   Thumb Code   236  iap_bootload.o(.text)
    Modify_Server_IP_USART1                  0x08013e0d   Thumb Code   218  iap_bootload.o(.text)
    USART1_INIT                              0x0801407d   Thumb Code   160  bsp_usart.o(.text)
    USART1_IRQHandler                        0x0801411d   Thumb Code    36  bsp_usart.o(.text)
    fputc                                    0x08014141   Thumb Code    32  bsp_usart.o(.text)
    fgetc                                    0x08014161   Thumb Code    26  bsp_usart.o(.text)
    USART2_INIT                              0x0801417b   Thumb Code   148  bsp_usart.o(.text)
    USART2_IRQHandler                        0x0801420f   Thumb Code    36  bsp_usart.o(.text)
    USART3_IRQHandler                        0x08014233   Thumb Code    36  bsp_usart.o(.text)
    USART3_INIT                              0x08014257   Thumb Code   160  bsp_usart.o(.text)
    UART4_INIT                               0x080142f7   Thumb Code   140  bsp_usart.o(.text)
    UART5_INIT                               0x08014383   Thumb Code   166  bsp_usart.o(.text)
    ADC1_2_IRQHandler                        0x080144fb   Thumb Code    38  bsp_adc.o(.text)
    max                                      0x08014521   Thumb Code    38  bsp_adc.o(.text)
    noise_test                               0x08014547   Thumb Code   208  bsp_adc.o(.text)
    ADCx_Init                                0x08014617   Thumb Code    12  bsp_adc.o(.text)
    WIFI_Reset                               0x08014659   Thumb Code    30  esp8266.o(.text)
    wifi_send_commandx                       0x08014677   Thumb Code   130  esp8266.o(.text)
    wifi_send_command                        0x080146f9   Thumb Code   142  esp8266.o(.text)
    wifi_send_command_ReadMAC                0x08014787   Thumb Code   158  esp8266.o(.text)
    wifi_send_command_ReadIP                 0x08014825   Thumb Code   198  esp8266.o(.text)
    wifi_send_commandxx                      0x080148eb   Thumb Code   140  esp8266.o(.text)
    wifi_usart2_send                         0x08014977   Thumb Code    44  esp8266.o(.text)
    wifi_init_reconnect                      0x080149a3   Thumb Code   578  esp8266.o(.text)
    wifi_send_data                           0x08014be5   Thumb Code   124  esp8266.o(.text)
    wifi_disconnect                          0x08014c61   Thumb Code    26  esp8266.o(.text)
    wifi_connect                             0x08014c7b   Thumb Code    40  esp8266.o(.text)
    wifi_init                                0x08014ca3   Thumb Code   322  esp8266.o(.text)
    ssid_password_jiequ                      0x08014de5   Thumb Code   128  esp8266.o(.text)
    smartconfig                              0x08014e65   Thumb Code   720  esp8266.o(.text)
    smartconfig_IRQ                          0x08015151   Thumb Code    58  bsp_key.o(.text)
    EXTI15_10_IRQHandler                     0x0801518b   Thumb Code   538  bsp_key.o(.text)
    EXTI_Key_Config                          0x080153cf   Thumb Code    76  bsp_key.o(.text)
    write_config_to_eeprom                   0x080154f9   Thumb Code    10  w5500_conf.o(.text)
    read_config_from_eeprom                  0x08015503   Thumb Code    10  w5500_conf.o(.text)
    set_w5500_ip                             0x0801550d   Thumb Code   334  w5500_conf.o(.text)
    set_w5500_mac                            0x0801565b   Thumb Code    32  w5500_conf.o(.text)
    gpio_for_w5500_config                    0x0801567b   Thumb Code    18  w5500_conf.o(.text)
    wiz_cs                                   0x0801568d   Thumb Code    30  w5500_conf.o(.text)
    iinchip_csoff                            0x080156ab   Thumb Code    10  w5500_conf.o(.text)
    iinchip_cson                             0x080156b5   Thumb Code    10  w5500_conf.o(.text)
    reset_w5500                              0x080156bf   Thumb Code    38  w5500_conf.o(.text)
    IINCHIP_SpiSendData                      0x080156e5   Thumb Code    12  w5500_conf.o(.text)
    IINCHIP_WRITE                            0x080156f1   Thumb Code    50  w5500_conf.o(.text)
    IINCHIP_READ                             0x08015723   Thumb Code    50  w5500_conf.o(.text)
    wiz_write_buf                            0x08015755   Thumb Code    80  w5500_conf.o(.text)
    wiz_read_buf                             0x080157a5   Thumb Code    78  w5500_conf.o(.text)
    timer2_init                              0x080157f3   Thumb Code    20  w5500_conf.o(.text)
    dhcp_timer_init                          0x08015807   Thumb Code     8  w5500_conf.o(.text)
    ntp_timer_init                           0x0801580f   Thumb Code     8  w5500_conf.o(.text)
    timer2_isr                               0x08015817   Thumb Code    46  w5500_conf.o(.text)
    reboot                                   0x08015845   Thumb Code    18  w5500_conf.o(.text)
    setMR                                    0x080159e5   Thumb Code    14  w5500.o(.text)
    iinchip_init                             0x080159f3   Thumb Code    10  w5500.o(.text)
    getIINCHIP_RxMAX                         0x080159fd   Thumb Code    10  w5500.o(.text)
    getIINCHIP_TxMAX                         0x08015a07   Thumb Code    10  w5500.o(.text)
    setGAR                                   0x08015a11   Thumb Code    16  w5500.o(.text)
    getGAR                                   0x08015a21   Thumb Code    16  w5500.o(.text)
    setSUBR                                  0x08015a31   Thumb Code    18  w5500.o(.text)
    setSHAR                                  0x08015a43   Thumb Code    18  w5500.o(.text)
    setSIPR                                  0x08015a55   Thumb Code    18  w5500.o(.text)
    getSUBR                                  0x08015a67   Thumb Code    18  w5500.o(.text)
    getSHAR                                  0x08015a79   Thumb Code    18  w5500.o(.text)
    getSIPR                                  0x08015a8b   Thumb Code    18  w5500.o(.text)
    getIR                                    0x08015a9d   Thumb Code    12  w5500.o(.text)
    setRTR                                   0x08015aa9   Thumb Code    26  w5500.o(.text)
    setRCR                                   0x08015ac3   Thumb Code    16  w5500.o(.text)
    clearIR                                  0x08015ad3   Thumb Code    26  w5500.o(.text)
    setSn_MSS                                0x08015aed   Thumb Code    36  w5500.o(.text)
    setSn_TTL                                0x08015b11   Thumb Code    22  w5500.o(.text)
    getSn_IR                                 0x08015b27   Thumb Code    18  w5500.o(.text)
    setSn_IR                                 0x08015b39   Thumb Code    22  w5500.o(.text)
    getSn_SR                                 0x08015b4f   Thumb Code    18  w5500.o(.text)
    getSn_TX_FSR                             0x08015b61   Thumb Code    84  w5500.o(.text)
    getSn_RX_RSR                             0x08015bb5   Thumb Code    84  w5500.o(.text)
    send_data_processing                     0x08015c09   Thumb Code   116  w5500.o(.text)
    recv_data_processing                     0x08015c7d   Thumb Code   116  w5500.o(.text)
    socket_buf_init                          0x08015cf1   Thumb Code   128  w5500.o(.text)
    close                                    0x08015db9   Thumb Code    52  socket.o(.text)
    socket                                   0x08015ded   Thumb Code   192  socket.o(.text)
    listen                                   0x08015ead   Thumb Code    62  socket.o(.text)
    connect                                  0x08015eeb   Thumb Code   248  socket.o(.text)
    disconnect                               0x08015fe3   Thumb Code    38  socket.o(.text)
    send                                     0x08016009   Thumb Code   216  socket.o(.text)
    recv                                     0x080160e1   Thumb Code    66  socket.o(.text)
    sendto                                   0x08016123   Thumb Code   268  socket.o(.text)
    recvfrom                                 0x0801622f   Thumb Code   510  socket.o(.text)
    systick_init                             0x08016445   Thumb Code    56  utility.o(.text)
    delay_ms                                 0x0801647d   Thumb Code    56  utility.o(.text)
    delay_s                                  0x080164b5   Thumb Code    22  utility.o(.text)
    delay_us                                 0x080164cb   Thumb Code    56  utility.o(.text)
    c2d                                      0x08016503   Thumb Code    54  utility.o(.text)
    atoi16                                   0x08016539   Thumb Code    32  utility.o(.text)
    atoi32                                   0x08016559   Thumb Code    32  utility.o(.text)
    itoa                                     0x08016579   Thumb Code    64  utility.o(.text)
    validatoi                                0x080165b9   Thumb Code    72  utility.o(.text)
    replacetochar                            0x08016601   Thumb Code    26  utility.o(.text)
    swaps                                    0x0801661b   Thumb Code    14  utility.o(.text)
    swapl                                    0x08016629   Thumb Code    28  utility.o(.text)
    mid                                      0x08016645   Thumb Code    68  utility.o(.text)
    inet_addr_                               0x08016689   Thumb Code    90  utility.o(.text)
    inet_ntoa                                0x080166e3   Thumb Code    40  utility.o(.text)
    inet_ntoa_pad                            0x0801670b   Thumb Code    40  utility.o(.text)
    verify_ip_address                        0x08016733   Thumb Code   116  utility.o(.text)
    htons                                    0x080167a7   Thumb Code    12  utility.o(.text)
    htonl                                    0x080167b3   Thumb Code    12  utility.o(.text)
    ntohs                                    0x080167bf   Thumb Code    12  utility.o(.text)
    ntohl                                    0x080167cb   Thumb Code    12  utility.o(.text)
    checksum                                 0x080167d7   Thumb Code    76  utility.o(.text)
    check_dest_in_local                      0x08016823   Thumb Code   116  utility.o(.text)
    reset_DHCP_time                          0x08016899   Thumb Code    28  dhcp.o(.text)
    send_DHCP_DISCOVER                       0x080168b5   Thumb Code   680  dhcp.o(.text)
    send_DHCP_REQUEST                        0x08016b5d   Thumb Code  1030  dhcp.o(.text)
    send_DHCP_RELEASE_DECLINE                0x08016f63   Thumb Code   674  dhcp.o(.text)
    parseDHCPMSG                             0x08017205   Thumb Code   326  dhcp.o(.text)
    check_DHCP_Timeout                       0x0801734b   Thumb Code   110  dhcp.o(.text)
    check_leasedIP                           0x080173b9   Thumb Code    38  dhcp.o(.text)
    check_DHCP_state                         0x080173df   Thumb Code   418  dhcp.o(.text)
    DHCP_timer_handler                       0x08017581   Thumb Code    36  dhcp.o(.text)
    init_dhcp_client                         0x080175a5   Thumb Code   104  dhcp.o(.text)
    do_dhcp                                  0x0801760d   Thumb Code   116  dhcp.o(.text)
    Buffercmp                                0x08017721   Thumb Code    36  flash.o(.text)
    SPI2_FLASH_SendByte                      0x08017755   Thumb Code   110  flash.o(.text)
    SPI_FLASH_BufferRead                     0x080177c3   Thumb Code    80  flash.o(.text)
    SPI_FLASH_WaitForWriteEnd                0x08017813   Thumb Code    50  flash.o(.text)
    SPI_FLASH_WriteEnable                    0x08017845   Thumb Code    30  flash.o(.text)
    SPI_FLASH_PageWrite                      0x08017863   Thumb Code   102  flash.o(.text)
    SPI_FLASH_BufferWrite                    0x080178c9   Thumb Code   290  flash.o(.text)
    SPI_FLASH_SectorErase                    0x080179eb   Thumb Code    66  flash.o(.text)
    SPI_FLASH_ReadID                         0x08017a2d   Thumb Code    78  flash.o(.text)
    SPI_FLASH_ReadDeviceID                   0x08017a7b   Thumb Code    60  flash.o(.text)
    Flash_Write_SSID_Password                0x08017ab7   Thumb Code   406  flash.o(.text)
    Flash_Write                              0x08017c4d   Thumb Code    44  flash.o(.text)
    Flash_Writex                             0x08017c79   Thumb Code    12  flash.o(.text)
    Flash_Readx                              0x08017c85   Thumb Code    86  flash.o(.text)
    Flash_Read_MAC                           0x08017cdb   Thumb Code    24  flash.o(.text)
    Flash_Read                               0x08017cf3   Thumb Code    72  flash.o(.text)
    Flash_Write_Serve_IP_Port                0x08017d3b   Thumb Code    84  flash.o(.text)
    Flash_Read_Serve_IP_Port                 0x08017d8f   Thumb Code    44  flash.o(.text)
    Write_smartconfig_flag                   0x08017dbb   Thumb Code    24  flash.o(.text)
    Read_smartconfig_flag                    0x08017dd3   Thumb Code    24  flash.o(.text)
    Write_Key_reset_flag                     0x08017deb   Thumb Code    24  flash.o(.text)
    Read_Key_reset_flag                      0x08017e03   Thumb Code    24  flash.o(.text)
    Ethernet_Write_flag                      0x08017e1b   Thumb Code    24  flash.o(.text)
    Ethernet_Read_flag                       0x08017e33   Thumb Code    32  flash.o(.text)
    SPI2_FLASH_Init                          0x08017e53   Thumb Code   190  flash.o(.text)
    SPI_FLASH_BulkErase                      0x08017f11   Thumb Code    38  flash.o(.text)
    SPI_FLASH_StartReadSequence              0x08017f37   Thumb Code    44  flash.o(.text)
    SPI_FLASH_ReadByte                       0x08017f63   Thumb Code    10  flash.o(.text)
    SPI_FLASH_SendHalfWord                   0x08017f6d   Thumb Code   712  flash.o(.text)
    SPI_Flash_PowerDown                      0x08018235   Thumb Code    30  flash.o(.text)
    SPI_Flash_WAKEUP                         0x08018253   Thumb Code    30  flash.o(.text)
    Power_Status_Read                        0x0801827d   Thumb Code    76  bq24259.o(.text)
    Power_Manage_Init                        0x080182c9   Thumb Code    84  bq24259.o(.text)
    FunCheckSum                              0x08018359   Thumb Code    38  co.o(.text)
    CO_Read                                  0x0801837f   Thumb Code    64  co.o(.text)
    CO_Return                                0x080183bf   Thumb Code    40  co.o(.text)
    UART5_IRQHandler                         0x080183e7   Thumb Code    60  co.o(.text)
    CO2_INIT                                 0x0801843d   Thumb Code   144  co2.o(.text)
    VO2_Return                               0x080184cd   Thumb Code     6  co2.o(.text)
    CO2_Read                                 0x080184d3   Thumb Code    68  co2.o(.text)
    VO2_Read                                 0x08018517   Thumb Code    34  co2.o(.text)
    CO2_Return                               0x08018539   Thumb Code     6  co2.o(.text)
    LED_GPIO_Config                          0x08018571   Thumb Code   474  bsp_led.o(.text)
    LED_All_OFF                              0x0801874b   Thumb Code    92  bsp_led.o(.text)
    kaiji_LED                                0x080187a7   Thumb Code   190  bsp_led.o(.text)
    smartconfig_LED                          0x08018865   Thumb Code   178  bsp_led.o(.text)
    smartconfig_OK_LED                       0x08018917   Thumb Code   244  bsp_led.o(.text)
    flash_green_LED                          0x08018a0b   Thumb Code   138  bsp_led.o(.text)
    flash_red_LED                            0x08018a95   Thumb Code   134  bsp_led.o(.text)
    system_reset_LED                         0x08018b1b   Thumb Code   198  bsp_led.o(.text)
    LED_All_ON                               0x08018be1   Thumb Code    92  bsp_led.o(.text)
    Green_Red_LED_ON                         0x08018c3d   Thumb Code    64  bsp_led.o(.text)
    Green_Red_LED_OFF                        0x08018c7d   Thumb Code    64  bsp_led.o(.text)
    Blue_LED_ON                              0x08018cbd   Thumb Code    92  bsp_led.o(.text)
    Blue_LED_OFF                             0x08018d19   Thumb Code     8  bsp_led.o(.text)
    Green_LED_ON                             0x08018d21   Thumb Code    92  bsp_led.o(.text)
    Green_LED_OFF                            0x08018d7d   Thumb Code    20  bsp_led.o(.text)
    Red_LED_ON                               0x08018d91   Thumb Code    92  bsp_led.o(.text)
    Red_LED_OFF                              0x08018ded   Thumb Code     8  bsp_led.o(.text)
    pm25_reset_sw                            0x08018e01   Thumb Code    50  pm25.o(.text)
    pm_reset_hd                              0x08018e33   Thumb Code    68  pm25.o(.text)
    PM25_Init                                0x08018e77   Thumb Code    54  pm25.o(.text)
    enable_5v                                0x08018ead   Thumb Code    46  pm25.o(.text)
    PM25_Read                                0x08018edb   Thumb Code    12  pm25.o(.text)
    Dust_Read                                0x08018ee7   Thumb Code     6  pm25.o(.text)
    Dust_Return                              0x08018eed   Thumb Code     6  pm25.o(.text)
    Filter                                   0x08018ef3   Thumb Code    48  pm25.o(.text)
    UART4_IRQHandler                         0x08018f23   Thumb Code   362  pm25.o(.text)
    Team_Return                              0x080190f5   Thumb Code   218  team_huy.o(.text)
    Huy_Return                               0x080191cf   Thumb Code   294  team_huy.o(.text)
    TSL2561_Config                           0x0801937d   Thumb Code    50  tsl2561.o(.text)
    TSL2561_Config_2                         0x080193af   Thumb Code    46  tsl2561.o(.text)
    TSL2561_INIT_2                           0x080193dd   Thumb Code    46  tsl2561.o(.text)
    TSL2561_Read_2                           0x0801940b   Thumb Code    78  tsl2561.o(.text)
    TSL2561_CalculateLux                     0x08019459   Thumb Code   632  tsl2561.o(.text)
    GZ_Calculate                             0x080196d1   Thumb Code    54  tsl2561.o(.text)
    TSL2561_ReturnL2                         0x08019707   Thumb Code    84  tsl2561.o(.text)
    TSL2561_INIT                             0x0801975b   Thumb Code   142  tsl2561.o(.text)
    TSL2561_Read                             0x080197e9   Thumb Code    78  tsl2561.o(.text)
    TSL2561_ReturnL1                         0x08019837   Thumb Code    84  tsl2561.o(.text)
    __aeabi_memset                           0x080198b1   Thumb Code    14  memseta.o(.text)
    __aeabi_memset4                          0x080198b1   Thumb Code     0  memseta.o(.text)
    __aeabi_memset8                          0x080198b1   Thumb Code     0  memseta.o(.text)
    __aeabi_memclr                           0x080198bf   Thumb Code     4  memseta.o(.text)
    __aeabi_memclr4                          0x080198bf   Thumb Code     0  memseta.o(.text)
    __aeabi_memclr8                          0x080198bf   Thumb Code     0  memseta.o(.text)
    _memset$wrapper                          0x080198c3   Thumb Code    18  memseta.o(.text)
    strcat                                   0x080198d5   Thumb Code    24  strcat.o(.text)
    strstr                                   0x080198ed   Thumb Code    36  strstr.o(.text)
    strncpy                                  0x08019911   Thumb Code    24  strncpy.o(.text)
    strlen                                   0x08019929   Thumb Code    14  strlen.o(.text)
    memcmp                                   0x08019937   Thumb Code    26  memcmp.o(.text)
    strcpy                                   0x08019951   Thumb Code    18  strcpy.o(.text)
    strtok                                   0x08019965   Thumb Code    62  strtok.o(.text)
    __aeabi_dadd                             0x080199a9   Thumb Code   322  dadd.o(.text)
    __aeabi_dsub                             0x08019aeb   Thumb Code     6  dadd.o(.text)
    __aeabi_drsub                            0x08019af1   Thumb Code     6  dadd.o(.text)
    __aeabi_dmul                             0x08019af7   Thumb Code   228  dmul.o(.text)
    __aeabi_ddiv                             0x08019bdb   Thumb Code   222  ddiv.o(.text)
    __aeabi_i2f                              0x08019cb9   Thumb Code    18  fflti.o(.text)
    __aeabi_ui2f                             0x08019ccb   Thumb Code    10  ffltui.o(.text)
    __aeabi_i2d                              0x08019cd5   Thumb Code    34  dflti.o(.text)
    __aeabi_f2iz                             0x08019cf7   Thumb Code    50  ffixi.o(.text)
    __aeabi_f2uiz                            0x08019d29   Thumb Code    40  ffixui.o(.text)
    __aeabi_d2iz                             0x08019d51   Thumb Code    62  dfixi.o(.text)
    __aeabi_f2d                              0x08019d8f   Thumb Code    38  f2d.o(.text)
    __aeabi_cdcmpeq                          0x08019db5   Thumb Code     0  cdcmple.o(.text)
    __aeabi_cdcmple                          0x08019db5   Thumb Code    48  cdcmple.o(.text)
    __aeabi_cdrcmple                         0x08019de5   Thumb Code    48  cdrcmple.o(.text)
    __aeabi_d2f                              0x08019e15   Thumb Code    56  d2f.o(.text)
    __aeabi_cfcmpeq                          0x08019e4d   Thumb Code     0  cfcmple.o(.text)
    __aeabi_cfcmple                          0x08019e4d   Thumb Code    20  cfcmple.o(.text)
    __aeabi_cfrcmple                         0x08019e61   Thumb Code    20  cfrcmple.o(.text)
    __aeabi_uidiv                            0x08019e75   Thumb Code     0  uidiv.o(.text)
    __aeabi_uidivmod                         0x08019e75   Thumb Code    44  uidiv.o(.text)
    __aeabi_uldivmod                         0x08019ea1   Thumb Code    98  uldiv.o(.text)
    __aeabi_llsl                             0x08019f03   Thumb Code    30  llshl.o(.text)
    _ll_shift_l                              0x08019f03   Thumb Code     0  llshl.o(.text)
    __aeabi_llsr                             0x08019f21   Thumb Code    32  llushr.o(.text)
    _ll_ushift_r                             0x08019f21   Thumb Code     0  llushr.o(.text)
    __aeabi_lasr                             0x08019f41   Thumb Code    36  llsshr.o(.text)
    _ll_sshift_r                             0x08019f41   Thumb Code     0  llsshr.o(.text)
    __I$use$fp                               0x08019f65   Thumb Code     0  iusefp.o(.text)
    _float_round                             0x08019f65   Thumb Code    18  fepilogue.o(.text)
    _float_epilogue                          0x08019f77   Thumb Code    92  fepilogue.o(.text)
    _double_round                            0x08019fd3   Thumb Code    30  depilogue.o(.text)
    _double_epilogue                         0x08019ff1   Thumb Code   156  depilogue.o(.text)
    __ARM_scalbn                             0x0801a08d   Thumb Code    46  dscalb.o(.text)
    scalbn                                   0x0801a08d   Thumb Code     0  dscalb.o(.text)
    __aeabi_d2ulz                            0x0801a0bb   Thumb Code    48  dfixul.o(.text)
    __scatterload                            0x0801a0ed   Thumb Code    28  init.o(.text)
    __scatterload_rt2                        0x0801a0ed   Thumb Code     0  init.o(.text)
    __decompress                             0x0801a111   Thumb Code     0  __dczerorl2.o(.text)
    __decompress1                            0x0801a111   Thumb Code    86  __dczerorl2.o(.text)
    __0printf                                0x0801a169   Thumb Code    22  printfa.o(i.__0printf)
    __1printf                                0x0801a169   Thumb Code     0  printfa.o(i.__0printf)
    __2printf                                0x0801a169   Thumb Code     0  printfa.o(i.__0printf)
    __c89printf                              0x0801a169   Thumb Code     0  printfa.o(i.__0printf)
    printf                                   0x0801a169   Thumb Code     0  printfa.o(i.__0printf)
    __0sprintf                               0x0801a189   Thumb Code    34  printfa.o(i.__0sprintf)
    __1sprintf                               0x0801a189   Thumb Code     0  printfa.o(i.__0sprintf)
    __2sprintf                               0x0801a189   Thumb Code     0  printfa.o(i.__0sprintf)
    __c89sprintf                             0x0801a189   Thumb Code     0  printfa.o(i.__0sprintf)
    sprintf                                  0x0801a189   Thumb Code     0  printfa.o(i.__0sprintf)
    __kernel_poly                            0x0801a1b1   Thumb Code   170  poly.o(i.__kernel_poly)
    __mathlib_dbl_divzero                    0x0801a25d   Thumb Code    12  dunder.o(i.__mathlib_dbl_divzero)
    __mathlib_dbl_infnan                     0x0801a26d   Thumb Code     6  dunder.o(i.__mathlib_dbl_infnan)
    __mathlib_dbl_invalid                    0x0801a273   Thumb Code    12  dunder.o(i.__mathlib_dbl_invalid)
    __scatterload_copy                       0x0801a27f   Thumb Code    14  handlers.o(i.__scatterload_copy)
    __scatterload_null                       0x0801a28d   Thumb Code     2  handlers.o(i.__scatterload_null)
    __scatterload_zeroinit                   0x0801a28f   Thumb Code    14  handlers.o(i.__scatterload_zeroinit)
    __set_errno                              0x0801a29d   Thumb Code     6  errno.o(i.__set_errno)
    log                                      0x0801ab45   Thumb Code   808  log.o(i.log)
    __mathlib_zero                           0x0801aed8   Data           8  qnan.o(.constdata)
    Region$$Table$$Base                      0x0801af38   Number         0  anon$$obj.o(Region$$Table)
    Region$$Table$$Limit                     0x0801af58   Number         0  anon$$obj.o(Region$$Table)
    SystemCoreClock                          0x20000000   Data           4  system_stm32f10x.o(.data)
    AHBPrescTable                            0x20000004   Data          16  system_stm32f10x.o(.data)
    cont                                     0x20000028   Data           4  main.o(.data)
    nx                                       0x2000002c   Data           4  main.o(.data)
    con                                      0x20000030   Data           4  main.o(.data)
    tcp                                      0x20000038   Data           8  main.o(.data)
    user_inputcxx                            0x20000040   Data           1  main.o(.data)
    USART_RX_CNT                             0x20000042   Data           2  main.o(.data)
    shebei_flag                              0x20000044   Data           5  main.o(.data)
    shebeiID                                 0x20000049   Data          10  main.o(.data)
    functionType                             0x20000053   Data           2  main.o(.data)
    IP_Adress                                0x20000055   Data          13  main.o(.data)
    Mac_ID                                   0x20000062   Data          18  main.o(.data)
    BanBen                                   0x20000074   Data           4  main.o(.data)
    yuliu1                                   0x20000078   Data           5  main.o(.data)
    yuliu2                                   0x2000007d   Data           6  main.o(.data)
    PM25                                     0x20000088   Data           8  main.o(.data)
    DUST                                     0x20000090   Data           8  main.o(.data)
    dust                                     0x20000098   Data           8  main.o(.data)
    DUST_FC                                  0x200000a0   Data           8  main.o(.data)
    ADC_ConvertedValueLocal                  0x200000a8   Data           4  main.o(.data)
    bx                                       0x200000ac   Data           4  main.o(.data)
    Nose                                     0x200000b0   Data           8  main.o(.data)
    Lux                                      0x200000b8   Data           4  main.o(.data)
    led_cont                                 0x200000bc   Data           1  main.o(.data)
    iwdg                                     0x200000bd   Data           1  main.o(.data)
    iv                                       0x200000be   Data           1  main.o(.data)
    WIFI                                     0x200000bf   Data           1  main.o(.data)
    ethernet                                 0x200000c0   Data           1  main.o(.data)
    ethernet_cont                            0x200000c1   Data           1  main.o(.data)
    stop                                     0x200000c2   Data           1  main.o(.data)
    ivs                                      0x200000c4   Data           4  main.o(.data)
    hexdatax                                 0x200000c8   Data           8  main.o(.data)
    data_send_cont                           0x200000d0   Data           4  main.o(.data)
    gap                                      0x200000d4   Data           4  main.o(.data)
    gap_                                     0x200000d8   Data           4  main.o(.data)
    DUST_10                                  0x200000dc   Data           4  main.o(.data)
    CO                                       0x200000e0   Data           4  main.o(.data)
    EEPROM_ADDRESS                           0x200000e4   Data           2  bsp_i2c_ee.o(.data)
    flag                                     0x200000ec   Data           4  iap_bootload.o(.data)
    ip_cont                                  0x200000f0   Data           4  iap_bootload.o(.data)
    ip_cont_USART                            0x200000f4   Data           4  iap_bootload.o(.data)
    ServerLen                                0x200000f8   Data           4  iap_bootload.o(.data)
    ADC_ConvertedValue                       0x20000100   Data           2  bsp_adc.o(.data)
    n                                        0x20000104   Data           4  bsp_adc.o(.data)
    cx                                       0x20000108   Data           4  bsp_adc.o(.data)
    d                                        0x20000110   Data           8  bsp_adc.o(.data)
    maxNoise1                                0x20000118   Data           8  bsp_adc.o(.data)
    ADC                                      0x20000120   Data           4  bsp_adc.o(.data)
    AT_StaID                                 0x20000124   Data          12  esp8266.o(.data)
    AT_StaSe                                 0x20000130   Data          13  esp8266.o(.data)
    AT_Socket                                0x2000013d   Data          25  esp8266.o(.data)
    AT_Port                                  0x20000156   Data           4  esp8266.o(.data)
    ix                                       0x2000015c   Data           4  esp8266.o(.data)
    esp                                      0x20000160   Data           4  esp8266.o(.data)
    jump_flag                                0x20000164   Data           1  esp8266.o(.data)
    smartconfig_off                          0x20000165   Data           1  bsp_key.o(.data)
    OPPEN                                    0x20000166   Data           1  bsp_key.o(.data)
    Key_Set_Status                           0x20000167   Data           1  bsp_key.o(.data)
    system_init_flag                         0x20000168   Data           1  bsp_key.o(.data)
    update_mode_switch                       0x20000169   Data           1  bsp_key.o(.data)
    mac                                      0x2000016c   Data           6  w5500_conf.o(.data)
    local_ip                                 0x20000172   Data           4  w5500_conf.o(.data)
    subnet                                   0x20000176   Data           4  w5500_conf.o(.data)
    gateway                                  0x2000017a   Data           4  w5500_conf.o(.data)
    dns_server                               0x2000017e   Data           4  w5500_conf.o(.data)
    local_port                               0x20000182   Data           2  w5500_conf.o(.data)
    remote_ip                                0x20000184   Data           4  w5500_conf.o(.data)
    remote_port                              0x20000188   Data           2  w5500_conf.o(.data)
    ip_from                                  0x2000018a   Data           1  w5500_conf.o(.data)
    dhcp_ok                                  0x2000018b   Data           1  w5500_conf.o(.data)
    ms                                       0x2000018c   Data           4  w5500_conf.o(.data)
    dhcp_time                                0x20000190   Data           4  w5500_conf.o(.data)
    ntptimer                                 0x20000194   Data           1  w5500_conf.o(.data)
    txsize                                   0x20000195   Data           8  w5500.o(.data)
    rxsize                                   0x2000019d   Data           8  w5500.o(.data)
    init                                     0x200001ac   Data           4  dhcp.o(.data)
    SRC_MAC_ADDR                             0x200001b0   Data           4  dhcp.o(.data)
    GET_SN_MASK                              0x200001b4   Data           4  dhcp.o(.data)
    GET_GW_IP                                0x200001b8   Data           4  dhcp.o(.data)
    GET_DNS_IP                               0x200001bc   Data           4  dhcp.o(.data)
    DHCP_HOST_NAME                           0x200001c0   Data           4  dhcp.o(.data)
    GET_SIP                                  0x200001c4   Data           4  dhcp.o(.data)
    DHCP_SIP                                 0x200001c8   Data           4  dhcp.o(.data)
    DHCP_REAL_SIP                            0x200001cc   Data           4  dhcp.o(.data)
    OLD_SIP                                  0x200001d0   Data           4  dhcp.o(.data)
    dhcp_state                               0x200001d4   Data           1  dhcp.o(.data)
    dhcp_retry_count                         0x200001d5   Data           1  dhcp.o(.data)
    DHCP_timeout                             0x200001d6   Data           1  dhcp.o(.data)
    dhcp_lease_time                          0x200001d8   Data           4  dhcp.o(.data)
    next_dhcp_time                           0x200001dc   Data           4  dhcp.o(.data)
    dhcp_tick_cnt                            0x200001e0   Data           4  dhcp.o(.data)
    DHCP_timer                               0x200001e4   Data           1  dhcp.o(.data)
    Conflict_flag                            0x200001e5   Data           1  dhcp.o(.data)
    DHCP_XID                                 0x200001e8   Data           4  dhcp.o(.data)
    pRIPMSG                                  0x200001ec   Data           4  dhcp.o(.data)
    Tx_Buffer                                0x200001f0   Data          29  flash.o(.data)
    smartconfig_flag                         0x20000214   Data          11  flash.o(.data)
    Key_flag                                 0x2000021f   Data           8  flash.o(.data)
    APP_FLAG                                 0x20000227   Data          10  flash.o(.data)
    APP_FLAGx                                0x20000231   Data          16  flash.o(.data)
    IP                                       0x20000241   Data          13  flash.o(.data)
    Port                                     0x2000024e   Data           7  flash.o(.data)
    DeviceID                                 0x20000258   Data           4  flash.o(.data)
    FlashID                                  0x2000025c   Data           4  flash.o(.data)
    TransferStatus1                          0x20000260   Data           1  flash.o(.data)
    Ethernet                                 0x20000261   Data           9  flash.o(.data)
    i                                        0x2000026c   Data           4  bq24259.o(.data)
    input_source_control                     0x20000270   Data           1  bq24259.o(.data)
    input_source_control1                    0x20000271   Data           1  bq24259.o(.data)
    power_on_control                         0x20000272   Data           1  bq24259.o(.data)
    charge_current_control                   0x20000273   Data           1  bq24259.o(.data)
    pre_charge_termination_control           0x20000274   Data           1  bq24259.o(.data)
    charge_voltage_control                   0x20000275   Data           1  bq24259.o(.data)
    charge_termination_timer_control         0x20000276   Data           1  bq24259.o(.data)
    boost_voltage_thermal_regulation_control 0x20000277   Data           1  bq24259.o(.data)
    misc_operation_control                   0x20000278   Data           1  bq24259.o(.data)
    Buffer_Read_Status                       0x20000279   Data           3  bq24259.o(.data)
    s                                        0x2000027c   Data           4  co.o(.data)
    USART_REC_LENX                           0x20000280   Data           1  co.o(.data)
    CO_Value                                 0x20000284   Data           4  co.o(.data)
    I2c_Buf_CO2                              0x20000288   Data           4  co2.o(.data)
    I2c_Buf_VO2                              0x2000028c   Data           4  co2.o(.data)
    I2c_Buf_Write1                           0x20000290   Data           1  co2.o(.data)
    I2c_Buf_Readx                            0x20000291   Data           1  co2.o(.data)
    I2c_Buf_Write2                           0x20000292   Data           1  co2.o(.data)
    shuzu                                    0x20000294   Data          48  pm25.o(.data)
    hexdata                                  0x200002c4   Data           7  pm25.o(.data)
    USART_REC_LEN                            0x200002cb   Data           1  pm25.o(.data)
    pm_rateH                                 0x200002cc   Data           1  pm25.o(.data)
    pm_rateL                                 0x200002cd   Data           1  pm25.o(.data)
    pm_rate                                  0x200002d0   Data           4  pm25.o(.data)
    pm_ratex                                 0x200002d4   Data           4  pm25.o(.data)
    c                                        0x200002d8   Data           4  pm25.o(.data)
    hx                                       0x200002dc   Data           4  pm25.o(.data)
    flag_stop                                0x200002e0   Data           1  pm25.o(.data)
    dust_value                               0x200002e4   Data           4  pm25.o(.data)
    Y0                                       0x200002e8   Data           4  team_huy.o(.data)
    Y1                                       0x200002ec   Data           4  team_huy.o(.data)
    Y2                                       0x200002f0   Data           4  team_huy.o(.data)
    Y3                                       0x200002f4   Data           4  team_huy.o(.data)
    Y                                        0x200002f8   Data           8  team_huy.o(.data)
    Y_out1                                   0x20000300   Data           8  team_huy.o(.data)
    Y_out2                                   0x20000308   Data           8  team_huy.o(.data)
    Y_                                       0x20000310   Data           8  team_huy.o(.data)
    X0                                       0x20000318   Data           4  team_huy.o(.data)
    X1                                       0x2000031c   Data           4  team_huy.o(.data)
    X                                        0x20000320   Data           4  team_huy.o(.data)
    X_out                                    0x20000324   Data           4  team_huy.o(.data)
    X_                                       0x20000328   Data           4  team_huy.o(.data)
    chScale                                  0x2000032c   Data           4  tsl2561.o(.data)
    channel1                                 0x20000330   Data           4  tsl2561.o(.data)
    channel0                                 0x20000334   Data           4  tsl2561.o(.data)
    ratio1                                   0x20000338   Data           4  tsl2561.o(.data)
    b                                        0x2000033c   Data           4  tsl2561.o(.data)
    m                                        0x20000340   Data           4  tsl2561.o(.data)
    temp                                     0x20000344   Data           4  tsl2561.o(.data)
    lux                                      0x20000348   Data           4  tsl2561.o(.data)
    ratio                                    0x2000034c   Data           4  tsl2561.o(.data)
    I2c_Buf_Write                            0x20000350   Data           1  tsl2561.o(.data)
    I2c_Buf_Write_1                          0x20000351   Data           1  tsl2561.o(.data)
    I2c_Buf_Write_2                          0x20000352   Data           1  tsl2561.o(.data)
    I2c_Buf_Write_3                          0x20000353   Data           1  tsl2561.o(.data)
    I2c_Buf_Read1                            0x20000354   Data           5  tsl2561.o(.data)
    I2c_Buf_Read2                            0x20000359   Data           5  tsl2561.o(.data)
    I2c_Buf_Read3                            0x2000035e   Data           5  tsl2561.o(.data)
    I2c_Buf_Read4                            0x20000363   Data           5  tsl2561.o(.data)
    TXbuffer_4                               0x20000368   Data           4  tsl2561.o(.data)
    TXbuffer_2                               0x2000036c   Data           2  tsl2561.o(.data)
    L1                                       0x20000370   Data           4  tsl2561.o(.data)
    L2                                       0x20000374   Data           4  tsl2561.o(.data)
    CH0                                      0x20000378   Data           4  tsl2561.o(.data)
    CH1                                      0x2000037c   Data           4  tsl2561.o(.data)
    __stdout                                 0x20000384   Data           4  stdout.o(.data)
    socket_tx_buf                            0x20000390   Data         160  main.o(.bss)
    wifi_buf                                 0x20000430   Data         100  main.o(.bss)
    UpgradeOk_code                           0x20000494   Data          30  main.o(.bss)
    Read_IP                                  0x200004b2   Data          30  main.o(.bss)
    cmd                                      0x200004d0   Data          50  main.o(.bss)
    cmdxx                                    0x20000502   Data         100  main.o(.bss)
    test_data                                0x20000568   Data         160  main.o(.bss)
    ReadyUpgrade_code                        0x20000608   Data          30  iap_bootload.o(.bss)
    user_input                               0x20000626   Data        2048  iap_bootload.o(.bss)
    user_inputx                              0x20000e26   Data         200  iap_bootload.o(.bss)
    IP_PASSWORD_Buffer                       0x20000eee   Data          60  iap_bootload.o(.bss)
    Modify_IP_PASSWORD                       0x20000f2a   Data          40  iap_bootload.o(.bss)
    Local_Buffer                             0x20000f52   Data          40  iap_bootload.o(.bss)
    IP_ADDR                                  0x20000f7a   Data          10  iap_bootload.o(.bss)
    PASSWORD                                 0x20000f84   Data          20  iap_bootload.o(.bss)
    Clear_Password_Buffer                    0x20000f98   Data          50  iap_bootload.o(.bss)
    Server_IP                                0x20000fca   Data          30  iap_bootload.o(.bss)
    Server_Port                              0x20000fe8   Data          10  iap_bootload.o(.bss)
    Server_Modify_OK                         0x20000ff2   Data          30  iap_bootload.o(.bss)
    Wifi_Password_Clear_OK                   0x20001010   Data          30  iap_bootload.o(.bss)
    a                                        0x20001030   Data        4000  bsp_adc.o(.bss)
    cmdxxx                                   0x20001fd0   Data          50  esp8266.o(.bss)
    MAC                                      0x20002002   Data          30  esp8266.o(.bss)
    Rx_Buffer                                0x20002020   Data          20  esp8266.o(.bss)
    SSID_Buffer                              0x20002034   Data          30  esp8266.o(.bss)
    Password_Buffer                          0x20002052   Data          30  esp8266.o(.bss)
    Read_IP_Buffer                           0x20002070   Data          30  esp8266.o(.bss)
    Port_Buffer                              0x2000208e   Data          20  esp8266.o(.bss)
    IP_Buffer                                0x200020a2   Data          20  esp8266.o(.bss)
    code_ssid                                0x200020b6   Data          30  esp8266.o(.bss)
    code_password                            0x200020d4   Data          30  esp8266.o(.bss)
    buffer                                   0x200020f2   Data         200  esp8266.o(.bss)
    buffer1                                  0x200021ba   Data         200  esp8266.o(.bss)
    sd                                       0x20002282   Data          30  esp8266.o(.bss)
    pass                                     0x200022a0   Data          30  esp8266.o(.bss)
    espIP_Buffer                             0x200022be   Data          20  esp8266.o(.bss)
    espIP                                    0x200022d2   Data          20  esp8266.o(.bss)
    ConfigMsg                                0x200022e6   Data          28  w5500_conf.o(.bss)
    EEPROM_MSG                               0x20002302   Data          18  w5500_conf.o(.bss)
    SSIZE                                    0x20002314   Data          16  w5500.o(.bss)
    RSIZE                                    0x20002324   Data          16  w5500.o(.bss)
    DHCP_GET                                 0x20002364   Data          22  dhcp.o(.bss)
    EXTERN_DHCPBUF                           0x2000237a   Data        1024  dhcp.o(.bss)
    smartconfig_flag_Buffer                  0x2000277a   Data          10  flash.o(.bss)
    Key_flag_Buffer                          0x20002784   Data          10  flash.o(.bss)
    APP_FLAG_Buffer                          0x2000278e   Data          28  flash.o(.bss)
    APP_FLAG_Bufferx                         0x200027aa   Data          28  flash.o(.bss)
    MAC_ID                                   0x200027c6   Data          30  flash.o(.bss)
    MAC_ID_Buffer                            0x200027e4   Data          28  flash.o(.bss)
    Server_IP_Buffer                         0x20002800   Data          28  flash.o(.bss)
    Server_Port_Buffer                       0x2000281c   Data          28  flash.o(.bss)
    SSID                                     0x20002838   Data          30  flash.o(.bss)
    Password                                 0x20002856   Data          30  flash.o(.bss)
    zhon_zhuan                               0x20002874   Data          20  flash.o(.bss)
    Ethernet_Buffer                          0x20002888   Data          10  flash.o(.bss)
    USART_RX_BUFX                            0x20002892   Data         100  co.o(.bss)
    I2c_Buf_Read1xx                          0x200028f6   Data         256  co2.o(.bss)
    filter_buf                               0x200029f8   Data         112  pm25.o(.bss)
    USART_RX_BUF                             0x20002a68   Data         100  pm25.o(.bss)
    I2c_Buf_Read1x                           0x20002acc   Data         256  team_huy.o(.bss)
    I2c_Buf_Read2x                           0x20002bcc   Data         256  team_huy.o(.bss)
    I2c_Buf_Read3x                           0x20002ccc   Data         256  team_huy.o(.bss)
    I2c_Buf_Read4x                           0x20002dcc   Data        1024  team_huy.o(.bss)
    __initial_sp                             0x200035d0   Data           0  startup_stm32f10x_hd.o(STACK)



==============================================================================

Memory Map of the image

  Image Entry point : 0x08010131

  Load Region LR_IROM1 (Base: 0x08010000, Size: 0x0000b2e4, Max: 0x00080000, ABSOLUTE, COMPRESSED[0x0000b0d4])

    Execution Region ER_IROM1 (Base: 0x08010000, Size: 0x0000af58, Max: 0x00080000, ABSOLUTE)

    Base Addr    Size         Type   Attr      Idx    E Section Name        Object

    0x08010000   0x00000130   Data   RO            3    RESET               startup_stm32f10x_hd.o
    0x08010130   0x00000000   Code   RO         1306  * .ARM.Collect$$$$00000000  mc_w.l(entry.o)
    0x08010130   0x00000004   Code   RO         1637    .ARM.Collect$$$$00000001  mc_w.l(entry2.o)
    0x08010134   0x00000004   Code   RO         1640    .ARM.Collect$$$$00000004  mc_w.l(entry5.o)
    0x08010138   0x00000000   Code   RO         1642    .ARM.Collect$$$$00000008  mc_w.l(entry7b.o)
    0x08010138   0x00000000   Code   RO         1644    .ARM.Collect$$$$0000000A  mc_w.l(entry8b.o)
    0x08010138   0x00000008   Code   RO         1645    .ARM.Collect$$$$0000000B  mc_w.l(entry9a.o)
    0x08010140   0x00000000   Code   RO         1647    .ARM.Collect$$$$0000000D  mc_w.l(entry10a.o)
    0x08010140   0x00000000   Code   RO         1649    .ARM.Collect$$$$0000000F  mc_w.l(entry11a.o)
    0x08010140   0x00000004   Code   RO         1638    .ARM.Collect$$$$00002712  mc_w.l(entry2.o)
    0x08010144   0x00000020   Code   RO           10    .emb_text           core_cm3.o
    0x08010164   0x00000024   Code   RO            4    .text               startup_stm32f10x_hd.o
    0x08010188   0x000001e0   Code   RO           24    .text               system_stm32f10x.o
    0x08010368   0x000000dc   Code   RO          121    .text               misc.o
    0x08010444   0x0000011c   Code   RO          149    .text               stm32f10x_exti.o
    0x08010560   0x0000035c   Code   RO          173    .text               stm32f10x_gpio.o
    0x080108bc   0x000003a4   Code   RO          185    .text               stm32f10x_rcc.o
    0x08010c60   0x0000030c   Code   RO          199    .text               stm32f10x_spi.o
    0x08010f6c   0x00000e1a   Code   RO          211    .text               stm32f10x_tim.o
    0x08011d86   0x00000002   PAD
    0x08011d88   0x00000408   Code   RO          223    .text               stm32f10x_usart.o
    0x08012190   0x00000404   Code   RO          235    .text               stm32f10x_i2c.o
    0x08012594   0x00000040   Code   RO          247    .text               stm32f10x_iwdg.o
    0x080125d4   0x0000044e   Code   RO          259    .text               stm32f10x_adc.o
    0x08012a22   0x00000002   PAD
    0x08012a24   0x00000944   Code   RO          271    .text               main.o
    0x08013368   0x00000034   Code   RO          458    .text               stm32f10x_it.o
    0x0801339c   0x00000140   Code   RO          480    .text               bsp_spi_flash.o
    0x080134dc   0x0000007a   Code   RO          498    .text               bsp_timbase.o
    0x08013556   0x00000002   PAD
    0x08013558   0x000006a0   Code   RO          513    .text               bsp_i2c_ee.o
    0x08013bf8   0x0000002c   Code   RO          531    .text               bsp_iwdg.o
    0x08013c24   0x00000458   Code   RO          546    .text               iap_bootload.o
    0x0801407c   0x000003d4   Code   RO          673    .text               bsp_usart.o
    0x08014450   0x00000208   Code   RO          803    .text               bsp_adc.o
    0x08014658   0x00000af8   Code   RO          826    .text               esp8266.o
    0x08015150   0x000003a8   Code   RO          846    .text               bsp_key.o
    0x080154f8   0x000004ec   Code   RO          865    .text               w5500_conf.o
    0x080159e4   0x000003d4   Code   RO          899    .text               w5500.o
    0x08015db8   0x0000068c   Code   RO          925    .text               socket.o
    0x08016444   0x00000452   Code   RO          953    .text               utility.o
    0x08016896   0x00000002   PAD
    0x08016898   0x00000e88   Code   RO         1015    .text               dhcp.o
    0x08017720   0x00000b5c   Code   RO         1040    .text               flash.o
    0x0801827c   0x000000dc   Code   RO         1160    .text               bq24259.o
    0x08018358   0x000000e4   Code   RO         1182    .text               co.o
    0x0801843c   0x00000134   Code   RO         1198    .text               co2.o
    0x08018570   0x00000890   Code   RO         1224    .text               bsp_led.o
    0x08018e00   0x000002f4   Code   RO         1236    .text               pm25.o
    0x080190f4   0x00000288   Code   RO         1259    .text               team_huy.o
    0x0801937c   0x00000534   Code   RO         1281    .text               tsl2561.o
    0x080198b0   0x00000024   Code   RO         1309    .text               mc_w.l(memseta.o)
    0x080198d4   0x00000018   Code   RO         1311    .text               mc_w.l(strcat.o)
    0x080198ec   0x00000024   Code   RO         1313    .text               mc_w.l(strstr.o)
    0x08019910   0x00000018   Code   RO         1315    .text               mc_w.l(strncpy.o)
    0x08019928   0x0000000e   Code   RO         1317    .text               mc_w.l(strlen.o)
    0x08019936   0x0000001a   Code   RO         1319    .text               mc_w.l(memcmp.o)
    0x08019950   0x00000012   Code   RO         1321    .text               mc_w.l(strcpy.o)
    0x08019962   0x00000002   PAD
    0x08019964   0x00000044   Code   RO         1323    .text               mc_w.l(strtok.o)
    0x080199a8   0x0000014e   Code   RO         1590    .text               mf_w.l(dadd.o)
    0x08019af6   0x000000e4   Code   RO         1592    .text               mf_w.l(dmul.o)
    0x08019bda   0x000000de   Code   RO         1594    .text               mf_w.l(ddiv.o)
    0x08019cb8   0x00000012   Code   RO         1596    .text               mf_w.l(fflti.o)
    0x08019cca   0x0000000a   Code   RO         1598    .text               mf_w.l(ffltui.o)
    0x08019cd4   0x00000022   Code   RO         1600    .text               mf_w.l(dflti.o)
    0x08019cf6   0x00000032   Code   RO         1602    .text               mf_w.l(ffixi.o)
    0x08019d28   0x00000028   Code   RO         1604    .text               mf_w.l(ffixui.o)
    0x08019d50   0x0000003e   Code   RO         1606    .text               mf_w.l(dfixi.o)
    0x08019d8e   0x00000026   Code   RO         1608    .text               mf_w.l(f2d.o)
    0x08019db4   0x00000030   Code   RO         1610    .text               mf_w.l(cdcmple.o)
    0x08019de4   0x00000030   Code   RO         1612    .text               mf_w.l(cdrcmple.o)
    0x08019e14   0x00000038   Code   RO         1614    .text               mf_w.l(d2f.o)
    0x08019e4c   0x00000014   Code   RO         1616    .text               mf_w.l(cfcmple.o)
    0x08019e60   0x00000014   Code   RO         1618    .text               mf_w.l(cfrcmple.o)
    0x08019e74   0x0000002c   Code   RO         1652    .text               mc_w.l(uidiv.o)
    0x08019ea0   0x00000062   Code   RO         1654    .text               mc_w.l(uldiv.o)
    0x08019f02   0x0000001e   Code   RO         1656    .text               mc_w.l(llshl.o)
    0x08019f20   0x00000020   Code   RO         1658    .text               mc_w.l(llushr.o)
    0x08019f40   0x00000024   Code   RO         1660    .text               mc_w.l(llsshr.o)
    0x08019f64   0x00000000   Code   RO         1669    .text               mc_w.l(iusefp.o)
    0x08019f64   0x0000006e   Code   RO         1670    .text               mf_w.l(fepilogue.o)
    0x08019fd2   0x000000ba   Code   RO         1672    .text               mf_w.l(depilogue.o)
    0x0801a08c   0x0000002e   Code   RO         1674    .text               mf_w.l(dscalb.o)
    0x0801a0ba   0x00000030   Code   RO         1676    .text               mf_w.l(dfixul.o)
    0x0801a0ea   0x00000002   PAD
    0x0801a0ec   0x00000024   Code   RO         1678    .text               mc_w.l(init.o)
    0x0801a110   0x00000056   Code   RO         1688    .text               mc_w.l(__dczerorl2.o)
    0x0801a166   0x00000002   PAD
    0x0801a168   0x00000020   Code   RO         1562    i.__0printf         mc_w.l(printfa.o)
    0x0801a188   0x00000028   Code   RO         1564    i.__0sprintf        mc_w.l(printfa.o)
    0x0801a1b0   0x000000aa   Code   RO         1634    i.__kernel_poly     m_ws.l(poly.o)
    0x0801a25a   0x00000002   PAD
    0x0801a25c   0x00000010   Code   RO         1620    i.__mathlib_dbl_divzero  m_ws.l(dunder.o)
    0x0801a26c   0x00000006   Code   RO         1621    i.__mathlib_dbl_infnan  m_ws.l(dunder.o)
    0x0801a272   0x0000000c   Code   RO         1623    i.__mathlib_dbl_invalid  m_ws.l(dunder.o)
    0x0801a27e   0x0000000e   Code   RO         1682    i.__scatterload_copy  mc_w.l(handlers.o)
    0x0801a28c   0x00000002   Code   RO         1683    i.__scatterload_null  mc_w.l(handlers.o)
    0x0801a28e   0x0000000e   Code   RO         1684    i.__scatterload_zeroinit  mc_w.l(handlers.o)
    0x0801a29c   0x0000000c   Code   RO         1664    i.__set_errno       mc_w.l(errno.o)
    0x0801a2a8   0x00000164   Code   RO         1569    i._fp_digits        mc_w.l(printfa.o)
    0x0801a40c   0x000006dc   Code   RO         1570    i._printf_core      mc_w.l(printfa.o)
    0x0801aae8   0x00000024   Code   RO         1571    i._printf_post_padding  mc_w.l(printfa.o)
    0x0801ab0c   0x0000002e   Code   RO         1572    i._printf_pre_padding  mc_w.l(printfa.o)
    0x0801ab3a   0x0000000a   Code   RO         1574    i._sputc            mc_w.l(printfa.o)
    0x0801ab44   0x0000035c   Code   RO         1297    i.log               m_ws.l(log.o)
    0x0801aea0   0x00000038   Data   RO         1298    .constdata          m_ws.l(log.o)
    0x0801aed8   0x00000008   Data   RO         1636    .constdata          m_ws.l(qnan.o)
    0x0801aee0   0x0000004d   Data   RO          273    .conststring        main.o
    0x0801af2d   0x00000003   PAD
    0x0801af30   0x00000005   Data   RO         1017    .conststring        dhcp.o
    0x0801af35   0x00000003   PAD
    0x0801af38   0x00000020   Data   RO         1680    Region$$Table       anon$$obj.o


    Execution Region RW_IRAM1 (Base: 0x20000000, Size: 0x000035d0, Max: 0x00010000, ABSOLUTE, COMPRESSED[0x0000017c])

    Base Addr    Size         Type   Attr      Idx    E Section Name        Object

    0x20000000   0x00000014   Data   RW           25    .data               system_stm32f10x.o
    0x20000014   0x00000014   Data   RW          186    .data               stm32f10x_rcc.o
    0x20000028   0x000000bc   Data   RW          274    .data               main.o
    0x200000e4   0x00000008   Data   RW          514    .data               bsp_i2c_ee.o
    0x200000ec   0x00000010   Data   RW          548    .data               iap_bootload.o
    0x200000fc   0x00000004   PAD
    0x20000100   0x00000024   Data   RW          805    .data               bsp_adc.o
    0x20000124   0x00000041   Data   RW          828    .data               esp8266.o
    0x20000165   0x00000005   Data   RW          847    .data               bsp_key.o
    0x2000016a   0x00000002   PAD
    0x2000016c   0x00000029   Data   RW          867    .data               w5500_conf.o
    0x20000195   0x00000010   Data   RW          901    .data               w5500.o
    0x200001a5   0x00000001   PAD
    0x200001a6   0x00000002   Data   RW          926    .data               socket.o
    0x200001a8   0x00000004   Data   RW          955    .data               utility.o
    0x200001ac   0x00000044   Data   RW         1018    .data               dhcp.o
    0x200001f0   0x0000007a   Data   RW         1042    .data               flash.o
    0x2000026a   0x00000002   PAD
    0x2000026c   0x00000010   Data   RW         1162    .data               bq24259.o
    0x2000027c   0x0000000c   Data   RW         1184    .data               co.o
    0x20000288   0x0000000b   Data   RW         1200    .data               co2.o
    0x20000293   0x00000001   PAD
    0x20000294   0x00000054   Data   RW         1238    .data               pm25.o
    0x200002e8   0x00000044   Data   RW         1261    .data               team_huy.o
    0x2000032c   0x00000054   Data   RW         1282    .data               tsl2561.o
    0x20000380   0x00000004   Data   RW         1324    .data               mc_w.l(strtok.o)
    0x20000384   0x00000004   Data   RW         1651    .data               mc_w.l(stdout.o)
    0x20000388   0x00000004   Data   RW         1665    .data               mc_w.l(errno.o)
    0x2000038c   0x00000004   PAD
    0x20000390   0x00000278   Zero   RW          272    .bss                main.o
    0x20000608   0x00000a26   Zero   RW          547    .bss                iap_bootload.o
    0x2000102e   0x00000002   PAD
    0x20001030   0x00000fa0   Zero   RW          804    .bss                bsp_adc.o
    0x20001fd0   0x00000316   Zero   RW          827    .bss                esp8266.o
    0x200022e6   0x0000002e   Zero   RW          866    .bss                w5500_conf.o
    0x20002314   0x00000020   Zero   RW          900    .bss                w5500.o
    0x20002334   0x00000030   Zero   RW          954    .bss                utility.o
    0x20002364   0x00000416   Zero   RW         1016    .bss                dhcp.o
    0x2000277a   0x00000118   Zero   RW         1041    .bss                flash.o
    0x20002892   0x00000064   Zero   RW         1183    .bss                co.o
    0x200028f6   0x00000100   Zero   RW         1199    .bss                co2.o
    0x200029f6   0x00000002   PAD
    0x200029f8   0x000000d4   Zero   RW         1237    .bss                pm25.o
    0x20002acc   0x00000700   Zero   RW         1260    .bss                team_huy.o
    0x200031cc   0x00000004   PAD
    0x200031d0   0x00000400   Zero   RW            1    STACK               startup_stm32f10x_hd.o


==============================================================================

Image component sizes


      Code (inc. data)   RO Data    RW Data    ZI Data      Debug   Object Name

       220         60          0         16          0       2277   bq24259.o
       520         54          0         36       4000       2301   bsp_adc.o
      1696        106          0          8          0       4076   bsp_i2c_ee.o
        44          0          0          0          0        672   bsp_iwdg.o
       936        196          0          5          0       2002   bsp_key.o
      2192         44          0          0          0       3491   bsp_led.o
       320         14          0          0          0        940   bsp_spi_flash.o
       122          0          0          0          0        753   bsp_timbase.o
       980         40          0          0          0       2798   bsp_usart.o
       228         26          0         12        100       1743   co.o
       308         50          0         11        256       1993   co2.o
        32          0          0          0          0       5088   core_cm3.o
      3720        346          5         68       1046       8688   dhcp.o
      2808        774          0         65        790       6940   esp8266.o
      2908        804          0        122        280     231036   flash.o
      1112        376          0         16       2598     229996   iap_bootload.o
      2372        858         77        188        632     243963   main.o
       220         22          0          0          0       1857   misc.o
       756        104          0         84        212       2963   pm25.o
      1676         48          0          2          0       4919   socket.o
        36          8        304          0       1024        888   startup_stm32f10x_hd.o
      1102         26          0          0          0      10889   stm32f10x_adc.o
       284         10          0          0          0       2291   stm32f10x_exti.o
       860         38          0          0          0       5697   stm32f10x_gpio.o
      1028         16          0          0          0       9163   stm32f10x_i2c.o
        52          0          0          0          0       1422   stm32f10x_it.o
        64          6          0          0          0       1293   stm32f10x_iwdg.o
       932         36          0         20          0       8892   stm32f10x_rcc.o
       780         14          0          0          0       6586   stm32f10x_spi.o
      3610         88          0          0          0      22188   stm32f10x_tim.o
      1032         22          0          0          0       8428   stm32f10x_usart.o
       480         38          0         20          0     276703   system_stm32f10x.o
       648        136          0         68       1792       2023   team_huy.o
      1332        134          0         84          0       4830   tsl2561.o
      1106         54          0          4         48       6786   utility.o
       980         72          0         16         32       5996   w5500.o
      1260        398          0         41         46       7150   w5500_conf.o

    ----------------------------------------------------------------------
     38764       5018        424        896      12864    1139721   Object Totals
         0          0         32          0          0          0   (incl. Generated)
         8          0          6         10          8          0   (incl. Padding)

    ----------------------------------------------------------------------

      Code (inc. data)   RO Data    RW Data    ZI Data      Debug   Library Member Name

        34          4          0          0          0        204   dunder.o
       860         52         56          0          0        256   log.o
       170          0          0          0          0         96   poly.o
         0          0          8          0          0          0   qnan.o
        86          0          0          0          0          0   __dczerorl2.o
         0          0          0          0          0          0   entry.o
         0          0          0          0          0          0   entry10a.o
         0          0          0          0          0          0   entry11a.o
         8          4          0          0          0          0   entry2.o
         4          0          0          0          0          0   entry5.o
         0          0          0          0          0          0   entry7b.o
         0          0          0          0          0          0   entry8b.o
         8          4          0          0          0          0   entry9a.o
        12          6          0          4          0         68   errno.o
        30          0          0          0          0          0   handlers.o
        36          8          0          0          0         68   init.o
         0          0          0          0          0          0   iusefp.o
        30          0          0          0          0         68   llshl.o
        36          0          0          0          0         68   llsshr.o
        32          0          0          0          0         68   llushr.o
        26          0          0          0          0         80   memcmp.o
        36          0          0          0          0        108   memseta.o
      2276         96          0          0          0        596   printfa.o
         0          0          0          4          0          0   stdout.o
        24          0          0          0          0         68   strcat.o
        18          0          0          0          0         68   strcpy.o
        14          0          0          0          0         68   strlen.o
        24          0          0          0          0         76   strncpy.o
        36          0          0          0          0         80   strstr.o
        68          6          0          4          0         80   strtok.o
        44          0          0          0          0         80   uidiv.o
        98          0          0          0          0         92   uldiv.o
        48          0          0          0          0         68   cdcmple.o
        48          0          0          0          0         68   cdrcmple.o
        20          0          0          0          0         68   cfcmple.o
        20          0          0          0          0         68   cfrcmple.o
        56          0          0          0          0         88   d2f.o
       334          0          0          0          0        148   dadd.o
       222          0          0          0          0        100   ddiv.o
       186          0          0          0          0        176   depilogue.o
        62          0          0          0          0         80   dfixi.o
        48          0          0          0          0         68   dfixul.o
        34          0          0          0          0         76   dflti.o
       228          0          0          0          0         96   dmul.o
        46          0          0          0          0         80   dscalb.o
        38          0          0          0          0         68   f2d.o
       110          0          0          0          0        168   fepilogue.o
        50          0          0          0          0         68   ffixi.o
        40          0          0          0          0         68   ffixui.o
        18          0          0          0          0         68   fflti.o
        10          0          0          0          0         68   ffltui.o

    ----------------------------------------------------------------------
      5636        180         64         12          4       3984   Library Totals
         8          0          0          0          4          0   (incl. Padding)

    ----------------------------------------------------------------------

      Code (inc. data)   RO Data    RW Data    ZI Data      Debug   Library Name

      1064         56         64          0          0        556   m_ws.l
      2946        124          0         12          0       1736   mc_w.l
      1618          0          0          0          0       1692   mf_w.l

    ----------------------------------------------------------------------
      5636        180         64         12          4       3984   Library Totals

    ----------------------------------------------------------------------

==============================================================================


      Code (inc. data)   RO Data    RW Data    ZI Data      Debug   

     44400       5198        488        908      12868    1138529   Grand Totals
     44400       5198        488        380      12868    1138529   ELF Image Totals (compressed)
     44400       5198        488        380          0          0   ROM Totals

==============================================================================

    Total RO  Size (Code + RO Data)                44888 (  43.84kB)
    Total RW  Size (RW Data + ZI Data)             13776 (  13.45kB)
    Total ROM Size (Code + RO Data + RW Data)      45268 (  44.21kB)

==============================================================================

