Component: ARM Compiler 5.05 update 2 (build 169) Tool: armlink [4d0f33]

==============================================================================

Section Cross References

    startup_stm32f10x_hd.o(RESET) refers to startup_stm32f10x_hd.o(STACK) for __initial_sp
    startup_stm32f10x_hd.o(RESET) refers to startup_stm32f10x_hd.o(.text) for Reset_Handler
    startup_stm32f10x_hd.o(RESET) refers to stm32f10x_it.o(.text) for NMI_Handler
    startup_stm32f10x_hd.o(RESET) refers to bt.o(.text) for UART5_IRQHandler
    startup_stm32f10x_hd.o(.text) refers to system_stm32f10x.o(.text) for SystemInit
    startup_stm32f10x_hd.o(.text) refers to entry.o(.ARM.Collect$$$$00000000) for __main
    system_stm32f10x.o(.text) refers to system_stm32f10x.o(.data) for SystemCoreClock
    stm32f10x_bkp.o(.text) refers to stm32f10x_rcc.o(.text) for RCC_BackupResetCmd
    stm32f10x_gpio.o(.text) refers to stm32f10x_rcc.o(.text) for RCC_APB2PeriphResetCmd
    stm32f10x_rcc.o(.text) refers to stm32f10x_rcc.o(.data) for APBAHBPrescTable
    stm32f10x_spi.o(.text) refers to stm32f10x_rcc.o(.text) for RCC_APB2PeriphResetCmd
    stm32f10x_tim.o(.text) refers to stm32f10x_rcc.o(.text) for RCC_APB2PeriphResetCmd
    stm32f10x_usart.o(.text) refers to stm32f10x_rcc.o(.text) for RCC_APB2PeriphResetCmd
    stm32f10x_i2c.o(.text) refers to stm32f10x_rcc.o(.text) for RCC_APB1PeriphResetCmd
    main.o(.text) refers to temp_humi.o(.text) for Team_Return
    main.o(.text) refers to f2d.o(.text) for __aeabi_f2d
    main.o(.text) refers to printfa.o(i.__0sprintf) for __2sprintf
    main.o(.text) refers to tcp_demo.o(.text) for do_tcp_client
    main.o(.text) refers to utility.o(.text) for systick_init
    main.o(.text) refers to bsp_iwdg.o(.text) for IWDG_Config
    main.o(.text) refers to bsp_usart1.o(.text) for USART1_Config
    main.o(.text) refers to bsp_i2c_ee.o(.text) for I2C_EE_Init
    main.o(.text) refers to bt.o(.text) for BT_Init
    main.o(.text) refers to w5500_conf.o(.text) for gpio_for_w5500_config
    main.o(.text) refers to w5500.o(.text) for socket_buf_init
    main.o(.text) refers to printfa.o(i.__0printf) for __2printf
    main.o(.text) refers to dhcp.o(.text) for do_dhcp
    main.o(.text) refers to main.o(.bss) for socket_tx_buf
    main.o(.text) refers to main.o(.data) for yuliu2
    main.o(.text) refers to main.o(.conststring) for .conststring
    main.o(.text) refers to w5500.o(.data) for rxsize
    main.o(.text) refers to w5500_conf.o(.data) for remote_ip
    main.o(.text) refers to dhcp.o(.data) for init
    main.o(.text) refers to temp_humi.o(.data) for X_
    stm32f10x_it.o(.text) refers to stm32f10x_tim.o(.text) for TIM_GetITStatus
    stm32f10x_it.o(.text) refers to w5500_conf.o(.text) for timer2_isr
    bsp_usart1.o(.text) refers to stm32f10x_rcc.o(.text) for RCC_APB2PeriphClockCmd
    bsp_usart1.o(.text) refers to stm32f10x_gpio.o(.text) for GPIO_Init
    bsp_usart1.o(.text) refers to stm32f10x_usart.o(.text) for USART_Init
    bsp_usart1.o(.text) refers to misc.o(.text) for NVIC_PriorityGroupConfig
    bsp_spi_flash.o(.text) refers to stm32f10x_rcc.o(.text) for RCC_APB2PeriphClockCmd
    bsp_spi_flash.o(.text) refers to stm32f10x_gpio.o(.text) for GPIO_Init
    bsp_spi_flash.o(.text) refers to stm32f10x_spi.o(.text) for SPI_Init
    bsp_timbase.o(.text) refers to misc.o(.text) for NVIC_PriorityGroupConfig
    bsp_timbase.o(.text) refers to stm32f10x_rcc.o(.text) for RCC_APB1PeriphClockCmd
    bsp_timbase.o(.text) refers to stm32f10x_tim.o(.text) for TIM_TimeBaseInit
    bsp_i2c_ee.o(.text) refers to stm32f10x_rcc.o(.text) for RCC_APB1PeriphClockCmd
    bsp_i2c_ee.o(.text) refers to stm32f10x_gpio.o(.text) for GPIO_Init
    bsp_i2c_ee.o(.text) refers to stm32f10x_i2c.o(.text) for I2C_Init
    bsp_i2c_ee.o(.text) refers to printfa.o(i.__0printf) for __2printf
    bsp_i2c_ee.o(.text) refers to bsp_i2c_ee.o(.data) for EEPROM_ADDRESS
    bsp_iwdg.o(.text) refers to stm32f10x_iwdg.o(.text) for IWDG_WriteAccessCmd
    w5500_conf.o(.text) refers to utility.o(.text) for delay_ms
    w5500_conf.o(.text) refers to printfa.o(i.__0printf) for __2printf
    w5500_conf.o(.text) refers to w5500.o(.text) for setSUBR
    w5500_conf.o(.text) refers to bsp_spi_flash.o(.text) for SPI_FLASH_Init
    w5500_conf.o(.text) refers to stm32f10x_rcc.o(.text) for RCC_APB2PeriphClockCmd
    w5500_conf.o(.text) refers to stm32f10x_gpio.o(.text) for GPIO_Init
    w5500_conf.o(.text) refers to bsp_timbase.o(.text) for TIM2_Configuration
    w5500_conf.o(.text) refers to w5500_conf.o(.bss) for ConfigMsg
    w5500_conf.o(.text) refers to w5500_conf.o(.data) for mac
    w5500_conf.o(.text) refers to dhcp.o(.bss) for DHCP_GET
    w5500.o(.text) refers to w5500_conf.o(.text) for IINCHIP_WRITE
    w5500.o(.text) refers to printfa.o(i.__0printf) for __2printf
    w5500.o(.text) refers to w5500.o(.bss) for RSIZE
[...]
    ../clib/microlib/printf/printf.c         0x00000000   Number         0  printf6.o ABSOLUTE
    ../clib/microlib/printf/printf.c         0x00000000   Number         0  printf1.o ABSOLUTE
    ../clib/microlib/printf/stubs.s          0x00000000   Number         0  stubs.o ABSOLUTE
    ../clib/microlib/stdio/streams.c         0x00000000   Number         0  stdout.o ABSOLUTE
    ../clib/microlib/string/memcmp.c         0x00000000   Number         0  memcmp.o ABSOLUTE
    ../clib/microlib/string/memset.c         0x00000000   Number         0  memseta.o ABSOLUTE
    ../clib/microlib/string/strcat.c         0x00000000   Number         0  strcat.o ABSOLUTE
    ../clib/microlib/string/strcpy.c         0x00000000   Number         0  strcpy.o ABSOLUTE
    ../clib/microlib/string/strlen.c         0x00000000   Number         0  strlen.o ABSOLUTE
    ../clib/microlib/string/strncpy.c        0x00000000   Number         0  strncpy.o ABSOLUTE
    ../clib/microlib/string/strstr.c         0x00000000   Number         0  strstr.o ABSOLUTE
    ../clib/microlib/string/strtok.c         0x00000000   Number         0  strtok_r.o ABSOLUTE
    ../clib/microlib/string/strtok.c         0x00000000   Number         0  strtok.o ABSOLUTE
    ../clib/microlib/stubs.s                 0x00000000   Number         0  iusefp.o ABSOLUTE
    ../fplib/microlib/d2f.c                  0x00000000   Number         0  d2f.o ABSOLUTE
    ../fplib/microlib/f2d.c                  0x00000000   Number         0  f2d.o ABSOLUTE
    ../fplib/microlib/fpadd.c                0x00000000   Number         0  dadd.o ABSOLUTE
    ../fplib/microlib/fpdiv.c                0x00000000   Number         0  ddiv.o ABSOLUTE
    ../fplib/microlib/fpepilogue.c           0x00000000   Number         0  depilogue.o ABSOLUTE
    ../fplib/microlib/fpepilogue.c           0x00000000   Number         0  fepilogue.o ABSOLUTE
    ../fplib/microlib/fpfix.c                0x00000000   Number         0  dfixul.o ABSOLUTE
    ../fplib/microlib/fpflt.c                0x00000000   Number         0  ffltui.o ABSOLUTE
    ../fplib/microlib/fpflt.c                0x00000000   Number         0  dflti.o ABSOLUTE
    ../fplib/microlib/fpmul.c                0x00000000   Number         0  dmul.o ABSOLUTE
    ..\..\Libraries\CMSIS\core_cm3.c         0x00000000   Number         0  core_cm3.o ABSOLUTE
    ..\..\Libraries\CMSIS\startup\startup_stm32f10x_hd.s 0x00000000   Number         0  startup_stm32f10x_hd.o ABSOLUTE
    ..\..\Libraries\CMSIS\system_stm32f10x.c 0x00000000   Number         0  system_stm32f10x.o ABSOLUTE
    ..\..\Libraries\FWlib\src\misc.c         0x00000000   Number         0  misc.o ABSOLUTE
    ..\..\Libraries\FWlib\src\stm32f10x_bkp.c 0x00000000   Number         0  stm32f10x_bkp.o ABSOLUTE
    ..\..\Libraries\FWlib\src\stm32f10x_exti.c 0x00000000   Number         0  stm32f10x_exti.o ABSOLUTE
    ..\..\Libraries\FWlib\src\stm32f10x_flash.c 0x00000000   Number         0  stm32f10x_flash.o ABSOLUTE
    ..\..\Libraries\FWlib\src\stm32f10x_gpio.c 0x00000000   Number         0  stm32f10x_gpio.o ABSOLUTE
    ..\..\Libraries\FWlib\src\stm32f10x_i2c.c 0x00000000   Number         0  stm32f10x_i2c.o ABSOLUTE
    ..\..\Libraries\FWlib\src\stm32f10x_iwdg.c 0x00000000   Number         0  stm32f10x_iwdg.o ABSOLUTE
    ..\..\Libraries\FWlib\src\stm32f10x_rcc.c 0x00000000   Number         0  stm32f10x_rcc.o ABSOLUTE
    ..\..\Libraries\FWlib\src\stm32f10x_spi.c 0x00000000   Number         0  stm32f10x_spi.o ABSOLUTE
    ..\..\Libraries\FWlib\src\stm32f10x_tim.c 0x00000000   Number         0  stm32f10x_tim.o ABSOLUTE
    ..\..\Libraries\FWlib\src\stm32f10x_usart.c 0x00000000   Number         0  stm32f10x_usart.o ABSOLUTE
    ..\..\User\Ethernet\Internet\dhcp.c      0x00000000   Number         0  dhcp.o ABSOLUTE
    ..\..\User\Ethernet\Internet\tcp_demo.c  0x00000000   Number         0  tcp_demo.o ABSOLUTE
    ..\..\User\Ethernet\W5500\socket.c       0x00000000   Number         0  socket.o ABSOLUTE
    ..\..\User\Ethernet\W5500\utility.c      0x00000000   Number         0  utility.o ABSOLUTE
    ..\..\User\Ethernet\W5500\w5500.c        0x00000000   Number         0  w5500.o ABSOLUTE
    ..\..\User\Ethernet\W5500\w5500_conf.c   0x00000000   Number         0  w5500_conf.o ABSOLUTE
    ..\..\User\TimBase\bsp_TiMbase.c         0x00000000   Number         0  bsp_timbase.o ABSOLUTE
    ..\..\User\i2c\bsp_i2c_ee.c              0x00000000   Number         0  bsp_i2c_ee.o ABSOLUTE
    ..\..\User\iwdg\bsp_iwdg.c               0x00000000   Number         0  bsp_iwdg.o ABSOLUTE
    ..\..\User\main.c                        0x00000000   Number         0  main.o ABSOLUTE
    ..\..\User\spi\bsp_spi_flash.c           0x00000000   Number         0  bsp_spi_flash.o ABSOLUTE
    ..\..\User\stm32f10x_it.c                0x00000000   Number         0  stm32f10x_it.o ABSOLUTE
    ..\..\User\usart\bsp_usart1.c            0x00000000   Number         0  bsp_usart1.o ABSOLUTE
    ..\..\sensor\BT\BT.c                     0x00000000   Number         0  bt.o ABSOLUTE
    ..\..\sensor\temp_humi\temp_humi.c       0x00000000   Number         0  temp_humi.o ABSOLUTE
    ..\\..\\Libraries\\CMSIS\\core_cm3.c     0x00000000   Number         0  core_cm3.o ABSOLUTE
    cdrcmple.s                               0x00000000   Number         0  cdrcmple.o ABSOLUTE
    dc.s                                     0x00000000   Number         0  dc.o ABSOLUTE
    handlers.s                               0x00000000   Number         0  handlers.o ABSOLUTE
    init.s                                   0x00000000   Number         0  init.o ABSOLUTE
    RESET                                    0x08000000   Section      304  startup_stm32f10x_hd.o(RESET)
    .ARM.Collect$$$$00000000                 0x08000130   Section        0  entry.o(.ARM.Collect$$$$00000000)
    .ARM.Collect$$$$00000001                 0x08000130   Section        4  entry2.o(.ARM.Collect$$$$00000001)
    .ARM.Collect$$$$00000004                 0x08000134   Section        4  entry5.o(.ARM.Collect$$$$00000004)
    .ARM.Collect$$$$00000008                 0x08000138   Section        0  entry7b.o(.ARM.Collect$$$$00000008)
    .ARM.Collect$$$$0000000A                 0x08000138   Section        0  entry8b.o(.ARM.Collect$$$$0000000A)
    .ARM.Collect$$$$0000000B                 0x08000138   Section        8  entry9a.o(.ARM.Collect$$$$0000000B)
    .ARM.Collect$$$$0000000D                 0x08000140   Section        0  entry10a.o(.ARM.Collect$$$$0000000D)
    .ARM.Collect$$$$0000000F                 0x08000140   Section        0  entry11a.o(.ARM.Collect$$$$0000000F)
    .ARM.Collect$$$$00002712                 0x08000140   Section        4  entry2.o(.ARM.Collect$$$$00002712)
    __lit__00000000                          0x08000140   Data           4  entry2.o(.ARM.Collect$$$$00002712)
    .text                                    0x08000144   Section       36  startup_stm32f10x_hd.o(.text)
    .text                                    0x08000168   Section        0  system_stm32f10x.o(.text)
    SetSysClockTo72                          0x08000169   Thumb Code   214  system_stm32f10x.o(.text)
    SetSysClock                              0x0800023f   Thumb Code     8  system_stm32f10x.o(.text)
    .text                                    0x08000348   Section        0  misc.o(.text)
    .text                                    0x08000424   Section        0  stm32f10x_gpio.o(.text)
    .text                                    0x08000780   Section        0  stm32f10x_rcc.o(.text)
    .text                                    0x08000b24   Section        0  stm32f10x_spi.o(.text)
    .text                                    0x08000e30   Section        0  stm32f10x_tim.o(.text)
    TI4_Config                               0x080012d7   Thumb Code   130  stm32f10x_tim.o(.text)
    TI3_Config                               0x0800136b   Thumb Code   122  stm32f10x_tim.o(.text)
    TI2_Config                               0x080013ff   Thumb Code   130  stm32f10x_tim.o(.text)
    TI1_Config                               0x08001493   Thumb Code   108  stm32f10x_tim.o(.text)
    .text                                    0x08001c4c   Section        0  stm32f10x_usart.o(.text)
    .text                                    0x08002054   Section        0  stm32f10x_i2c.o(.text)
    .text                                    0x08002458   Section        0  stm32f10x_iwdg.o(.text)
    .text                                    0x08002498   Section        0  main.o(.text)
    .text                                    0x08002848   Section        0  stm32f10x_it.o(.text)
    .text                                    0x0800287c   Section        0  bsp_usart1.o(.text)
    .text                                    0x080029e0   Section        0  bsp_spi_flash.o(.text)
    .text                                    0x08002ac4   Section        0  bsp_timbase.o(.text)
    .text                                    0x08002b40   Section        0  bsp_i2c_ee.o(.text)
    I2C_GPIO_Config                          0x08002b41   Thumb Code    72  bsp_i2c_ee.o(.text)
    I2C_Mode_Configu                         0x08002b89   Thumb Code    58  bsp_i2c_ee.o(.text)
    I2C_TIMEOUT_UserCallback                 0x08002bd5   Thumb Code    16  bsp_i2c_ee.o(.text)
    .text                                    0x080031e0   Section        0  bsp_iwdg.o(.text)
    .text                                    0x0800320c   Section        0  w5500_conf.o(.text)
    .text                                    0x0800373c   Section        0  w5500.o(.text)
    .text                                    0x08003b10   Section        0  socket.o(.text)
    .text                                    0x0800419c   Section        0  utility.o(.text)
    .text                                    0x080045f0   Section        0  tcp_demo.o(.text)
    .text                                    0x08004700   Section        0  dhcp.o(.text)
    .text                                    0x08005588   Section        0  temp_humi.o(.text)
    .text                                    0x080057e4   Section        0  bt.o(.text)
    .text                                    0x08005938   Section        0  memseta.o(.text)
    .text                                    0x0800595c   Section        0  strcat.o(.text)
    .text                                    0x08005974   Section        0  strstr.o(.text)
    .text                                    0x08005998   Section        0  strncpy.o(.text)
    .text                                    0x080059b0   Section        0  strlen.o(.text)
    .text                                    0x080059be   Section        0  memcmp.o(.text)
    .text                                    0x080059d8   Section        0  strcpy.o(.text)
    .text                                    0x080059ec   Section        0  strtok.o(.text)
    .text                                    0x08005a30   Section        0  dadd.o(.text)
    .text                                    0x08005b7e   Section        0  dmul.o(.text)
    .text                                    0x08005c62   Section        0  ddiv.o(.text)
    .text                                    0x08005d40   Section        0  ffltui.o(.text)
    .text                                    0x08005d4a   Section        0  dflti.o(.text)
    .text                                    0x08005d6c   Section        0  f2d.o(.text)
    .text                                    0x08005d92   Section        0  d2f.o(.text)
    .text                                    0x08005dca   Section        0  uidiv.o(.text)
    .text                                    0x08005df6   Section        0  uldiv.o(.text)
    .text                                    0x08005e58   Section        0  llshl.o(.text)
    .text                                    0x08005e76   Section        0  llsshr.o(.text)
    .text                                    0x08005e9a   Section        0  fepilogue.o(.text)
    .text                                    0x08005e9a   Section        0  iusefp.o(.text)
    .text                                    0x08005f08   Section        0  depilogue.o(.text)
    .text                                    0x08005fc2   Section        0  dfixul.o(.text)
    .text                                    0x08005ff4   Section       48  cdrcmple.o(.text)
    .text                                    0x08006024   Section       36  init.o(.text)
    .text                                    0x08006048   Section        0  llushr.o(.text)
    .text                                    0x08006068   Section        0  __dczerorl2.o(.text)
    i.__0printf                              0x080060c0   Section        0  printfa.o(i.__0printf)
    i.__0sprintf                             0x080060e0   Section        0  printfa.o(i.__0sprintf)
    i.__scatterload_copy                     0x08006108   Section       14  handlers.o(i.__scatterload_copy)
    i.__scatterload_null                     0x08006116   Section        2  handlers.o(i.__scatterload_null)
    i.__scatterload_zeroinit                 0x08006118   Section       14  handlers.o(i.__scatterload_zeroinit)
    i._fp_digits                             0x08006128   Section        0  printfa.o(i._fp_digits)
    _fp_digits                               0x08006129   Thumb Code   334  printfa.o(i._fp_digits)
    i._printf_core                           0x0800628c   Section        0  printfa.o(i._printf_core)
    _printf_core                             0x0800628d   Thumb Code  1744  printfa.o(i._printf_core)
    i._printf_post_padding                   0x08006968   Section        0  printfa.o(i._printf_post_padding)
    _printf_post_padding                     0x08006969   Thumb Code    36  printfa.o(i._printf_post_padding)
    i._printf_pre_padding                    0x0800698c   Section        0  printfa.o(i._printf_pre_padding)
    _printf_pre_padding                      0x0800698d   Thumb Code    46  printfa.o(i._printf_pre_padding)
    i._sputc                                 0x080069ba   Section        0  printfa.o(i._sputc)
    _sputc                                   0x080069bb   Thumb Code    10  printfa.o(i._sputc)
    .conststring                             0x080069c4   Section       75  main.o(.conststring)
    .conststring                             0x08006a10   Section        5  dhcp.o(.conststring)
    .data                                    0x20000000   Section       20  system_stm32f10x.o(.data)
    .data                                    0x20000014   Section       20  stm32f10x_rcc.o(.data)
    APBAHBPrescTable                         0x20000014   Data          16  stm32f10x_rcc.o(.data)
    ADCPrescTable                            0x20000024   Data           4  stm32f10x_rcc.o(.data)
    .data                                    0x20000028   Section       62  main.o(.data)
    .data                                    0x20000068   Section        8  bsp_i2c_ee.o(.data)
    I2CTimeout                               0x2000006c   Data           4  bsp_i2c_ee.o(.data)
    .data                                    0x20000070   Section       41  w5500_conf.o(.data)
    .data                                    0x20000099   Section       16  w5500.o(.data)
    .data                                    0x200000aa   Section        2  socket.o(.data)
    local_port                               0x200000aa   Data           2  socket.o(.data)
    .data                                    0x200000ac   Section        4  utility.o(.data)
    fac_us                                   0x200000ac   Data           1  utility.o(.data)
    fac_ms                                   0x200000ae   Data           2  utility.o(.data)
    .data                                    0x200000b0   Section       68  dhcp.o(.data)
    .data                                    0x200000f8   Section       68  temp_humi.o(.data)
    .data                                    0x2000013c   Section        4  strtok.o(.data)
    state                                    0x2000013c   Data           4  strtok.o(.data)
    .data                                    0x20000140   Section        4  stdout.o(.data)
    .bss                                     0x20000148   Section      660  main.o(.bss)
    .bss                                     0x200003dc   Section       46  w5500_conf.o(.bss)
    .bss                                     0x2000040a   Section       32  w5500.o(.bss)
    .bss                                     0x2000042a   Section       48  utility.o(.bss)
    addr_str                                 0x2000042a   Data          32  utility.o(.bss)
    addr_str                                 0x2000044a   Data          16  utility.o(.bss)
    .bss                                     0x2000045a   Section     2048  tcp_demo.o(.bss)
    .bss                                     0x20000c5a   Section     1046  dhcp.o(.bss)
    .bss                                     0x20001070   Section     1792  temp_humi.o(.bss)
    .bss                                     0x20001770   Section     2048  bt.o(.bss)
    STACK                                    0x20001f70   Section     1024  startup_stm32f10x_hd.o(STACK)

    Global Symbols

    Symbol Name                              Value     Ov Type        Size  Object(Section)

    BuildAttributes$$THM_ISAv4$P$D$K$B$S$PE$A:L22UL41UL21$X:L11$S22US41US21$IEEE1$IW$USESV6$~STKCKD$USESV7$~SHL$OTIME$ROPI$EBA8$MICROLIB$REQ8$PRES8$EABIv2 0x00000000   Number         0  anon$$obj.o ABSOLUTE
    __ARM_use_no_argv                        0x00000000   Number         0  main.o ABSOLUTE
    _printf_a                                0x00000000   Number         0  stubs.o ABSOLUTE
    _printf_c                                0x00000000   Number         0  stubs.o ABSOLUTE
    _printf_charcount                        0x00000000   Number         0  stubs.o ABSOLUTE
    _printf_d                                0x00000000   Number         0  stubs.o ABSOLUTE
    _printf_e                                0x00000000   Number         0  stubs.o ABSOLUTE
    _printf_f                                0x00000000   Number         0  stubs.o ABSOLUTE
    _printf_flags                            0x00000000   Number         0  stubs.o ABSOLUTE
    _printf_fp_dec                           0x00000000   Number         0  stubs.o ABSOLUTE
    _printf_fp_hex                           0x00000000   Number         0  stubs.o ABSOLUTE
    _printf_g                                0x00000000   Number         0  stubs.o ABSOLUTE
    _printf_i                                0x00000000   Number         0  stubs.o ABSOLUTE
    _printf_int_dec                          0x00000000   Number         0  stubs.o ABSOLUTE
    _printf_l                                0x00000000   Number         0  stubs.o ABSOLUTE
    _printf_lc                               0x00000000   Number         0  stubs.o ABSOLUTE
    _printf_ll                               0x00000000   Number         0  stubs.o ABSOLUTE
    _printf_lld                              0x00000000   Number         0  stubs.o ABSOLUTE
    _printf_lli                              0x00000000   Number         0  stubs.o ABSOLUTE
    _printf_llo                              0x00000000   Number         0  stubs.o ABSOLUTE
    _printf_llu                              0x00000000   Number         0  stubs.o ABSOLUTE
    _printf_llx                              0x00000000   Number         0  stubs.o ABSOLUTE
    _printf_longlong_dec                     0x00000000   Number         0  stubs.o ABSOLUTE
    _printf_longlong_hex                     0x00000000   Number         0  stubs.o ABSOLUTE
    _printf_longlong_oct                     0x00000000   Number         0  stubs.o ABSOLUTE
    _printf_ls                               0x00000000   Number         0  stubs.o ABSOLUTE
    _printf_mbtowc                           0x00000000   Number         0  stubs.o ABSOLUTE
    _printf_n                                0x00000000   Number         0  stubs.o ABSOLUTE
    _printf_o                                0x00000000   Number         0  stubs.o ABSOLUTE
    _printf_p                                0x00000000   Number         0  stubs.o ABSOLUTE
    _printf_percent                          0x00000000   Number         0  stubs.o ABSOLUTE
    _printf_pre_padding                      0x00000000   Number         0  stubs.o ABSOLUTE
    _printf_return_value                     0x00000000   Number         0  stubs.o ABSOLUTE
    _printf_s                                0x00000000   Number         0  stubs.o ABSOLUTE
    _printf_sizespec                         0x00000000   Number         0  stubs.o ABSOLUTE
    _printf_str                              0x00000000   Number         0  stubs.o ABSOLUTE
    _printf_truncate_signed                  0x00000000   Number         0  stubs.o ABSOLUTE
    _printf_truncate_unsigned                0x00000000   Number         0  stubs.o ABSOLUTE
    _printf_u                                0x00000000   Number         0  stubs.o ABSOLUTE
    _printf_wc                               0x00000000   Number         0  stubs.o ABSOLUTE
    _printf_wctomb                           0x00000000   Number         0  stubs.o ABSOLUTE
    _printf_widthprec                        0x00000000   Number         0  stubs.o ABSOLUTE
    _printf_x                                0x00000000   Number         0  stubs.o ABSOLUTE
    __cpp_initialize__aeabi_                  - Undefined Weak Reference
    __cxa_finalize                            - Undefined Weak Reference
    _clock_init                               - Undefined Weak Reference
    _microlib_exit                            - Undefined Weak Reference
    __Vectors_Size                           0x00000130   Number         0  startup_stm32f10x_hd.o ABSOLUTE
    __Vectors                                0x08000000   Data           4  startup_stm32f10x_hd.o(RESET)
    __Vectors_End                            0x08000130   Data           0  startup_stm32f10x_hd.o(RESET)
    __main                                   0x08000131   Thumb Code     0  entry.o(.ARM.Collect$$$$00000000)
    _main_stk                                0x08000131   Thumb Code     0  entry2.o(.ARM.Collect$$$$00000001)
    _main_scatterload                        0x08000135   Thumb Code     0  entry5.o(.ARM.Collect$$$$00000004)
    __main_after_scatterload                 0x08000139   Thumb Code     0  entry5.o(.ARM.Collect$$$$00000004)
    _main_clock                              0x08000139   Thumb Code     0  entry7b.o(.ARM.Collect$$$$00000008)
    _main_cpp_init                           0x08000139   Thumb Code     0  entry8b.o(.ARM.Collect$$$$0000000A)
    _main_init                               0x08000139   Thumb Code     0  entry9a.o(.ARM.Collect$$$$0000000B)
    __rt_final_cpp                           0x08000141   Thumb Code     0  entry10a.o(.ARM.Collect$$$$0000000D)
    __rt_final_exit                          0x08000141   Thumb Code     0  entry11a.o(.ARM.Collect$$$$0000000F)
    Reset_Handler                            0x08000145   Thumb Code     8  startup_stm32f10x_hd.o(.text)
    ADC1_2_IRQHandler                        0x0800015f   Thumb Code     0  startup_stm32f10x_hd.o(.text)
    ADC3_IRQHandler                          0x0800015f   Thumb Code     0  startup_stm32f10x_hd.o(.text)
    CAN1_RX1_IRQHandler                      0x0800015f   Thumb Code     0  startup_stm32f10x_hd.o(.text)
    CAN1_SCE_IRQHandler                      0x0800015f   Thumb Code     0  startup_stm32f10x_hd.o(.text)
    DMA1_Channel1_IRQHandler                 0x0800015f   Thumb Code     0  startup_stm32f10x_hd.o(.text)
    DMA1_Channel2_IRQHandler                 0x0800015f   Thumb Code     0  startup_stm32f10x_hd.o(.text)
    DMA1_Channel3_IRQHandler                 0x0800015f   Thumb Code     0  startup_stm32f10x_hd.o(.text)
    DMA1_Channel4_IRQHandler                 0x0800015f   Thumb Code     0  startup_stm32f10x_hd.o(.text)
    DMA1_Channel5_IRQHandler                 0x0800015f   Thumb Code     0  startup_stm32f10x_hd.o(.text)
    DMA1_Channel6_IRQHandler                 0x0800015f   Thumb Code     0  startup_stm32f10x_hd.o(.text)
    DMA1_Channel7_IRQHandler                 0x0800015f   Thumb Code     0  startup_stm32f10x_hd.o(.text)
    DMA2_Channel1_IRQHandler                 0x0800015f   Thumb Code     0  startup_stm32f10x_hd.o(.text)
    DMA2_Channel2_IRQHandler                 0x0800015f   Thumb Code     0  startup_stm32f10x_hd.o(.text)
    DMA2_Channel3_IRQHandler                 0x0800015f   Thumb Code     0  startup_stm32f10x_hd.o(.text)
    DMA2_Channel4_5_IRQHandler               0x0800015f   Thumb Code     0  startup_stm32f10x_hd.o(.text)
    EXTI0_IRQHandler                         0x0800015f   Thumb Code     0  startup_stm32f10x_hd.o(.text)
    EXTI15_10_IRQHandler                     0x0800015f   Thumb Code     0  startup_stm32f10x_hd.o(.text)
    EXTI1_IRQHandler                         0x0800015f   Thumb Code     0  startup_stm32f10x_hd.o(.text)
    EXTI2_IRQHandler                         0x0800015f   Thumb Code     0  startup_stm32f10x_hd.o(.text)
    EXTI3_IRQHandler                         0x0800015f   Thumb Code     0  startup_stm32f10x_hd.o(.text)
    EXTI4_IRQHandler                         0x0800015f   Thumb Code     0  startup_stm32f10x_hd.o(.text)
    EXTI9_5_IRQHandler                       0x0800015f   Thumb Code     0  startup_stm32f10x_hd.o(.text)
    FLASH_IRQHandler                         0x0800015f   Thumb Code     0  startup_stm32f10x_hd.o(.text)
    FSMC_IRQHandler                          0x0800015f   Thumb Code     0  startup_stm32f10x_hd.o(.text)
    I2C1_ER_IRQHandler                       0x0800015f   Thumb Code     0  startup_stm32f10x_hd.o(.text)
    I2C1_EV_IRQHandler                       0x0800015f   Thumb Code     0  startup_stm32f10x_hd.o(.text)
    I2C2_ER_IRQHandler                       0x0800015f   Thumb Code     0  startup_stm32f10x_hd.o(.text)
    I2C2_EV_IRQHandler                       0x0800015f   Thumb Code     0  startup_stm32f10x_hd.o(.text)
    PVD_IRQHandler                           0x0800015f   Thumb Code     0  startup_stm32f10x_hd.o(.text)
    RCC_IRQHandler                           0x0800015f   Thumb Code     0  startup_stm32f10x_hd.o(.text)
    RTCAlarm_IRQHandler                      0x0800015f   Thumb Code     0  startup_stm32f10x_hd.o(.text)
    RTC_IRQHandler                           0x0800015f   Thumb Code     0  startup_stm32f10x_hd.o(.text)
    SDIO_IRQHandler                          0x0800015f   Thumb Code     0  startup_stm32f10x_hd.o(.text)
    SPI1_IRQHandler                          0x0800015f   Thumb Code     0  startup_stm32f10x_hd.o(.text)
    SPI2_IRQHandler                          0x0800015f   Thumb Code     0  startup_stm32f10x_hd.o(.text)
    SPI3_IRQHandler                          0x0800015f   Thumb Code     0  startup_stm32f10x_hd.o(.text)
    TAMPER_IRQHandler                        0x0800015f   Thumb Code     0  startup_stm32f10x_hd.o(.text)
    TIM1_BRK_IRQHandler                      0x0800015f   Thumb Code     0  startup_stm32f10x_hd.o(.text)
    TIM1_CC_IRQHandler                       0x0800015f   Thumb Code     0  startup_stm32f10x_hd.o(.text)
    TIM1_TRG_COM_IRQHandler                  0x0800015f   Thumb Code     0  startup_stm32f10x_hd.o(.text)
    TIM1_UP_IRQHandler                       0x0800015f   Thumb Code     0  startup_stm32f10x_hd.o(.text)
    TIM3_IRQHandler                          0x0800015f   Thumb Code     0  startup_stm32f10x_hd.o(.text)
    TIM4_IRQHandler                          0x0800015f   Thumb Code     0  startup_stm32f10x_hd.o(.text)
    TIM5_IRQHandler                          0x0800015f   Thumb Code     0  startup_stm32f10x_hd.o(.text)
    TIM6_IRQHandler                          0x0800015f   Thumb Code     0  startup_stm32f10x_hd.o(.text)
    TIM7_IRQHandler                          0x0800015f   Thumb Code     0  startup_stm32f10x_hd.o(.text)
    TIM8_BRK_IRQHandler                      0x0800015f   Thumb Code     0  startup_stm32f10x_hd.o(.text)
    TIM8_CC_IRQHandler                       0x0800015f   Thumb Code     0  startup_stm32f10x_hd.o(.text)
    TIM8_TRG_COM_IRQHandler                  0x0800015f   Thumb Code     0  startup_stm32f10x_hd.o(.text)
    TIM8_UP_IRQHandler                       0x0800015f   Thumb Code     0  startup_stm32f10x_hd.o(.text)
    UART4_IRQHandler                         0x0800015f   Thumb Code     0  startup_stm32f10x_hd.o(.text)
    USART1_IRQHandler                        0x0800015f   Thumb Code     0  startup_stm32f10x_hd.o(.text)
    USART2_IRQHandler                        0x0800015f   Thumb Code     0  startup_stm32f10x_hd.o(.text)
    USART3_IRQHandler                        0x0800015f   Thumb Code     0  startup_stm32f10x_hd.o(.text)
    USBWakeUp_IRQHandler                     0x0800015f   Thumb Code     0  startup_stm32f10x_hd.o(.text)
    USB_HP_CAN1_TX_IRQHandler                0x0800015f   Thumb Code     0  startup_stm32f10x_hd.o(.text)
    USB_LP_CAN1_RX0_IRQHandler               0x0800015f   Thumb Code     0  startup_stm32f10x_hd.o(.text)
    WWDG_IRQHandler                          0x0800015f   Thumb Code     0  startup_stm32f10x_hd.o(.text)
    SystemInit                               0x08000247   Thumb Code    78  system_stm32f10x.o(.text)
    SystemCoreClockUpdate                    0x08000295   Thumb Code   142  system_stm32f10x.o(.text)
    NVIC_PriorityGroupConfig                 0x08000349   Thumb Code    10  misc.o(.text)
    NVIC_Init                                0x08000353   Thumb Code   100  misc.o(.text)
    NVIC_SetVectorTable                      0x080003b7   Thumb Code    14  misc.o(.text)
    NVIC_SystemLPConfig                      0x080003c5   Thumb Code    34  misc.o(.text)
    SysTick_CLKSourceConfig                  0x080003e7   Thumb Code    40  misc.o(.text)
    GPIO_DeInit                              0x08000425   Thumb Code   172  stm32f10x_gpio.o(.text)
    GPIO_AFIODeInit                          0x080004d1   Thumb Code    20  stm32f10x_gpio.o(.text)
    GPIO_Init                                0x080004e5   Thumb Code   278  stm32f10x_gpio.o(.text)
    GPIO_StructInit                          0x080005fb   Thumb Code    16  stm32f10x_gpio.o(.text)
    GPIO_ReadInputDataBit                    0x0800060b   Thumb Code    18  stm32f10x_gpio.o(.text)
    GPIO_ReadInputData                       0x0800061d   Thumb Code     8  stm32f10x_gpio.o(.text)
    GPIO_ReadOutputDataBit                   0x08000625   Thumb Code    18  stm32f10x_gpio.o(.text)
    GPIO_ReadOutputData                      0x08000637   Thumb Code     8  stm32f10x_gpio.o(.text)
    GPIO_SetBits                             0x0800063f   Thumb Code     4  stm32f10x_gpio.o(.text)
    GPIO_ResetBits                           0x08000643   Thumb Code     4  stm32f10x_gpio.o(.text)
    GPIO_WriteBit                            0x08000647   Thumb Code    10  stm32f10x_gpio.o(.text)
    GPIO_Write                               0x08000651   Thumb Code     4  stm32f10x_gpio.o(.text)
    GPIO_PinLockConfig                       0x08000655   Thumb Code    18  stm32f10x_gpio.o(.text)
    GPIO_EventOutputConfig                   0x08000667   Thumb Code    26  stm32f10x_gpio.o(.text)
    GPIO_EventOutputCmd                      0x08000681   Thumb Code     6  stm32f10x_gpio.o(.text)
    GPIO_PinRemapConfig                      0x08000687   Thumb Code   138  stm32f10x_gpio.o(.text)
    GPIO_EXTILineConfig                      0x08000711   Thumb Code    66  stm32f10x_gpio.o(.text)
    GPIO_ETH_MediaInterfaceConfig            0x08000753   Thumb Code     8  stm32f10x_gpio.o(.text)
    RCC_DeInit                               0x08000781   Thumb Code    64  stm32f10x_rcc.o(.text)
    RCC_HSEConfig                            0x080007c1   Thumb Code    70  stm32f10x_rcc.o(.text)
    RCC_GetFlagStatus                        0x08000807   Thumb Code    56  stm32f10x_rcc.o(.text)
    RCC_WaitForHSEStartUp                    0x0800083f   Thumb Code    56  stm32f10x_rcc.o(.text)
    RCC_AdjustHSICalibrationValue            0x08000877   Thumb Code    20  stm32f10x_rcc.o(.text)
    RCC_HSICmd                               0x0800088b   Thumb Code     6  stm32f10x_rcc.o(.text)
    RCC_PLLConfig                            0x08000891   Thumb Code    24  stm32f10x_rcc.o(.text)
    RCC_PLLCmd                               0x080008a9   Thumb Code     6  stm32f10x_rcc.o(.text)
    RCC_SYSCLKConfig                         0x080008af   Thumb Code    18  stm32f10x_rcc.o(.text)
    RCC_GetSYSCLKSource                      0x080008c1   Thumb Code    10  stm32f10x_rcc.o(.text)
    RCC_HCLKConfig                           0x080008cb   Thumb Code    18  stm32f10x_rcc.o(.text)
    RCC_PCLK1Config                          0x080008dd   Thumb Code    18  stm32f10x_rcc.o(.text)
    RCC_PCLK2Config                          0x080008ef   Thumb Code    20  stm32f10x_rcc.o(.text)
    RCC_ITConfig                             0x08000903   Thumb Code    26  stm32f10x_rcc.o(.text)
    RCC_USBCLKConfig                         0x0800091d   Thumb Code     8  stm32f10x_rcc.o(.text)
    RCC_ADCCLKConfig                         0x08000925   Thumb Code    18  stm32f10x_rcc.o(.text)
    RCC_LSEConfig                            0x08000937   Thumb Code    50  stm32f10x_rcc.o(.text)
    RCC_LSICmd                               0x08000969   Thumb Code     6  stm32f10x_rcc.o(.text)
    RCC_RTCCLKConfig                         0x0800096f   Thumb Code    12  stm32f10x_rcc.o(.text)
    RCC_RTCCLKCmd                            0x0800097b   Thumb Code     8  stm32f10x_rcc.o(.text)
    RCC_GetClocksFreq                        0x08000983   Thumb Code   192  stm32f10x_rcc.o(.text)
    RCC_AHBPeriphClockCmd                    0x08000a43   Thumb Code    26  stm32f10x_rcc.o(.text)
    RCC_APB2PeriphClockCmd                   0x08000a5d   Thumb Code    26  stm32f10x_rcc.o(.text)
    RCC_APB1PeriphClockCmd                   0x08000a77   Thumb Code    26  stm32f10x_rcc.o(.text)
    RCC_APB2PeriphResetCmd                   0x08000a91   Thumb Code    26  stm32f10x_rcc.o(.text)
    RCC_APB1PeriphResetCmd                   0x08000aab   Thumb Code    26  stm32f10x_rcc.o(.text)
    RCC_BackupResetCmd                       0x08000ac5   Thumb Code     8  stm32f10x_rcc.o(.text)
    RCC_ClockSecuritySystemCmd               0x08000acd   Thumb Code     6  stm32f10x_rcc.o(.text)
    RCC_MCOConfig                            0x08000ad3   Thumb Code     6  stm32f10x_rcc.o(.text)
    RCC_ClearFlag                            0x08000ad9   Thumb Code    14  stm32f10x_rcc.o(.text)
    RCC_GetITStatus                          0x08000ae7   Thumb Code    20  stm32f10x_rcc.o(.text)
    RCC_ClearITPendingBit                    0x08000afb   Thumb Code     6  stm32f10x_rcc.o(.text)
    SPI_I2S_DeInit                           0x08000b25   Thumb Code    76  stm32f10x_spi.o(.text)
    SPI_Init                                 0x08000b71   Thumb Code    60  stm32f10x_spi.o(.text)
    I2S_Init                                 0x08000bad   Thumb Code   226  stm32f10x_spi.o(.text)
    SPI_StructInit                           0x08000c8f   Thumb Code    24  stm32f10x_spi.o(.text)
    I2S_StructInit                           0x08000ca7   Thumb Code    20  stm32f10x_spi.o(.text)
    SPI_Cmd                                  0x08000cbb   Thumb Code    24  stm32f10x_spi.o(.text)
    I2S_Cmd                                  0x08000cd3   Thumb Code    24  stm32f10x_spi.o(.text)
    SPI_I2S_ITConfig                         0x08000ceb   Thumb Code    32  stm32f10x_spi.o(.text)
    SPI_I2S_DMACmd                           0x08000d0b   Thumb Code    18  stm32f10x_spi.o(.text)
    SPI_I2S_SendData                         0x08000d1d   Thumb Code     4  stm32f10x_spi.o(.text)
    SPI_I2S_ReceiveData                      0x08000d21   Thumb Code     6  stm32f10x_spi.o(.text)
    SPI_NSSInternalSoftwareConfig            0x08000d27   Thumb Code    30  stm32f10x_spi.o(.text)
    SPI_SSOutputCmd                          0x08000d45   Thumb Code    24  stm32f10x_spi.o(.text)
    SPI_DataSizeConfig                       0x08000d5d   Thumb Code    18  stm32f10x_spi.o(.text)
    SPI_TransmitCRC                          0x08000d6f   Thumb Code    10  stm32f10x_spi.o(.text)
    SPI_CalculateCRC                         0x08000d79   Thumb Code    24  stm32f10x_spi.o(.text)
    SPI_GetCRC                               0x08000d91   Thumb Code    16  stm32f10x_spi.o(.text)
    SPI_GetCRCPolynomial                     0x08000da1   Thumb Code     6  stm32f10x_spi.o(.text)
    SPI_BiDirectionalLineConfig              0x08000da7   Thumb Code    28  stm32f10x_spi.o(.text)
    SPI_I2S_GetFlagStatus                    0x08000dc3   Thumb Code    18  stm32f10x_spi.o(.text)
    SPI_I2S_ClearFlag                        0x08000dd5   Thumb Code     6  stm32f10x_spi.o(.text)
    SPI_I2S_GetITStatus                      0x08000ddb   Thumb Code    52  stm32f10x_spi.o(.text)
    SPI_I2S_ClearITPendingBit                0x08000e0f   Thumb Code    20  stm32f10x_spi.o(.text)
    TIM_DeInit                               0x08000e31   Thumb Code   424  stm32f10x_tim.o(.text)
    TIM_TimeBaseInit                         0x08000fd9   Thumb Code   122  stm32f10x_tim.o(.text)
    TIM_OC1Init                              0x08001053   Thumb Code   132  stm32f10x_tim.o(.text)
    TIM_OC2Init                              0x080010d7   Thumb Code   154  stm32f10x_tim.o(.text)
    TIM_OC3Init                              0x08001171   Thumb Code   150  stm32f10x_tim.o(.text)
    TIM_OC4Init                              0x08001207   Thumb Code   182  stm32f10x_tim.o(.text)
    TIM_SetIC4Prescaler                      0x080012bd   Thumb Code    26  stm32f10x_tim.o(.text)
    TIM_SetIC3Prescaler                      0x08001359   Thumb Code    18  stm32f10x_tim.o(.text)
    TIM_SetIC2Prescaler                      0x080013e5   Thumb Code    26  stm32f10x_tim.o(.text)
    TIM_SetIC1Prescaler                      0x08001481   Thumb Code    18  stm32f10x_tim.o(.text)
    TIM_ICInit                               0x080014ff   Thumb Code   150  stm32f10x_tim.o(.text)
    TIM_PWMIConfig                           0x08001595   Thumb Code   124  stm32f10x_tim.o(.text)
    TIM_BDTRConfig                           0x08001611   Thumb Code    32  stm32f10x_tim.o(.text)
    TIM_TimeBaseStructInit                   0x08001631   Thumb Code    18  stm32f10x_tim.o(.text)
    TIM_OCStructInit                         0x08001643   Thumb Code    20  stm32f10x_tim.o(.text)
    TIM_ICStructInit                         0x08001657   Thumb Code    18  stm32f10x_tim.o(.text)
    TIM_BDTRStructInit                       0x08001669   Thumb Code    40  stm32f10x_tim.o(.text)
    TIM_Cmd                                  0x08001691   Thumb Code    24  stm32f10x_tim.o(.text)
    TIM_CtrlPWMOutputs                       0x080016a9   Thumb Code    30  stm32f10x_tim.o(.text)
    TIM_ITConfig                             0x080016c7   Thumb Code    18  stm32f10x_tim.o(.text)
    TIM_GenerateEvent                        0x080016d9   Thumb Code     4  stm32f10x_tim.o(.text)
    TIM_DMAConfig                            0x080016dd   Thumb Code    10  stm32f10x_tim.o(.text)
    TIM_DMACmd                               0x080016e7   Thumb Code    18  stm32f10x_tim.o(.text)
    TIM_InternalClockConfig                  0x080016f9   Thumb Code    12  stm32f10x_tim.o(.text)
    TIM_SelectInputTrigger                   0x08001705   Thumb Code    18  stm32f10x_tim.o(.text)
    TIM_ITRxExternalClockConfig              0x08001717   Thumb Code    24  stm32f10x_tim.o(.text)
    TIM_TIxExternalClockConfig               0x0800172f   Thumb Code    62  stm32f10x_tim.o(.text)
    TIM_ETRConfig                            0x0800176d   Thumb Code    28  stm32f10x_tim.o(.text)
    TIM_ETRClockMode1Config                  0x08001789   Thumb Code    54  stm32f10x_tim.o(.text)
    TIM_ETRClockMode2Config                  0x080017bf   Thumb Code    32  stm32f10x_tim.o(.text)
    TIM_PrescalerConfig                      0x080017df   Thumb Code     6  stm32f10x_tim.o(.text)
    TIM_CounterModeConfig                    0x080017e5   Thumb Code    18  stm32f10x_tim.o(.text)
    TIM_EncoderInterfaceConfig               0x080017f7   Thumb Code    66  stm32f10x_tim.o(.text)
    TIM_ForcedOC1Config                      0x08001839   Thumb Code    18  stm32f10x_tim.o(.text)
    TIM_ForcedOC2Config                      0x0800184b   Thumb Code    26  stm32f10x_tim.o(.text)
    TIM_ForcedOC3Config                      0x08001865   Thumb Code    18  stm32f10x_tim.o(.text)
    TIM_ForcedOC4Config                      0x08001877   Thumb Code    26  stm32f10x_tim.o(.text)
    TIM_ARRPreloadConfig                     0x08001891   Thumb Code    24  stm32f10x_tim.o(.text)
    TIM_SelectCOM                            0x080018a9   Thumb Code    24  stm32f10x_tim.o(.text)
    TIM_SelectCCDMA                          0x080018c1   Thumb Code    24  stm32f10x_tim.o(.text)
    TIM_CCPreloadControl                     0x080018d9   Thumb Code    24  stm32f10x_tim.o(.text)
    TIM_OC1PreloadConfig                     0x080018f1   Thumb Code    18  stm32f10x_tim.o(.text)
    TIM_OC2PreloadConfig                     0x08001903   Thumb Code    26  stm32f10x_tim.o(.text)
    TIM_OC3PreloadConfig                     0x0800191d   Thumb Code    18  stm32f10x_tim.o(.text)
    TIM_OC4PreloadConfig                     0x0800192f   Thumb Code    26  stm32f10x_tim.o(.text)
    TIM_OC1FastConfig                        0x08001949   Thumb Code    18  stm32f10x_tim.o(.text)
    TIM_OC2FastConfig                        0x0800195b   Thumb Code    26  stm32f10x_tim.o(.text)
    TIM_OC3FastConfig                        0x08001975   Thumb Code    18  stm32f10x_tim.o(.text)
    TIM_OC4FastConfig                        0x08001987   Thumb Code    26  stm32f10x_tim.o(.text)
    TIM_ClearOC1Ref                          0x080019a1   Thumb Code    18  stm32f10x_tim.o(.text)
    TIM_ClearOC2Ref                          0x080019b3   Thumb Code    24  stm32f10x_tim.o(.text)
    TIM_ClearOC3Ref                          0x080019cb   Thumb Code    18  stm32f10x_tim.o(.text)
    TIM_ClearOC4Ref                          0x080019dd   Thumb Code    24  stm32f10x_tim.o(.text)
    TIM_OC1PolarityConfig                    0x080019f5   Thumb Code    18  stm32f10x_tim.o(.text)
    TIM_OC1NPolarityConfig                   0x08001a07   Thumb Code    18  stm32f10x_tim.o(.text)
    TIM_OC2PolarityConfig                    0x08001a19   Thumb Code    26  stm32f10x_tim.o(.text)
    TIM_OC2NPolarityConfig                   0x08001a33   Thumb Code    26  stm32f10x_tim.o(.text)
    TIM_OC3PolarityConfig                    0x08001a4d   Thumb Code    26  stm32f10x_tim.o(.text)
    TIM_OC3NPolarityConfig                   0x08001a67   Thumb Code    26  stm32f10x_tim.o(.text)
    TIM_OC4PolarityConfig                    0x08001a81   Thumb Code    26  stm32f10x_tim.o(.text)
    TIM_CCxCmd                               0x08001a9b   Thumb Code    30  stm32f10x_tim.o(.text)
    TIM_CCxNCmd                              0x08001ab9   Thumb Code    30  stm32f10x_tim.o(.text)
    TIM_SelectOCxM                           0x08001ad7   Thumb Code    82  stm32f10x_tim.o(.text)
    TIM_UpdateDisableConfig                  0x08001b29   Thumb Code    24  stm32f10x_tim.o(.text)
    TIM_UpdateRequestConfig                  0x08001b41   Thumb Code    24  stm32f10x_tim.o(.text)
    TIM_SelectHallSensor                     0x08001b59   Thumb Code    24  stm32f10x_tim.o(.text)
    TIM_SelectOnePulseMode                   0x08001b71   Thumb Code    18  stm32f10x_tim.o(.text)
    TIM_SelectOutputTrigger                  0x08001b83   Thumb Code    18  stm32f10x_tim.o(.text)
    TIM_SelectSlaveMode                      0x08001b95   Thumb Code    18  stm32f10x_tim.o(.text)
    TIM_SelectMasterSlaveMode                0x08001ba7   Thumb Code    18  stm32f10x_tim.o(.text)
    TIM_SetCounter                           0x08001bb9   Thumb Code     4  stm32f10x_tim.o(.text)
    TIM_SetAutoreload                        0x08001bbd   Thumb Code     4  stm32f10x_tim.o(.text)
    TIM_SetCompare1                          0x08001bc1   Thumb Code     4  stm32f10x_tim.o(.text)
    TIM_SetCompare2                          0x08001bc5   Thumb Code     4  stm32f10x_tim.o(.text)
    TIM_SetCompare3                          0x08001bc9   Thumb Code     4  stm32f10x_tim.o(.text)
    TIM_SetCompare4                          0x08001bcd   Thumb Code     6  stm32f10x_tim.o(.text)
    TIM_SetClockDivision                     0x08001bd3   Thumb Code    18  stm32f10x_tim.o(.text)
    TIM_GetCapture1                          0x08001be5   Thumb Code     6  stm32f10x_tim.o(.text)
    TIM_GetCapture2                          0x08001beb   Thumb Code     6  stm32f10x_tim.o(.text)
    TIM_GetCapture3                          0x08001bf1   Thumb Code     6  stm32f10x_tim.o(.text)
    TIM_GetCapture4                          0x08001bf7   Thumb Code     8  stm32f10x_tim.o(.text)
    TIM_GetCounter                           0x08001bff   Thumb Code     6  stm32f10x_tim.o(.text)
    TIM_GetPrescaler                         0x08001c05   Thumb Code     6  stm32f10x_tim.o(.text)
    TIM_GetFlagStatus                        0x08001c0b   Thumb Code    18  stm32f10x_tim.o(.text)
    TIM_ClearFlag                            0x08001c1d   Thumb Code     6  stm32f10x_tim.o(.text)
    TIM_GetITStatus                          0x08001c23   Thumb Code    34  stm32f10x_tim.o(.text)
    TIM_ClearITPendingBit                    0x08001c45   Thumb Code     6  stm32f10x_tim.o(.text)
    USART_DeInit                             0x08001c4d   Thumb Code   134  stm32f10x_usart.o(.text)
    USART_Init                               0x08001cd3   Thumb Code   210  stm32f10x_usart.o(.text)
    USART_StructInit                         0x08001da5   Thumb Code    24  stm32f10x_usart.o(.text)
    USART_ClockInit                          0x08001dbd   Thumb Code    34  stm32f10x_usart.o(.text)
    USART_ClockStructInit                    0x08001ddf   Thumb Code    12  stm32f10x_usart.o(.text)
    USART_Cmd                                0x08001deb   Thumb Code    24  stm32f10x_usart.o(.text)
    USART_ITConfig                           0x08001e03   Thumb Code    74  stm32f10x_usart.o(.text)
    USART_DMACmd                             0x08001e4d   Thumb Code    18  stm32f10x_usart.o(.text)
    USART_SetAddress                         0x08001e5f   Thumb Code    18  stm32f10x_usart.o(.text)
    USART_WakeUpConfig                       0x08001e71   Thumb Code    18  stm32f10x_usart.o(.text)
    USART_ReceiverWakeUpCmd                  0x08001e83   Thumb Code    24  stm32f10x_usart.o(.text)
    USART_LINBreakDetectLengthConfig         0x08001e9b   Thumb Code    18  stm32f10x_usart.o(.text)
    USART_LINCmd                             0x08001ead   Thumb Code    24  stm32f10x_usart.o(.text)
    USART_SendData                           0x08001ec5   Thumb Code     8  stm32f10x_usart.o(.text)
    USART_ReceiveData                        0x08001ecd   Thumb Code    10  stm32f10x_usart.o(.text)
    USART_SendBreak                          0x08001ed7   Thumb Code    10  stm32f10x_usart.o(.text)
    USART_SetGuardTime                       0x08001ee1   Thumb Code    16  stm32f10x_usart.o(.text)
    USART_SetPrescaler                       0x08001ef1   Thumb Code    16  stm32f10x_usart.o(.text)
    USART_SmartCardCmd                       0x08001f01   Thumb Code    24  stm32f10x_usart.o(.text)
    USART_SmartCardNACKCmd                   0x08001f19   Thumb Code    24  stm32f10x_usart.o(.text)
    USART_HalfDuplexCmd                      0x08001f31   Thumb Code    24  stm32f10x_usart.o(.text)
    USART_OverSampling8Cmd                   0x08001f49   Thumb Code    22  stm32f10x_usart.o(.text)
    USART_OneBitMethodCmd                    0x08001f5f   Thumb Code    24  stm32f10x_usart.o(.text)
    USART_IrDAConfig                         0x08001f77   Thumb Code    18  stm32f10x_usart.o(.text)
    USART_IrDACmd                            0x08001f89   Thumb Code    24  stm32f10x_usart.o(.text)
    USART_GetFlagStatus                      0x08001fa1   Thumb Code    26  stm32f10x_usart.o(.text)
    USART_ClearFlag                          0x08001fbb   Thumb Code    18  stm32f10x_usart.o(.text)
    USART_GetITStatus                        0x08001fcd   Thumb Code    84  stm32f10x_usart.o(.text)
    USART_ClearITPendingBit                  0x08002021   Thumb Code    52  stm32f10x_usart.o(.text)
    I2C_DeInit                               0x08002055   Thumb Code    50  stm32f10x_i2c.o(.text)
    I2C_Init                                 0x08002087   Thumb Code   222  stm32f10x_i2c.o(.text)
    I2C_StructInit                           0x08002165   Thumb Code    30  stm32f10x_i2c.o(.text)
    I2C_Cmd                                  0x08002183   Thumb Code    24  stm32f10x_i2c.o(.text)
    I2C_DMACmd                               0x0800219b   Thumb Code    24  stm32f10x_i2c.o(.text)
    I2C_DMALastTransferCmd                   0x080021b3   Thumb Code    24  stm32f10x_i2c.o(.text)
    I2C_GenerateSTART                        0x080021cb   Thumb Code    24  stm32f10x_i2c.o(.text)
    I2C_GenerateSTOP                         0x080021e3   Thumb Code    24  stm32f10x_i2c.o(.text)
    I2C_AcknowledgeConfig                    0x080021fb   Thumb Code    24  stm32f10x_i2c.o(.text)
    I2C_OwnAddress2Config                    0x08002213   Thumb Code    22  stm32f10x_i2c.o(.text)
    I2C_DualAddressCmd                       0x08002229   Thumb Code    24  stm32f10x_i2c.o(.text)
    I2C_GeneralCallCmd                       0x08002241   Thumb Code    24  stm32f10x_i2c.o(.text)
    I2C_ITConfig                             0x08002259   Thumb Code    18  stm32f10x_i2c.o(.text)
    I2C_SendData                             0x0800226b   Thumb Code     4  stm32f10x_i2c.o(.text)
    I2C_ReceiveData                          0x0800226f   Thumb Code     8  stm32f10x_i2c.o(.text)
    I2C_Send7bitAddress                      0x08002277   Thumb Code    18  stm32f10x_i2c.o(.text)
    I2C_ReadRegister                         0x08002289   Thumb Code    22  stm32f10x_i2c.o(.text)
    I2C_SoftwareResetCmd                     0x0800229f   Thumb Code    22  stm32f10x_i2c.o(.text)
    I2C_NACKPositionConfig                   0x080022b5   Thumb Code    28  stm32f10x_i2c.o(.text)
    I2C_SMBusAlertConfig                     0x080022d1   Thumb Code    28  stm32f10x_i2c.o(.text)
    I2C_TransmitPEC                          0x080022ed   Thumb Code    24  stm32f10x_i2c.o(.text)
    I2C_PECPositionConfig                    0x08002305   Thumb Code    28  stm32f10x_i2c.o(.text)
    I2C_CalculatePEC                         0x08002321   Thumb Code    24  stm32f10x_i2c.o(.text)
    I2C_GetPEC                               0x08002339   Thumb Code     8  stm32f10x_i2c.o(.text)
    I2C_ARPCmd                               0x08002341   Thumb Code    24  stm32f10x_i2c.o(.text)
    I2C_StretchClockCmd                      0x08002359   Thumb Code    24  stm32f10x_i2c.o(.text)
    I2C_FastModeDutyCycleConfig              0x08002371   Thumb Code    28  stm32f10x_i2c.o(.text)
    I2C_CheckEvent                           0x0800238d   Thumb Code    42  stm32f10x_i2c.o(.text)
    I2C_GetLastEvent                         0x080023b7   Thumb Code    26  stm32f10x_i2c.o(.text)
    I2C_GetFlagStatus                        0x080023d1   Thumb Code    58  stm32f10x_i2c.o(.text)
    I2C_ClearFlag                            0x0800240b   Thumb Code    12  stm32f10x_i2c.o(.text)
    I2C_GetITStatus                          0x08002417   Thumb Code    54  stm32f10x_i2c.o(.text)
    I2C_ClearITPendingBit                    0x0800244d   Thumb Code    12  stm32f10x_i2c.o(.text)
    IWDG_WriteAccessCmd                      0x08002459   Thumb Code     6  stm32f10x_iwdg.o(.text)
    IWDG_SetPrescaler                        0x0800245f   Thumb Code     6  stm32f10x_iwdg.o(.text)
    IWDG_SetReload                           0x08002465   Thumb Code     6  stm32f10x_iwdg.o(.text)
    IWDG_ReloadCounter                       0x0800246b   Thumb Code    10  stm32f10x_iwdg.o(.text)
    IWDG_Enable                              0x08002475   Thumb Code    10  stm32f10x_iwdg.o(.text)
    IWDG_GetFlagStatus                       0x0800247f   Thumb Code    20  stm32f10x_iwdg.o(.text)
    data_send                                0x08002499   Thumb Code   258  main.o(.text)
    main                                     0x0800259b   Thumb Code   350  main.o(.text)
    NMI_Handler                              0x08002849   Thumb Code     2  stm32f10x_it.o(.text)
    HardFault_Handler                        0x0800284b   Thumb Code     4  stm32f10x_it.o(.text)
    MemManage_Handler                        0x0800284f   Thumb Code     4  stm32f10x_it.o(.text)
    BusFault_Handler                         0x08002853   Thumb Code     4  stm32f10x_it.o(.text)
    UsageFault_Handler                       0x08002857   Thumb Code     4  stm32f10x_it.o(.text)
    SVC_Handler                              0x0800285b   Thumb Code     2  stm32f10x_it.o(.text)
    DebugMon_Handler                         0x0800285d   Thumb Code     2  stm32f10x_it.o(.text)
    PendSV_Handler                           0x0800285f   Thumb Code     2  stm32f10x_it.o(.text)
    SysTick_Handler                          0x08002861   Thumb Code     2  stm32f10x_it.o(.text)
    TIM2_IRQHandler                          0x08002863   Thumb Code    26  stm32f10x_it.o(.text)
    USART1_Config                            0x0800287d   Thumb Code   114  bsp_usart1.o(.text)
    USART5_Config                            0x080028ef   Thumb Code   164  bsp_usart1.o(.text)
    fputc                                    0x08002993   Thumb Code    32  bsp_usart1.o(.text)
    fgetc                                    0x080029b3   Thumb Code    26  bsp_usart1.o(.text)
    SPI_FLASH_Init                           0x080029e1   Thumb Code   168  bsp_spi_flash.o(.text)
    SPI_FLASH_SendByte                       0x08002a89   Thumb Code    50  bsp_spi_flash.o(.text)
    TIM2_NVIC_Configuration                  0x08002ac5   Thumb Code    42  bsp_timbase.o(.text)
    TIM2_Configuration                       0x08002aef   Thumb Code    80  bsp_timbase.o(.text)
    I2C_EE_Init                              0x08002bc3   Thumb Code    18  bsp_i2c_ee.o(.text)
    I2C_EE_ByteWrite                         0x08002be5   Thumb Code   226  bsp_i2c_ee.o(.text)
    I2C_EE_BufferReadx                       0x08002cc7   Thumb Code   418  bsp_i2c_ee.o(.text)
    I2C_EE_BufferRead                        0x08002e69   Thumb Code   502  bsp_i2c_ee.o(.text)
    I2C_EE_WaitEepromStandbyState            0x0800305f   Thumb Code    72  bsp_i2c_ee.o(.text)
    I2C_EE_PageWrite                         0x080030a7   Thumb Code   290  bsp_i2c_ee.o(.text)
    IWDG_Config                              0x080031e1   Thumb Code    36  bsp_iwdg.o(.text)
    IWDG_Feed                                0x08003205   Thumb Code     8  bsp_iwdg.o(.text)
    write_config_to_eeprom                   0x0800320d   Thumb Code    12  w5500_conf.o(.text)
    read_config_from_eeprom                  0x08003219   Thumb Code    10  w5500_conf.o(.text)
    set_w5500_ip                             0x08003223   Thumb Code   334  w5500_conf.o(.text)
    set_w5500_mac                            0x08003371   Thumb Code    32  w5500_conf.o(.text)
    gpio_for_w5500_config                    0x08003391   Thumb Code    84  w5500_conf.o(.text)
    wiz_cs                                   0x080033e5   Thumb Code    30  w5500_conf.o(.text)
    iinchip_csoff                            0x08003403   Thumb Code    10  w5500_conf.o(.text)
    iinchip_cson                             0x0800340d   Thumb Code    10  w5500_conf.o(.text)
    reset_w5500                              0x08003417   Thumb Code    38  w5500_conf.o(.text)
    IINCHIP_SpiSendData                      0x0800343d   Thumb Code    12  w5500_conf.o(.text)
    IINCHIP_WRITE                            0x08003449   Thumb Code    50  w5500_conf.o(.text)
    IINCHIP_READ                             0x0800347b   Thumb Code    50  w5500_conf.o(.text)
    wiz_write_buf                            0x080034ad   Thumb Code    80  w5500_conf.o(.text)
    wiz_read_buf                             0x080034fd   Thumb Code    78  w5500_conf.o(.text)
    timer2_init                              0x0800354b   Thumb Code    20  w5500_conf.o(.text)
    dhcp_timer_init                          0x0800355f   Thumb Code     8  w5500_conf.o(.text)
    ntp_timer_init                           0x08003567   Thumb Code     8  w5500_conf.o(.text)
    timer2_isr                               0x0800356f   Thumb Code    46  w5500_conf.o(.text)
    reboot                                   0x0800359d   Thumb Code    18  w5500_conf.o(.text)
    setMR                                    0x0800373d   Thumb Code    14  w5500.o(.text)
    iinchip_init                             0x0800374b   Thumb Code    10  w5500.o(.text)
    getIINCHIP_RxMAX                         0x08003755   Thumb Code    10  w5500.o(.text)
    getIINCHIP_TxMAX                         0x0800375f   Thumb Code    10  w5500.o(.text)
    setGAR                                   0x08003769   Thumb Code    16  w5500.o(.text)
    getGAR                                   0x08003779   Thumb Code    16  w5500.o(.text)
    setSUBR                                  0x08003789   Thumb Code    18  w5500.o(.text)
    setSHAR                                  0x0800379b   Thumb Code    18  w5500.o(.text)
    setSIPR                                  0x080037ad   Thumb Code    18  w5500.o(.text)
    getSUBR                                  0x080037bf   Thumb Code    18  w5500.o(.text)
    getSHAR                                  0x080037d1   Thumb Code    18  w5500.o(.text)
    getSIPR                                  0x080037e3   Thumb Code    18  w5500.o(.text)
    getIR                                    0x080037f5   Thumb Code    12  w5500.o(.text)
    setRTR                                   0x08003801   Thumb Code    26  w5500.o(.text)
    setRCR                                   0x0800381b   Thumb Code    16  w5500.o(.text)
    clearIR                                  0x0800382b   Thumb Code    26  w5500.o(.text)
    setSn_MSS                                0x08003845   Thumb Code    36  w5500.o(.text)
    setSn_TTL                                0x08003869   Thumb Code    22  w5500.o(.text)
    getSn_IR                                 0x0800387f   Thumb Code    18  w5500.o(.text)
    setSn_IR                                 0x08003891   Thumb Code    22  w5500.o(.text)
    getSn_SR                                 0x080038a7   Thumb Code    18  w5500.o(.text)
    getSn_TX_FSR                             0x080038b9   Thumb Code    84  w5500.o(.text)
    getSn_RX_RSR                             0x0800390d   Thumb Code    84  w5500.o(.text)
    send_data_processing                     0x08003961   Thumb Code   116  w5500.o(.text)
    recv_data_processing                     0x080039d5   Thumb Code   116  w5500.o(.text)
    socket_buf_init                          0x08003a49   Thumb Code   128  w5500.o(.text)
    close                                    0x08003b11   Thumb Code    52  socket.o(.text)
    socket                                   0x08003b45   Thumb Code   192  socket.o(.text)
    listen                                   0x08003c05   Thumb Code    62  socket.o(.text)
    connect                                  0x08003c43   Thumb Code   248  socket.o(.text)
    disconnect                               0x08003d3b   Thumb Code    38  socket.o(.text)
    send                                     0x08003d61   Thumb Code   216  socket.o(.text)
    recv                                     0x08003e39   Thumb Code    66  socket.o(.text)
    sendto                                   0x08003e7b   Thumb Code   268  socket.o(.text)
    recvfrom                                 0x08003f87   Thumb Code   510  socket.o(.text)
    systick_init                             0x0800419d   Thumb Code    56  utility.o(.text)
    delay_ms                                 0x080041d5   Thumb Code    56  utility.o(.text)
    delay_s                                  0x0800420d   Thumb Code    22  utility.o(.text)
    delay_us                                 0x08004223   Thumb Code    56  utility.o(.text)
    c2d                                      0x0800425b   Thumb Code    54  utility.o(.text)
    atoi16                                   0x08004291   Thumb Code    32  utility.o(.text)
    atoi32                                   0x080042b1   Thumb Code    32  utility.o(.text)
    itoa                                     0x080042d1   Thumb Code    64  utility.o(.text)
    validatoi                                0x08004311   Thumb Code    72  utility.o(.text)
    replacetochar                            0x08004359   Thumb Code    26  utility.o(.text)
    swaps                                    0x08004373   Thumb Code    14  utility.o(.text)
    swapl                                    0x08004381   Thumb Code    28  utility.o(.text)
    mid                                      0x0800439d   Thumb Code    68  utility.o(.text)
    inet_addr_                               0x080043e1   Thumb Code    90  utility.o(.text)
    inet_ntoa                                0x0800443b   Thumb Code    40  utility.o(.text)
    inet_ntoa_pad                            0x08004463   Thumb Code    40  utility.o(.text)
    verify_ip_address                        0x0800448b   Thumb Code   116  utility.o(.text)
    htons                                    0x080044ff   Thumb Code    12  utility.o(.text)
    htonl                                    0x0800450b   Thumb Code    12  utility.o(.text)
    ntohs                                    0x08004517   Thumb Code    12  utility.o(.text)
    ntohl                                    0x08004523   Thumb Code    12  utility.o(.text)
    checksum                                 0x0800452f   Thumb Code    76  utility.o(.text)
    check_dest_in_local                      0x0800457b   Thumb Code   116  utility.o(.text)
    do_tcp_server                            0x080045f1   Thumb Code   128  tcp_demo.o(.text)
    do_tcp_client                            0x08004671   Thumb Code   114  tcp_demo.o(.text)
    reset_DHCP_time                          0x08004701   Thumb Code    28  dhcp.o(.text)
    send_DHCP_DISCOVER                       0x0800471d   Thumb Code   680  dhcp.o(.text)
    send_DHCP_REQUEST                        0x080049c5   Thumb Code  1030  dhcp.o(.text)
    send_DHCP_RELEASE_DECLINE                0x08004dcb   Thumb Code   674  dhcp.o(.text)
    parseDHCPMSG                             0x0800506d   Thumb Code   326  dhcp.o(.text)
    check_DHCP_Timeout                       0x080051b3   Thumb Code   110  dhcp.o(.text)
    check_leasedIP                           0x08005221   Thumb Code    38  dhcp.o(.text)
    check_DHCP_state                         0x08005247   Thumb Code   418  dhcp.o(.text)
    DHCP_timer_handler                       0x080053e9   Thumb Code    36  dhcp.o(.text)
    init_dhcp_client                         0x0800540d   Thumb Code   104  dhcp.o(.text)
    do_dhcp                                  0x08005475   Thumb Code   116  dhcp.o(.text)
    Huy_Return                               0x08005589   Thumb Code   242  temp_humi.o(.text)
    Team_Return                              0x0800567b   Thumb Code   164  temp_humi.o(.text)
    Team_Huy_Read                            0x0800571f   Thumb Code    48  temp_humi.o(.text)
    cal_culat                                0x0800574f   Thumb Code     4  temp_humi.o(.text)
    UART5_IRQHandler                         0x080057e5   Thumb Code    42  bt.o(.text)
    wifi_send_command_BT                     0x0800580f   Thumb Code   158  bt.o(.text)
    BT_Init                                  0x080058ad   Thumb Code    24  bt.o(.text)
    __aeabi_memset                           0x08005939   Thumb Code    14  memseta.o(.text)
    __aeabi_memset4                          0x08005939   Thumb Code     0  memseta.o(.text)
    __aeabi_memset8                          0x08005939   Thumb Code     0  memseta.o(.text)
    __aeabi_memclr                           0x08005947   Thumb Code     4  memseta.o(.text)
    __aeabi_memclr4                          0x08005947   Thumb Code     0  memseta.o(.text)
    __aeabi_memclr8                          0x08005947   Thumb Code     0  memseta.o(.text)
    _memset$wrapper                          0x0800594b   Thumb Code    18  memseta.o(.text)
    strcat                                   0x0800595d   Thumb Code    24  strcat.o(.text)
    strstr                                   0x08005975   Thumb Code    36  strstr.o(.text)
    strncpy                                  0x08005999   Thumb Code    24  strncpy.o(.text)
    strlen                                   0x080059b1   Thumb Code    14  strlen.o(.text)
    memcmp                                   0x080059bf   Thumb Code    26  memcmp.o(.text)
    strcpy                                   0x080059d9   Thumb Code    18  strcpy.o(.text)
    strtok                                   0x080059ed   Thumb Code    62  strtok.o(.text)
    __aeabi_dadd                             0x08005a31   Thumb Code   322  dadd.o(.text)
    __aeabi_dsub                             0x08005b73   Thumb Code     6  dadd.o(.text)
    __aeabi_drsub                            0x08005b79   Thumb Code     6  dadd.o(.text)
    __aeabi_dmul                             0x08005b7f   Thumb Code   228  dmul.o(.text)
    __aeabi_ddiv                             0x08005c63   Thumb Code   222  ddiv.o(.text)
    __aeabi_ui2f                             0x08005d41   Thumb Code    10  ffltui.o(.text)
    __aeabi_i2d                              0x08005d4b   Thumb Code    34  dflti.o(.text)
    __aeabi_f2d                              0x08005d6d   Thumb Code    38  f2d.o(.text)
    __aeabi_d2f                              0x08005d93   Thumb Code    56  d2f.o(.text)
    __aeabi_uidiv                            0x08005dcb   Thumb Code     0  uidiv.o(.text)
    __aeabi_uidivmod                         0x08005dcb   Thumb Code    44  uidiv.o(.text)
    __aeabi_uldivmod                         0x08005df7   Thumb Code    98  uldiv.o(.text)
    __aeabi_llsl                             0x08005e59   Thumb Code    30  llshl.o(.text)
    _ll_shift_l                              0x08005e59   Thumb Code     0  llshl.o(.text)
    __aeabi_lasr                             0x08005e77   Thumb Code    36  llsshr.o(.text)
    _ll_sshift_r                             0x08005e77   Thumb Code     0  llsshr.o(.text)
    __I$use$fp                               0x08005e9b   Thumb Code     0  iusefp.o(.text)
    _float_round                             0x08005e9b   Thumb Code    18  fepilogue.o(.text)
    _float_epilogue                          0x08005ead   Thumb Code    92  fepilogue.o(.text)
    _double_round                            0x08005f09   Thumb Code    30  depilogue.o(.text)
    _double_epilogue                         0x08005f27   Thumb Code   156  depilogue.o(.text)
    __aeabi_d2ulz                            0x08005fc3   Thumb Code    48  dfixul.o(.text)
    __aeabi_cdrcmple                         0x08005ff5   Thumb Code    48  cdrcmple.o(.text)
    __scatterload                            0x08006025   Thumb Code    28  init.o(.text)
    __scatterload_rt2                        0x08006025   Thumb Code     0  init.o(.text)
    __aeabi_llsr                             0x08006049   Thumb Code    32  llushr.o(.text)
    _ll_ushift_r                             0x08006049   Thumb Code     0  llushr.o(.text)
    __decompress                             0x08006069   Thumb Code     0  __dczerorl2.o(.text)
    __decompress1                            0x08006069   Thumb Code    86  __dczerorl2.o(.text)
    __0printf                                0x080060c1   Thumb Code    22  printfa.o(i.__0printf)
    __1printf                                0x080060c1   Thumb Code     0  printfa.o(i.__0printf)
    __2printf                                0x080060c1   Thumb Code     0  printfa.o(i.__0printf)
    __c89printf                              0x080060c1   Thumb Code     0  printfa.o(i.__0printf)
    printf                                   0x080060c1   Thumb Code     0  printfa.o(i.__0printf)
    __0sprintf                               0x080060e1   Thumb Code    34  printfa.o(i.__0sprintf)
    __1sprintf                               0x080060e1   Thumb Code     0  printfa.o(i.__0sprintf)
    __2sprintf                               0x080060e1   Thumb Code     0  printfa.o(i.__0sprintf)
    __c89sprintf                             0x080060e1   Thumb Code     0  printfa.o(i.__0sprintf)
    sprintf                                  0x080060e1   Thumb Code     0  printfa.o(i.__0sprintf)
    __scatterload_copy                       0x08006109   Thumb Code    14  handlers.o(i.__scatterload_copy)
    __scatterload_null                       0x08006117   Thumb Code     2  handlers.o(i.__scatterload_null)
    __scatterload_zeroinit                   0x08006119   Thumb Code    14  handlers.o(i.__scatterload_zeroinit)
    Region$$Table$$Base                      0x08006a18   Number         0  anon$$obj.o(Region$$Table)
    Region$$Table$$Limit                     0x08006a38   Number         0  anon$$obj.o(Region$$Table)
    SystemCoreClock                          0x20000000   Data           4  system_stm32f10x.o(.data)
    AHBPrescTable                            0x20000004   Data          16  system_stm32f10x.o(.data)
    shebeiID                                 0x20000028   Data          14  main.o(.data)
    functionType                             0x20000036   Data           2  main.o(.data)
    IP_Adress                                0x20000038   Data          13  main.o(.data)
    Mac                                      0x20000045   Data          18  main.o(.data)
    BanBen                                   0x20000057   Data           4  main.o(.data)
    yuliu1                                   0x2000005b   Data           5  main.o(.data)
    yuliu2                                   0x20000060   Data           6  main.o(.data)
    EEPROM_ADDRESS                           0x20000068   Data           2  bsp_i2c_ee.o(.data)
    mac                                      0x20000070   Data           6  w5500_conf.o(.data)
    local_ip                                 0x20000076   Data           4  w5500_conf.o(.data)
    subnet                                   0x2000007a   Data           4  w5500_conf.o(.data)
    gateway                                  0x2000007e   Data           4  w5500_conf.o(.data)
    dns_server                               0x20000082   Data           4  w5500_conf.o(.data)
    local_port                               0x20000086   Data           2  w5500_conf.o(.data)
    remote_ip                                0x20000088   Data           4  w5500_conf.o(.data)
    remote_port                              0x2000008c   Data           2  w5500_conf.o(.data)
    ip_from                                  0x2000008e   Data           1  w5500_conf.o(.data)
    dhcp_ok                                  0x2000008f   Data           1  w5500_conf.o(.data)
    ms                                       0x20000090   Data           4  w5500_conf.o(.data)
    dhcp_time                                0x20000094   Data           4  w5500_conf.o(.data)
    ntptimer                                 0x20000098   Data           1  w5500_conf.o(.data)
    txsize                                   0x20000099   Data           8  w5500.o(.data)
    rxsize                                   0x200000a1   Data           8  w5500.o(.data)
    init                                     0x200000b0   Data           4  dhcp.o(.data)
    SRC_MAC_ADDR                             0x200000b4   Data           4  dhcp.o(.data)
    GET_SN_MASK                              0x200000b8   Data           4  dhcp.o(.data)
    GET_GW_IP                                0x200000bc   Data           4  dhcp.o(.data)
    GET_DNS_IP                               0x200000c0   Data           4  dhcp.o(.data)
    DHCP_HOST_NAME                           0x200000c4   Data           4  dhcp.o(.data)
    GET_SIP                                  0x200000c8   Data           4  dhcp.o(.data)
    DHCP_SIP                                 0x200000cc   Data           4  dhcp.o(.data)
    DHCP_REAL_SIP                            0x200000d0   Data           4  dhcp.o(.data)
    OLD_SIP                                  0x200000d4   Data           4  dhcp.o(.data)
    dhcp_state                               0x200000d8   Data           1  dhcp.o(.data)
    dhcp_retry_count                         0x200000d9   Data           1  dhcp.o(.data)
    DHCP_timeout                             0x200000da   Data           1  dhcp.o(.data)
    dhcp_lease_time                          0x200000dc   Data           4  dhcp.o(.data)
    next_dhcp_time                           0x200000e0   Data           4  dhcp.o(.data)
    dhcp_tick_cnt                            0x200000e4   Data           4  dhcp.o(.data)
    DHCP_timer                               0x200000e8   Data           1  dhcp.o(.data)
    Conflict_flag                            0x200000e9   Data           1  dhcp.o(.data)
    DHCP_XID                                 0x200000ec   Data           4  dhcp.o(.data)
    pRIPMSG                                  0x200000f0   Data           4  dhcp.o(.data)
    Y0                                       0x200000f8   Data           4  temp_humi.o(.data)
    Y1                                       0x200000fc   Data           4  temp_humi.o(.data)
    Y2                                       0x20000100   Data           4  temp_humi.o(.data)
    Y3                                       0x20000104   Data           4  temp_humi.o(.data)
    Y                                        0x20000108   Data           8  temp_humi.o(.data)
    Y_out1                                   0x20000110   Data           8  temp_humi.o(.data)
    Y_out2                                   0x20000118   Data           8  temp_humi.o(.data)
    Y_                                       0x20000120   Data           8  temp_humi.o(.data)
    X0                                       0x20000128   Data           4  temp_humi.o(.data)
    X1                                       0x2000012c   Data           4  temp_humi.o(.data)
    X                                        0x20000130   Data           4  temp_humi.o(.data)
    X_out                                    0x20000134   Data           4  temp_humi.o(.data)
    X_                                       0x20000138   Data           4  temp_humi.o(.data)
    __stdout                                 0x20000140   Data           4  stdout.o(.data)
    socket_tx_buf                            0x20000148   Data         160  main.o(.bss)
    cmd                                      0x200001e8   Data         400  main.o(.bss)
    cmdxx                                    0x20000378   Data         100  main.o(.bss)
    ConfigMsg                                0x200003dc   Data          28  w5500_conf.o(.bss)
    EEPROM_MSG                               0x200003f8   Data          18  w5500_conf.o(.bss)
    SSIZE                                    0x2000040a   Data          16  w5500.o(.bss)
    RSIZE                                    0x2000041a   Data          16  w5500.o(.bss)
    buff                                     0x2000045a   Data        2048  tcp_demo.o(.bss)
    DHCP_GET                                 0x20000c5a   Data          22  dhcp.o(.bss)
    EXTERN_DHCPBUF                           0x20000c70   Data        1024  dhcp.o(.bss)
    I2c_Buf_Read1x                           0x20001070   Data         256  temp_humi.o(.bss)
    I2c_Buf_Read2x                           0x20001170   Data         256  temp_humi.o(.bss)
    I2c_Buf_Read3x                           0x20001270   Data         256  temp_humi.o(.bss)
    I2c_Buf_Read4x                           0x20001370   Data        1024  temp_humi.o(.bss)
    user_input_BT                            0x20001770   Data        2048  bt.o(.bss)
    __initial_sp                             0x20002370   Data           0  startup_stm32f10x_hd.o(STACK)



==============================================================================

Memory Map of the image

  Image Entry point : 0x08000131

  Load Region LR_IROM1 (Base: 0x08000000, Size: 0x00006b7c, Max: 0x00040000, ABSOLUTE, COMPRESSED[0x00006ad4])

    Execution Region ER_IROM1 (Base: 0x08000000, Size: 0x00006a38, Max: 0x00040000, ABSOLUTE)

    Base Addr    Size         Type   Attr      Idx    E Section Name        Object

    0x08000000   0x00000130   Data   RO            3    RESET               startup_stm32f10x_hd.o
    0x08000130   0x00000000   Code   RO          626  * .ARM.Collect$$$$00000000  mc_w.l(entry.o)
    0x08000130   0x00000004   Code   RO          924    .ARM.Collect$$$$00000001  mc_w.l(entry2.o)
    0x08000134   0x00000004   Code   RO          927    .ARM.Collect$$$$00000004  mc_w.l(entry5.o)
    0x08000138   0x00000000   Code   RO          929    .ARM.Collect$$$$00000008  mc_w.l(entry7b.o)
    0x08000138   0x00000000   Code   RO          931    .ARM.Collect$$$$0000000A  mc_w.l(entry8b.o)
    0x08000138   0x00000008   Code   RO          932    .ARM.Collect$$$$0000000B  mc_w.l(entry9a.o)
    0x08000140   0x00000000   Code   RO          934    .ARM.Collect$$$$0000000D  mc_w.l(entry10a.o)
    0x08000140   0x00000000   Code   RO          936    .ARM.Collect$$$$0000000F  mc_w.l(entry11a.o)
    0x08000140   0x00000004   Code   RO          925    .ARM.Collect$$$$00002712  mc_w.l(entry2.o)
    0x08000144   0x00000024   Code   RO            4    .text               startup_stm32f10x_hd.o
    0x08000168   0x000001e0   Code   RO           24    .text               system_stm32f10x.o
    0x08000348   0x000000dc   Code   RO          121    .text               misc.o
    0x08000424   0x0000035c   Code   RO          173    .text               stm32f10x_gpio.o
    0x08000780   0x000003a4   Code   RO          185    .text               stm32f10x_rcc.o
    0x08000b24   0x0000030c   Code   RO          199    .text               stm32f10x_spi.o
    0x08000e30   0x00000e1a   Code   RO          211    .text               stm32f10x_tim.o
    0x08001c4a   0x00000002   PAD
    0x08001c4c   0x00000408   Code   RO          223    .text               stm32f10x_usart.o
    0x08002054   0x00000404   Code   RO          235    .text               stm32f10x_i2c.o
    0x08002458   0x00000040   Code   RO          247    .text               stm32f10x_iwdg.o
    0x08002498   0x000003b0   Code   RO          259    .text               main.o
    0x08002848   0x00000034   Code   RO          321    .text               stm32f10x_it.o
    0x0800287c   0x00000164   Code   RO          343    .text               bsp_usart1.o
    0x080029e0   0x000000e4   Code   RO          361    .text               bsp_spi_flash.o
    0x08002ac4   0x0000007a   Code   RO          376    .text               bsp_timbase.o
    0x08002b3e   0x00000002   PAD
    0x08002b40   0x000006a0   Code   RO          391    .text               bsp_i2c_ee.o
    0x080031e0   0x0000002c   Code   RO          409    .text               bsp_iwdg.o
    0x0800320c   0x00000530   Code   RO          421    .text               w5500_conf.o
    0x0800373c   0x000003d4   Code   RO          455    .text               w5500.o
    0x08003b10   0x0000068c   Code   RO          481    .text               socket.o
    0x0800419c   0x00000452   Code   RO          506    .text               utility.o
    0x080045ee   0x00000002   PAD
    0x080045f0   0x00000110   Code   RO          536    .text               tcp_demo.o
    0x08004700   0x00000e88   Code   RO          567    .text               dhcp.o
    0x08005588   0x0000025c   Code   RO          592    .text               temp_humi.o
    0x080057e4   0x00000154   Code   RO          611    .text               bt.o
    0x08005938   0x00000024   Code   RO          629    .text               mc_w.l(memseta.o)
    0x0800595c   0x00000018   Code   RO          631    .text               mc_w.l(strcat.o)
    0x08005974   0x00000024   Code   RO          633    .text               mc_w.l(strstr.o)
    0x08005998   0x00000018   Code   RO          635    .text               mc_w.l(strncpy.o)
    0x080059b0   0x0000000e   Code   RO          637    .text               mc_w.l(strlen.o)
    0x080059be   0x0000001a   Code   RO          639    .text               mc_w.l(memcmp.o)
    0x080059d8   0x00000012   Code   RO          641    .text               mc_w.l(strcpy.o)
    0x080059ea   0x00000002   PAD
    0x080059ec   0x00000044   Code   RO          643    .text               mc_w.l(strtok.o)
    0x08005a30   0x0000014e   Code   RO          910    .text               mf_w.l(dadd.o)
    0x08005b7e   0x000000e4   Code   RO          912    .text               mf_w.l(dmul.o)
    0x08005c62   0x000000de   Code   RO          914    .text               mf_w.l(ddiv.o)
    0x08005d40   0x0000000a   Code   RO          916    .text               mf_w.l(ffltui.o)
    0x08005d4a   0x00000022   Code   RO          918    .text               mf_w.l(dflti.o)
    0x08005d6c   0x00000026   Code   RO          920    .text               mf_w.l(f2d.o)
    0x08005d92   0x00000038   Code   RO          922    .text               mf_w.l(d2f.o)
    0x08005dca   0x0000002c   Code   RO          939    .text               mc_w.l(uidiv.o)
    0x08005df6   0x00000062   Code   RO          941    .text               mc_w.l(uldiv.o)
    0x08005e58   0x0000001e   Code   RO          943    .text               mc_w.l(llshl.o)
    0x08005e76   0x00000024   Code   RO          945    .text               mc_w.l(llsshr.o)
    0x08005e9a   0x00000000   Code   RO          947    .text               mc_w.l(iusefp.o)
    0x08005e9a   0x0000006e   Code   RO          948    .text               mf_w.l(fepilogue.o)
    0x08005f08   0x000000ba   Code   RO          950    .text               mf_w.l(depilogue.o)
    0x08005fc2   0x00000030   Code   RO          952    .text               mf_w.l(dfixul.o)
    0x08005ff2   0x00000002   PAD
    0x08005ff4   0x00000030   Code   RO          954    .text               mf_w.l(cdrcmple.o)
    0x08006024   0x00000024   Code   RO          956    .text               mc_w.l(init.o)
    0x08006048   0x00000020   Code   RO          958    .text               mc_w.l(llushr.o)
    0x08006068   0x00000056   Code   RO          968    .text               mc_w.l(__dczerorl2.o)
    0x080060be   0x00000002   PAD
    0x080060c0   0x00000020   Code   RO          882    i.__0printf         mc_w.l(printfa.o)
    0x080060e0   0x00000028   Code   RO          884    i.__0sprintf        mc_w.l(printfa.o)
    0x08006108   0x0000000e   Code   RO          962    i.__scatterload_copy  mc_w.l(handlers.o)
    0x08006116   0x00000002   Code   RO          963    i.__scatterload_null  mc_w.l(handlers.o)
    0x08006118   0x0000000e   Code   RO          964    i.__scatterload_zeroinit  mc_w.l(handlers.o)
    0x08006126   0x00000002   PAD
    0x08006128   0x00000164   Code   RO          889    i._fp_digits        mc_w.l(printfa.o)
    0x0800628c   0x000006dc   Code   RO          890    i._printf_core      mc_w.l(printfa.o)
    0x08006968   0x00000024   Code   RO          891    i._printf_post_padding  mc_w.l(printfa.o)
    0x0800698c   0x0000002e   Code   RO          892    i._printf_pre_padding  mc_w.l(printfa.o)
    0x080069ba   0x0000000a   Code   RO          894    i._sputc            mc_w.l(printfa.o)
    0x080069c4   0x0000004b   Data   RO          261    .conststring        main.o
    0x08006a0f   0x00000001   PAD
    0x08006a10   0x00000005   Data   RO          569    .conststring        dhcp.o
    0x08006a15   0x00000003   PAD
    0x08006a18   0x00000020   Data   RO          960    Region$$Table       anon$$obj.o


    Execution Region RW_IRAM1 (Base: 0x20000000, Size: 0x00002370, Max: 0x00010000, ABSOLUTE, COMPRESSED[0x0000009c])

    Base Addr    Size         Type   Attr      Idx    E Section Name        Object

    0x20000000   0x00000014   Data   RW           25    .data               system_stm32f10x.o
    0x20000014   0x00000014   Data   RW          186    .data               stm32f10x_rcc.o
    0x20000028   0x0000003e   Data   RW          262    .data               main.o
    0x20000066   0x00000002   PAD
    0x20000068   0x00000008   Data   RW          392    .data               bsp_i2c_ee.o
    0x20000070   0x00000029   Data   RW          423    .data               w5500_conf.o
    0x20000099   0x00000010   Data   RW          457    .data               w5500.o
    0x200000a9   0x00000001   PAD
    0x200000aa   0x00000002   Data   RW          482    .data               socket.o
    0x200000ac   0x00000004   Data   RW          508    .data               utility.o
    0x200000b0   0x00000044   Data   RW          570    .data               dhcp.o
    0x200000f4   0x00000004   PAD
    0x200000f8   0x00000044   Data   RW          594    .data               temp_humi.o
    0x2000013c   0x00000004   Data   RW          644    .data               mc_w.l(strtok.o)
    0x20000140   0x00000004   Data   RW          938    .data               mc_w.l(stdout.o)
    0x20000144   0x00000004   PAD
    0x20000148   0x00000294   Zero   RW          260    .bss                main.o
    0x200003dc   0x0000002e   Zero   RW          422    .bss                w5500_conf.o
    0x2000040a   0x00000020   Zero   RW          456    .bss                w5500.o
    0x2000042a   0x00000030   Zero   RW          507    .bss                utility.o
    0x2000045a   0x00000800   Zero   RW          537    .bss                tcp_demo.o
    0x20000c5a   0x00000416   Zero   RW          568    .bss                dhcp.o
    0x20001070   0x00000700   Zero   RW          593    .bss                temp_humi.o
    0x20001770   0x00000800   Zero   RW          612    .bss                bt.o
    0x20001f70   0x00000400   Zero   RW            1    STACK               startup_stm32f10x_hd.o


==============================================================================

Image component sizes


      Code (inc. data)   RO Data    RW Data    ZI Data      Debug   Object Name

      1696        106          0          8          0       4048   bsp_i2c_ee.o
        44          0          0          0          0        660   bsp_iwdg.o
       228         10          0          0          0        872   bsp_spi_flash.o
       122          0          0          0          0        745   bsp_timbase.o
       356         20          0          0          0       1330   bsp_usart1.o
       340        116          0          0       2048       1980   bt.o
         0          0          0          0          0       4504   core_cm3.o
      3720        346          5         68       1046       8640   dhcp.o
       944        336         75         62        660       3625   main.o
       220         22          0          0          0       1837   misc.o
      1676         48          0          2          0       4875   socket.o
        36          8        304          0       1024        876   startup_stm32f10x_hd.o
       860         38          0          0          0       5677   stm32f10x_gpio.o
      1028         16          0          0          0       9143   stm32f10x_i2c.o
        52          0          0          0          0       1410   stm32f10x_it.o
        64          6          0          0          0       1281   stm32f10x_iwdg.o
       932         36          0         20          0       8860   stm32f10x_rcc.o
       780         14          0          0          0       6562   stm32f10x_spi.o
      3610         88          0          0          0      22164   stm32f10x_tim.o
      1032         22          0          0          0       8408   stm32f10x_usart.o
       480         38          0         20          0     265307   system_stm32f10x.o
       272         30          0          0       2048       2309   tcp_demo.o
       604        146          0         68       1792       2323   temp_humi.o
      1106         54          0          4         48       6758   utility.o
       980         72          0         16         32       5960   w5500.o
      1328        398          0         41         46       7158   w5500_conf.o

    ----------------------------------------------------------------------
     22516       1970        420        316       8744     387312   Object Totals
         0          0         32          0          0          0   (incl. Generated)
         6          0          4          7          0          0   (incl. Padding)

    ----------------------------------------------------------------------

      Code (inc. data)   RO Data    RW Data    ZI Data      Debug   Library Member Name

        86          0          0          0          0          0   __dczerorl2.o
         0          0          0          0          0          0   entry.o
         0          0          0          0          0          0   entry10a.o
         0          0          0          0          0          0   entry11a.o
         8          4          0          0          0          0   entry2.o
         4          0          0          0          0          0   entry5.o
         0          0          0          0          0          0   entry7b.o
         0          0          0          0          0          0   entry8b.o
         8          4          0          0          0          0   entry9a.o
        30          0          0          0          0          0   handlers.o
        36          8          0          0          0         68   init.o
         0          0          0          0          0          0   iusefp.o
        30          0          0          0          0         68   llshl.o
        36          0          0          0          0         68   llsshr.o
        32          0          0          0          0         68   llushr.o
        26          0          0          0          0         80   memcmp.o
        36          0          0          0          0        108   memseta.o
      2276         96          0          0          0        596   printfa.o
         0          0          0          4          0          0   stdout.o
        24          0          0          0          0         68   strcat.o
        18          0          0          0          0         68   strcpy.o
        14          0          0          0          0         68   strlen.o
        24          0          0          0          0         76   strncpy.o
        36          0          0          0          0         80   strstr.o
        68          6          0          4          0         80   strtok.o
        44          0          0          0          0         80   uidiv.o
        98          0          0          0          0         92   uldiv.o
        48          0          0          0          0         68   cdrcmple.o
        56          0          0          0          0         88   d2f.o
       334          0          0          0          0        148   dadd.o
       222          0          0          0          0        100   ddiv.o
       186          0          0          0          0        176   depilogue.o
        48          0          0          0          0         68   dfixul.o
        34          0          0          0          0         76   dflti.o
       228          0          0          0          0         96   dmul.o
        38          0          0          0          0         68   f2d.o
       110          0          0          0          0        168   fepilogue.o
        10          0          0          0          0         68   ffltui.o

    ----------------------------------------------------------------------
      4256        118          0          8          4       2792   Library Totals
         8          0          0          0          4          0   (incl. Padding)

    ----------------------------------------------------------------------

      Code (inc. data)   RO Data    RW Data    ZI Data      Debug   Library Name

      2934        118          0          8          0       1668   mc_w.l
      1314          0          0          0          0       1124   mf_w.l

    ----------------------------------------------------------------------
      4256        118          0          8          4       2792   Library Totals

    ----------------------------------------------------------------------

==============================================================================


      Code (inc. data)   RO Data    RW Data    ZI Data      Debug   

     26772       2088        420        324       8748     386592   Grand Totals
     26772       2088        420        156       8748     386592   ELF Image Totals (compressed)
     26772       2088        420        156          0          0   ROM Totals

==============================================================================

    Total RO  Size (Code + RO Data)                27192 (  26.55kB)
    Total RW  Size (RW Data + ZI Data)              9072 (   8.86kB)
    Total ROM Size (Code + RO Data + RW Data)      27348 (  26.71kB)

==============================================================================

