Component: ARM Compiler 5.05 update 2 (build 169) Tool: armlink [4d0f33]

==============================================================================

Section Cross References

    main.o(.text) refers to _printf_percent.o(.ARM.Collect$$_printf_percent$$00000000) for _printf_percent
    main.o(.text) refers to _printf_x.o(.ARM.Collect$$_printf_percent$$0000000C) for _printf_x
    main.o(.text) refers to _printf_hex_int.o(.text) for _printf_longlong_hex
    main.o(.text) refers to _printf_d.o(.ARM.Collect$$_printf_percent$$00000009) for _printf_d
    main.o(.text) refers to _printf_dec.o(.text) for _printf_int_dec
    main.o(.text) refers to stm32f10x_usart.o(.text) for USART_GetITStatus
    main.o(.text) refers to strcat.o(.text) for strcat
    main.o(.text) refers to misc.o(.text) for NVIC_PriorityGroupConfig
    main.o(.text) refers to usart.o(.text) for uart_init
    main.o(.text) refers to delay.o(.text) for delay_init
    main.o(.text) refers to led.o(.text) for LED_Init
    main.o(.text) refers to stm32f10x_rcc.o(.text) for RCC_GetFlagStatus
    main.o(.text) refers to noretval__2printf.o(.text) for __2printf
    main.o(.text) refers to bsp_iwdg.o(.text) for IWDG_Config
    main.o(.text) refers to bsp_rtl_wifi.o(.text) for wifi_send_exit
    main.o(.text) refers to strlen.o(.text) for strlen
    main.o(.text) refers to noretval__2sprintf.o(.text) for __2sprintf
    main.o(.text) refers to iap.o(.text) for iap_write_appbin
    main.o(.text) refers to main.o(.data) for ent
    main.o(.text) refers to main.o(.bss) for user_input
    main.o(.text) refers to usart.o(.data) for USART_RX_CNT
    main.o(.text) refers to usart.o(.ARM.__AT_0x20001000) for USART_RX_BUF
    system_stm32f10x.o(.text) refers to system_stm32f10x.o(.data) for SystemCoreClock
    led.o(.text) refers to stm32f10x_rcc.o(.text) for RCC_APB2PeriphClockCmd
    led.o(.text) refers to stm32f10x_gpio.o(.text) for GPIO_Init
    key.o(.text) refers to stm32f10x_rcc.o(.text) for RCC_APB2PeriphClockCmd
    key.o(.text) refers to stm32f10x_gpio.o(.text) for GPIO_Init
    key.o(.text) refers to delay.o(.text) for delay_ms
    key.o(.text) refers to key.o(.data) for key_up
    lcd.o(.text) refers to _printf_percent.o(.ARM.Collect$$_printf_percent$$00000000) for _printf_percent
    lcd.o(.text) refers to _printf_x.o(.ARM.Collect$$_printf_percent$$0000000C) for _printf_x
    lcd.o(.text) refers to _printf_hex_int.o(.text) for _printf_longlong_hex
    lcd.o(.text) refers to delay.o(.text) for delay_us
    lcd.o(.text) refers to lcd.o(.bss) for lcddev
    lcd.o(.text) refers to lcd.o(.data) for POINT_COLOR
    lcd.o(.text) refers to dflt_clz.o(x$fpl$dfltu) for __aeabi_ui2d
    lcd.o(.text) refers to dmul.o(x$fpl$dmul) for __aeabi_dmul
    lcd.o(.text) refers to dfixu.o(x$fpl$dfixu) for __aeabi_d2uiz
    lcd.o(.text) refers to stm32f10x_rcc.o(.text) for RCC_AHBPeriphClockCmd
    lcd.o(.text) refers to stm32f10x_gpio.o(.text) for GPIO_Init
    lcd.o(.text) refers to stm32f10x_fsmc.o(.text) for FSMC_NORSRAMInit
    lcd.o(.text) refers to noretval__2printf.o(.text) for __2printf
    lcd.o(.text) refers to lcd.o(.constdata) for asc2_1206
    stmflash.o(.text) refers to stm32f10x_flash.o(.text) for FLASH_ProgramHalfWord
    stmflash.o(.text) refers to stmflash.o(.bss) for STMFLASH_BUF
    bsp_rtl_wifi.o(.text) refers to _printf_percent.o(.ARM.Collect$$_printf_percent$$00000000) for _printf_percent
    bsp_rtl_wifi.o(.text) refers to _printf_d.o(.ARM.Collect$$_printf_percent$$00000009) for _printf_d
    bsp_rtl_wifi.o(.text) refers to _printf_dec.o(.text) for _printf_int_dec
    bsp_rtl_wifi.o(.text) refers to _printf_s.o(.ARM.Collect$$_printf_percent$$00000014) for _printf_s
    bsp_rtl_wifi.o(.text) refers to _printf_str.o(.text) for _printf_str
    bsp_rtl_wifi.o(.text) refers to _printf_c.o(.ARM.Collect$$_printf_percent$$00000013) for _printf_c
    bsp_rtl_wifi.o(.text) refers to stm32f10x_gpio.o(.text) for GPIO_ResetBits
    bsp_rtl_wifi.o(.text) refers to delay.o(.text) for delay_ms
    bsp_rtl_wifi.o(.text) refers to strlen.o(.text) for strlen
    bsp_rtl_wifi.o(.text) refers to noretval__2printf.o(.text) for __2printf
    bsp_rtl_wifi.o(.text) refers to stm32f10x_usart.o(.text) for USART_SendData
    bsp_rtl_wifi.o(.text) refers to strstr.o(.text) for strstr
    bsp_rtl_wifi.o(.text) refers to rt_memclr.o(.text) for __aeabi_memclr
    bsp_rtl_wifi.o(.text) refers to main.o(.bss) for user_input
    bsp_systick.o(.text) refers to system_stm32f10x.o(.data) for SystemCoreClock
    bsp_systick.o(.text) refers to bsp_systick.o(.data) for TimingDelay
    delay.o(.text) refers to misc.o(.text) for SysTick_CLKSourceConfig
    delay.o(.text) refers to system_stm32f10x.o(.data) for SystemCoreClock
    delay.o(.text) refers to delay.o(.data) for fac_us
    usart.o(.text) refers (Special) to use_no_semi_2.o(.text) for __use_no_semihosting
[...]
    dmul.o(x$fpl$dmul) refers to dnaninf.o(x$fpl$dnaninf) for __fpl_dnaninf
    __rtentry.o(.ARM.Collect$$rtentry$$00000000) refers (Special) to __rtentry2.o(.ARM.Collect$$rtentry$$0000000A) for __rt_entry_li
    __rtentry.o(.ARM.Collect$$rtentry$$00000000) refers (Special) to __rtentry2.o(.ARM.Collect$$rtentry$$0000000D) for __rt_entry_main
    __rtentry.o(.ARM.Collect$$rtentry$$00000000) refers (Special) to __rtentry2.o(.ARM.Collect$$rtentry$$0000000C) for __rt_entry_postli_1
    __rtentry.o(.ARM.Collect$$rtentry$$00000000) refers (Special) to __rtentry2.o(.ARM.Collect$$rtentry$$00000009) for __rt_entry_postsh_1
    __rtentry.o(.ARM.Collect$$rtentry$$00000000) refers (Special) to __rtentry2.o(.ARM.Collect$$rtentry$$00000002) for __rt_entry_presh_1
    __rtentry.o(.ARM.Collect$$rtentry$$00000000) refers (Special) to __rtentry4.o(.ARM.Collect$$rtentry$$00000004) for __rt_entry_sh
    _printf_char_common.o(.text) refers to __printf_flags.o(.text) for __printf
    _printf_char.o(.text) refers (Weak) to _printf_str.o(.text) for _printf_str
    _printf_char_file.o(.text) refers to _printf_char_common.o(.text) for _printf_char_common
    _printf_char_file.o(.text) refers to ferror.o(.text) for ferror
    _printf_char_file.o(.text) refers to usart.o(.text) for fputc
    dnaninf.o(x$fpl$dnaninf) refers (Special) to usenofp.o(x$fpl$usenofp) for __I$use$fp
    dretinf.o(x$fpl$dretinf) refers (Special) to usenofp.o(x$fpl$usenofp) for __I$use$fp
    __rtentry2.o(.ARM.Collect$$rtentry$$00000008) refers to boardinit2.o(.text) for _platform_post_stackheap_init
    __rtentry2.o(.ARM.Collect$$rtentry$$0000000A) refers to libinit.o(.ARM.Collect$$libinit$$00000000) for __rt_lib_init
    __rtentry2.o(.ARM.Collect$$rtentry$$0000000B) refers to boardinit3.o(.text) for _platform_post_lib_init
    __rtentry2.o(.ARM.Collect$$rtentry$$0000000D) refers to main.o(.text) for main
    __rtentry2.o(.ARM.Collect$$rtentry$$0000000D) refers to exit.o(.text) for exit
    __rtentry2.o(.ARM.exidx) refers to __rtentry2.o(.ARM.Collect$$rtentry$$00000001) for .ARM.Collect$$rtentry$$00000001
    __rtentry2.o(.ARM.exidx) refers to __rtentry2.o(.ARM.Collect$$rtentry$$00000008) for .ARM.Collect$$rtentry$$00000008
    __rtentry2.o(.ARM.exidx) refers to __rtentry2.o(.ARM.Collect$$rtentry$$0000000A) for .ARM.Collect$$rtentry$$0000000A
    __rtentry2.o(.ARM.exidx) refers to __rtentry2.o(.ARM.Collect$$rtentry$$0000000B) for .ARM.Collect$$rtentry$$0000000B
    __rtentry2.o(.ARM.exidx) refers to __rtentry2.o(.ARM.Collect$$rtentry$$0000000D) for .ARM.Collect$$rtentry$$0000000D
    __rtentry4.o(.ARM.Collect$$rtentry$$00000004) refers to sys_stackheap_outer.o(.text) for __user_setup_stackheap
    __rtentry4.o(.ARM.exidx) refers to __rtentry4.o(.ARM.Collect$$rtentry$$00000004) for .ARM.Collect$$rtentry$$00000004
    sys_stackheap_outer.o(.text) refers to libspace.o(.text) for __user_perproc_libspace
    sys_stackheap_outer.o(.text) refers to startup_stm32f10x_hd.o(.text) for __user_initial_stackheap
    exit.o(.text) refers to rtexit.o(.ARM.Collect$$rtexit$$00000000) for __rt_exit
    libinit.o(.ARM.Collect$$libinit$$00000000) refers (Special) to libinit2.o(.ARM.Collect$$libinit$$0000002E) for __rt_lib_init_alloca_1
    libinit.o(.ARM.Collect$$libinit$$00000000) refers (Special) to libinit2.o(.ARM.Collect$$libinit$$0000002C) for __rt_lib_init_argv_1
    libinit.o(.ARM.Collect$$libinit$$00000000) refers (Special) to libinit2.o(.ARM.Collect$$libinit$$0000001B) for __rt_lib_init_atexit_1
    libinit.o(.ARM.Collect$$libinit$$00000000) refers (Special) to libinit2.o(.ARM.Collect$$libinit$$00000021) for __rt_lib_init_clock_1
    libinit.o(.ARM.Collect$$libinit$$00000000) refers (Special) to libinit2.o(.ARM.Collect$$libinit$$00000032) for __rt_lib_init_cpp_1
    libinit.o(.ARM.Collect$$libinit$$00000000) refers (Special) to libinit2.o(.ARM.Collect$$libinit$$00000030) for __rt_lib_init_exceptions_1
    libinit.o(.ARM.Collect$$libinit$$00000000) refers (Special) to libinit2.o(.ARM.Collect$$libinit$$00000002) for __rt_lib_init_fp_1
    libinit.o(.ARM.Collect$$libinit$$00000000) refers (Special) to libinit2.o(.ARM.Collect$$libinit$$0000001F) for __rt_lib_init_fp_trap_1
    libinit.o(.ARM.Collect$$libinit$$00000000) refers (Special) to libinit2.o(.ARM.Collect$$libinit$$00000023) for __rt_lib_init_getenv_1
    libinit.o(.ARM.Collect$$libinit$$00000000) refers (Special) to libinit2.o(.ARM.Collect$$libinit$$0000000A) for __rt_lib_init_heap_1
    libinit.o(.ARM.Collect$$libinit$$00000000) refers (Special) to libinit2.o(.ARM.Collect$$libinit$$00000011) for __rt_lib_init_lc_collate_1
    libinit.o(.ARM.Collect$$libinit$$00000000) refers (Special) to libinit2.o(.ARM.Collect$$libinit$$00000013) for __rt_lib_init_lc_ctype_1
    libinit.o(.ARM.Collect$$libinit$$00000000) refers (Special) to libinit2.o(.ARM.Collect$$libinit$$00000015) for __rt_lib_init_lc_monetary_1
    libinit.o(.ARM.Collect$$libinit$$00000000) refers (Special) to libinit2.o(.ARM.Collect$$libinit$$00000017) for __rt_lib_init_lc_numeric_1
    libinit.o(.ARM.Collect$$libinit$$00000000) refers (Special) to libinit2.o(.ARM.Collect$$libinit$$00000019) for __rt_lib_init_lc_time_1
    libinit.o(.ARM.Collect$$libinit$$00000000) refers (Special) to libinit2.o(.ARM.Collect$$libinit$$00000004) for __rt_lib_init_preinit_1
    libinit.o(.ARM.Collect$$libinit$$00000000) refers (Special) to libinit2.o(.ARM.Collect$$libinit$$0000000E) for __rt_lib_init_rand_1
    libinit.o(.ARM.Collect$$libinit$$00000000) refers (Special) to libinit2.o(.ARM.Collect$$libinit$$00000033) for __rt_lib_init_return
    libinit.o(.ARM.Collect$$libinit$$00000000) refers (Special) to libinit2.o(.ARM.Collect$$libinit$$0000001D) for __rt_lib_init_signal_1
    libinit.o(.ARM.Collect$$libinit$$00000000) refers (Special) to libinit2.o(.ARM.Collect$$libinit$$00000025) for __rt_lib_init_stdio_1
    libinit.o(.ARM.Collect$$libinit$$00000000) refers (Special) to libinit2.o(.ARM.Collect$$libinit$$0000000C) for __rt_lib_init_user_alloc_1
    libspace.o(.text) refers to libspace.o(.bss) for __libspace_start
    rtexit.o(.ARM.Collect$$rtexit$$00000000) refers (Special) to rtexit2.o(.ARM.Collect$$rtexit$$00000004) for __rt_exit_exit
    rtexit.o(.ARM.Collect$$rtexit$$00000000) refers (Special) to rtexit2.o(.ARM.Collect$$rtexit$$00000003) for __rt_exit_ls
    rtexit.o(.ARM.Collect$$rtexit$$00000000) refers (Special) to rtexit2.o(.ARM.Collect$$rtexit$$00000002) for __rt_exit_prels_1
    rtexit.o(.ARM.exidx) refers (Special) to rtexit2.o(.ARM.Collect$$rtexit$$00000004) for __rt_exit_exit
    rtexit.o(.ARM.exidx) refers (Special) to rtexit2.o(.ARM.Collect$$rtexit$$00000003) for __rt_exit_ls
    rtexit.o(.ARM.exidx) refers (Special) to rtexit2.o(.ARM.Collect$$rtexit$$00000002) for __rt_exit_prels_1
    rtexit.o(.ARM.exidx) refers to rtexit.o(.ARM.Collect$$rtexit$$00000000) for .ARM.Collect$$rtexit$$00000000
    libinit2.o(.ARM.Collect$$libinit$$00000010) refers to libinit2.o(.ARM.Collect$$libinit$$0000000F) for .ARM.Collect$$libinit$$0000000F
    libinit2.o(.ARM.Collect$$libinit$$00000012) refers to libinit2.o(.ARM.Collect$$libinit$$0000000F) for .ARM.Collect$$libinit$$0000000F
    libinit2.o(.ARM.Collect$$libinit$$00000014) refers to libinit2.o(.ARM.Collect$$libinit$$0000000F) for .ARM.Collect$$libinit$$0000000F
    libinit2.o(.ARM.Collect$$libinit$$00000016) refers to libinit2.o(.ARM.Collect$$libinit$$0000000F) for .ARM.Collect$$libinit$$0000000F
    libinit2.o(.ARM.Collect$$libinit$$00000018) refers to libinit2.o(.ARM.Collect$$libinit$$0000000F) for .ARM.Collect$$libinit$$0000000F
    libinit2.o(.ARM.Collect$$libinit$$00000026) refers to argv_veneer.o(.emb_text) for __ARM_argv_veneer
    libinit2.o(.ARM.Collect$$libinit$$00000027) refers to argv_veneer.o(.emb_text) for __ARM_argv_veneer
    rtexit2.o(.ARM.Collect$$rtexit$$00000003) refers to libshutdown.o(.ARM.Collect$$libshutdown$$00000000) for __rt_lib_shutdown
    rtexit2.o(.ARM.Collect$$rtexit$$00000004) refers to usart.o(.text) for _sys_exit
    rtexit2.o(.ARM.exidx) refers to rtexit2.o(.ARM.Collect$$rtexit$$00000001) for .ARM.Collect$$rtexit$$00000001
    rtexit2.o(.ARM.exidx) refers to rtexit2.o(.ARM.Collect$$rtexit$$00000003) for .ARM.Collect$$rtexit$$00000003
    rtexit2.o(.ARM.exidx) refers to rtexit2.o(.ARM.Collect$$rtexit$$00000004) for .ARM.Collect$$rtexit$$00000004
    argv_veneer.o(.emb_text) refers to no_argv.o(.text) for __ARM_get_argv
    _get_argv_nomalloc.o(.text) refers (Special) to hrguard.o(.text) for __heap_region$guard
    _get_argv_nomalloc.o(.text) refers to defsig_rtmem_outer.o(.text) for __rt_SIGRTMEM
    _get_argv_nomalloc.o(.text) refers to sys_command.o(.text) for _sys_command_string
    libshutdown.o(.ARM.Collect$$libshutdown$$00000000) refers (Special) to libshutdown2.o(.ARM.Collect$$libshutdown$$00000006) for __rt_lib_shutdown_fp_trap_1
    libshutdown.o(.ARM.Collect$$libshutdown$$00000000) refers (Special) to libshutdown2.o(.ARM.Collect$$libshutdown$$0000000E) for __rt_lib_shutdown_heap_1
    libshutdown.o(.ARM.Collect$$libshutdown$$00000000) refers (Special) to libshutdown2.o(.ARM.Collect$$libshutdown$$0000000F) for __rt_lib_shutdown_return
    libshutdown.o(.ARM.Collect$$libshutdown$$00000000) refers (Special) to libshutdown2.o(.ARM.Collect$$libshutdown$$00000009) for __rt_lib_shutdown_signal_1
    libshutdown.o(.ARM.Collect$$libshutdown$$00000000) refers (Special) to libshutdown2.o(.ARM.Collect$$libshutdown$$00000003) for __rt_lib_shutdown_stdio_1
    libshutdown.o(.ARM.Collect$$libshutdown$$00000000) refers (Special) to libshutdown2.o(.ARM.Collect$$libshutdown$$0000000B) for __rt_lib_shutdown_user_alloc_1
    sys_command.o(.text) refers (Special) to use_no_semi.o(.text) for __I$use$semihosting
    sys_command.o(.text) refers (Special) to indicate_semi.o(.text) for __semihosting_library_function
    defsig_rtmem_outer.o(.text) refers to defsig_rtmem_inner.o(.text) for __rt_SIGRTMEM_inner
    defsig_rtmem_outer.o(.text) refers to defsig_exit.o(.text) for __sig_exit
    defsig_rtmem_formal.o(.text) refers to rt_raise.o(.text) for __rt_raise
    rt_raise.o(.text) refers to __raise.o(.text) for __raise
    rt_raise.o(.text) refers to usart.o(.text) for _sys_exit
    defsig_exit.o(.text) refers to usart.o(.text) for _sys_exit
    defsig_rtmem_inner.o(.text) refers to defsig_general.o(.text) for __default_signal_display
    __raise.o(.text) refers to defsig.o(CL$$defsig) for __default_signal_handler
    defsig_general.o(.text) refers to sys_wrch.o(.text) for _ttywrch
    sys_wrch.o(.text) refers (Special) to use_no_semi.o(.text) for __I$use$semihosting
    sys_wrch.o(.text) refers (Special) to indicate_semi.o(.text) for __semihosting_library_function
    defsig.o(CL$$defsig) refers to defsig_rtmem_inner.o(.text) for __rt_SIGRTMEM_inner
    defsig_abrt_inner.o(.text) refers to defsig_general.o(.text) for __default_signal_display
    defsig_fpe_inner.o(.text) refers to defsig_general.o(.text) for __default_signal_display
    defsig_rtred_inner.o(.text) refers to defsig_general.o(.text) for __default_signal_display
    defsig_stak_inner.o(.text) refers to defsig_general.o(.text) for __default_signal_display
    defsig_pvfn_inner.o(.text) refers to defsig_general.o(.text) for __default_signal_display
    defsig_cppl_inner.o(.text) refers to defsig_general.o(.text) for __default_signal_display
    defsig_segv_inner.o(.text) refers to defsig_general.o(.text) for __default_signal_display
    defsig_other.o(.text) refers to defsig_general.o(.text) for __default_signal_display


==============================================================================

Removing Unused input sections from the image.

    Removing key.o(.text), (252 bytes).
    Removing key.o(.data), (1 bytes).
    Removing lcd.o(.text), (19036 bytes).
    Removing lcd.o(.bss), (14 bytes).
    Removing lcd.o(.constdata), (6080 bytes).
    Removing lcd.o(.data), (4 bytes).
    Removing bsp_systick.o(.text), (180 bytes).
    Removing bsp_systick.o(.data), (4 bytes).
    Removing sys.o(.text), (12 bytes).
    Removing spi_flash.o(.text), (1892 bytes).
    Removing spi_flash.o(.bss), (160 bytes).
    Removing spi_flash.o(.data), (93 bytes).
    Removing core_cm3.o(.emb_text), (32 bytes).
    Removing stm32f10x_fsmc.o(.text), (1548 bytes).
    Removing stm32f10x_spi.o(.text), (780 bytes).

15 unused section(s) (total 30088 bytes) removed from the image.

==============================================================================

Image Symbol Table

    Local Symbols

    Symbol Name                              Value     Ov Type        Size  Object(Section)

    ../clib/angel/boardlib.s                 0x00000000   Number         0  boardinit2.o ABSOLUTE
    ../clib/angel/boardlib.s                 0x00000000   Number         0  boardinit1.o ABSOLUTE
    ../clib/angel/boardlib.s                 0x00000000   Number         0  boardinit3.o ABSOLUTE
    ../clib/angel/boardlib.s                 0x00000000   Number         0  boardshut.o ABSOLUTE
    ../clib/angel/handlers.s                 0x00000000   Number         0  __scatter_copy.o ABSOLUTE
    ../clib/angel/handlers.s                 0x00000000   Number         0  __scatter_zi.o ABSOLUTE
    ../clib/angel/kernel.s                   0x00000000   Number         0  __rtentry4.o ABSOLUTE
    ../clib/angel/kernel.s                   0x00000000   Number         0  rtexit2.o ABSOLUTE
    ../clib/angel/kernel.s                   0x00000000   Number         0  rtexit.o ABSOLUTE
    ../clib/angel/kernel.s                   0x00000000   Number         0  __rtentry2.o ABSOLUTE
    ../clib/angel/kernel.s                   0x00000000   Number         0  __rtentry.o ABSOLUTE
    ../clib/angel/rt.s                       0x00000000   Number         0  rt_raise.o ABSOLUTE
    ../clib/angel/scatter.s                  0x00000000   Number         0  __scatter.o ABSOLUTE
    ../clib/angel/startup.s                  0x00000000   Number         0  __main.o ABSOLUTE
    ../clib/angel/sys.s                      0x00000000   Number         0  libspace.o ABSOLUTE
    ../clib/angel/sys.s                      0x00000000   Number         0  indicate_semi.o ABSOLUTE
    ../clib/angel/sys.s                      0x00000000   Number         0  sys_stackheap_outer.o ABSOLUTE
    ../clib/angel/sys.s                      0x00000000   Number         0  use_no_semi_2.o ABSOLUTE
    ../clib/angel/sys.s                      0x00000000   Number         0  use_no_semi.o ABSOLUTE
    ../clib/angel/sysapp.c                   0x00000000   Number         0  sys_command.o ABSOLUTE
    ../clib/angel/sysapp.c                   0x00000000   Number         0  sys_wrch.o ABSOLUTE
    ../clib/armsys.c                         0x00000000   Number         0  no_argv.o ABSOLUTE
    ../clib/armsys.c                         0x00000000   Number         0  _get_argv_nomalloc.o ABSOLUTE
    ../clib/armsys.c                         0x00000000   Number         0  argv_veneer.o ABSOLUTE
    ../clib/armsys.c                         0x00000000   Number         0  argv_veneer.o ABSOLUTE
    ../clib/heapalloc.c                      0x00000000   Number         0  hrguard.o ABSOLUTE
    ../clib/heapaux.c                        0x00000000   Number         0  heapauxi.o ABSOLUTE
    ../clib/libinit.s                        0x00000000   Number         0  libinit2.o ABSOLUTE
    ../clib/libinit.s                        0x00000000   Number         0  libshutdown.o ABSOLUTE
    ../clib/libinit.s                        0x00000000   Number         0  libshutdown2.o ABSOLUTE
    ../clib/libinit.s                        0x00000000   Number         0  libinit.o ABSOLUTE
    ../clib/memcpset.s                       0x00000000   Number         0  rt_memclr_w.o ABSOLUTE
    ../clib/memcpset.s                       0x00000000   Number         0  rt_memclr.o ABSOLUTE
    ../clib/misc.s                           0x00000000   Number         0  printf_stubs.o ABSOLUTE
    ../clib/printf.c                         0x00000000   Number         0  noretval__2printf.o ABSOLUTE
    ../clib/printf.c                         0x00000000   Number         0  __2sprintf.o ABSOLUTE
    ../clib/printf.c                         0x00000000   Number         0  _printf_hex_int.o ABSOLUTE
    ../clib/printf.c                         0x00000000   Number         0  _printf_hex_ll.o ABSOLUTE
    ../clib/printf.c                         0x00000000   Number         0  _printf_dec.o ABSOLUTE
    ../clib/printf.c                         0x00000000   Number         0  __printf_flags_ss.o ABSOLUTE
    ../clib/printf.c                         0x00000000   Number         0  __printf_ss.o ABSOLUTE
    ../clib/printf.c                         0x00000000   Number         0  __printf.o ABSOLUTE
    ../clib/printf.c                         0x00000000   Number         0  __2printf.o ABSOLUTE
    ../clib/printf.c                         0x00000000   Number         0  _sputc.o ABSOLUTE
    ../clib/printf.c                         0x00000000   Number         0  _printf_char.o ABSOLUTE
    ../clib/printf.c                         0x00000000   Number         0  _printf_char_common.o ABSOLUTE
    ../clib/printf.c                         0x00000000   Number         0  noretval__2sprintf.o ABSOLUTE
    ../clib/printf.c                         0x00000000   Number         0  _printf_str.o ABSOLUTE
    ../clib/printf.c                         0x00000000   Number         0  __printf_flags.o ABSOLUTE
    ../clib/printf.c                         0x00000000   Number         0  __printf_nopercent.o ABSOLUTE
    ../clib/printf.c                         0x00000000   Number         0  __printf_ss_wp.o ABSOLUTE
    ../clib/printf.c                         0x00000000   Number         0  __printf_flags_ss_wp.o ABSOLUTE
    ../clib/printf.c                         0x00000000   Number         0  _printf_intcommon.o ABSOLUTE
    ../clib/printf.c                         0x00000000   Number         0  _printf_hex_int_ll_ptr.o ABSOLUTE
    ../clib/printf.c                         0x00000000   Number         0  __printf_flags_wp.o ABSOLUTE
    ../clib/printf.c                         0x00000000   Number         0  _printf_hex_ll_ptr.o ABSOLUTE
    ../clib/printf.c                         0x00000000   Number         0  _printf_hex_int_ptr.o ABSOLUTE
    ../clib/printf.c                         0x00000000   Number         0  _printf_hex_ptr.o ABSOLUTE
    ../clib/printf.c                         0x00000000   Number         0  _printf_hex_int_ll.o ABSOLUTE
    ../clib/printf.c                         0x00000000   Number         0  _printf_char_file.o ABSOLUTE
    ../clib/printf.c                         0x00000000   Number         0  __printf_wp.o ABSOLUTE
    ../clib/printf_percent.s                 0x00000000   Number         0  _printf_c.o ABSOLUTE
    ../clib/printf_percent.s                 0x00000000   Number         0  _printf_x.o ABSOLUTE
    ../clib/printf_percent.s                 0x00000000   Number         0  _printf_percent_end.o ABSOLUTE
    ../clib/printf_percent.s                 0x00000000   Number         0  _printf_d.o ABSOLUTE
    ../clib/printf_percent.s                 0x00000000   Number         0  _printf_s.o ABSOLUTE
    ../clib/printf_percent.s                 0x00000000   Number         0  _printf_percent.o ABSOLUTE
    ../clib/signal.c                         0x00000000   Number         0  defsig_pvfn_inner.o ABSOLUTE
    ../clib/signal.c                         0x00000000   Number         0  defsig_stak_inner.o ABSOLUTE
    ../clib/signal.c                         0x00000000   Number         0  defsig_rtred_inner.o ABSOLUTE
    ../clib/signal.c                         0x00000000   Number         0  defsig_fpe_inner.o ABSOLUTE
    ../clib/signal.c                         0x00000000   Number         0  defsig_abrt_inner.o ABSOLUTE
    ../clib/signal.c                         0x00000000   Number         0  defsig_general.o ABSOLUTE
    ../clib/signal.c                         0x00000000   Number         0  __raise.o ABSOLUTE
    ../clib/signal.c                         0x00000000   Number         0  defsig_rtmem_inner.o ABSOLUTE
    ../clib/signal.c                         0x00000000   Number         0  defsig_exit.o ABSOLUTE
    ../clib/signal.c                         0x00000000   Number         0  defsig_rtmem_formal.o ABSOLUTE
    ../clib/signal.c                         0x00000000   Number         0  defsig_rtmem_outer.o ABSOLUTE
    ../clib/signal.c                         0x00000000   Number         0  defsig_other.o ABSOLUTE
    ../clib/signal.c                         0x00000000   Number         0  defsig_segv_inner.o ABSOLUTE
    ../clib/signal.c                         0x00000000   Number         0  defsig_cppl_inner.o ABSOLUTE
    ../clib/signal.s                         0x00000000   Number         0  defsig.o ABSOLUTE
    ../clib/stdio.c                          0x00000000   Number         0  ferror_locked.o ABSOLUTE
    ../clib/stdio.c                          0x00000000   Number         0  ferror.o ABSOLUTE
    ../clib/stdlib.c                         0x00000000   Number         0  exit.o ABSOLUTE
    ../clib/string.c                         0x00000000   Number         0  strcat.o ABSOLUTE
    ../clib/string.c                         0x00000000   Number         0  strlen.o ABSOLUTE
    ../clib/string.c                         0x00000000   Number         0  strstr.o ABSOLUTE
    ../fplib/dfixu.s                         0x00000000   Number         0  dfixu.o ABSOLUTE
    ../fplib/dflt.s                          0x00000000   Number         0  dflt_clz.o ABSOLUTE
    ../fplib/dmul.s                          0x00000000   Number         0  dmul.o ABSOLUTE
    ../fplib/dnaninf.s                       0x00000000   Number         0  dnaninf.o ABSOLUTE
    ../fplib/dretinf.s                       0x00000000   Number         0  dretinf.o ABSOLUTE
    ../fplib/fpinit.s                        0x00000000   Number         0  fpinit.o ABSOLUTE
    ../fplib/usenofp.s                       0x00000000   Number         0  usenofp.o ABSOLUTE
    ..\CORE\core_cm3.c                       0x00000000   Number         0  core_cm3.o ABSOLUTE
    ..\CORE\startup_stm32f10x_hd.s           0x00000000   Number         0  startup_stm32f10x_hd.o ABSOLUTE
    ..\HARDWARE\KEY\key.c                    0x00000000   Number         0  key.o ABSOLUTE
    ..\HARDWARE\LCD\lcd.c                    0x00000000   Number         0  lcd.o ABSOLUTE
    ..\HARDWARE\LED\led.c                    0x00000000   Number         0  led.o ABSOLUTE
    ..\HARDWARE\RTL&WIFI\bsp_RTL_WIFI.c      0x00000000   Number         0  bsp_rtl_wifi.o ABSOLUTE
    ..\HARDWARE\STMFLASH\stmflash.c          0x00000000   Number         0  stmflash.o ABSOLUTE
    ..\HARDWARE\SysTick\bsp_SysTick.c        0x00000000   Number         0  bsp_systick.o ABSOLUTE
    ..\IAP\iap.c                             0x00000000   Number         0  iap.o ABSOLUTE
    ..\STM32F10x_FWLib\src\misc.c            0x00000000   Number         0  misc.o ABSOLUTE
    ..\STM32F10x_FWLib\src\stm32f10x_flash.c 0x00000000   Number         0  stm32f10x_flash.o ABSOLUTE
    ..\STM32F10x_FWLib\src\stm32f10x_fsmc.c  0x00000000   Number         0  stm32f10x_fsmc.o ABSOLUTE
    ..\STM32F10x_FWLib\src\stm32f10x_gpio.c  0x00000000   Number         0  stm32f10x_gpio.o ABSOLUTE
    ..\STM32F10x_FWLib\src\stm32f10x_iwdg.c  0x00000000   Number         0  stm32f10x_iwdg.o ABSOLUTE
    ..\STM32F10x_FWLib\src\stm32f10x_rcc.c   0x00000000   Number         0  stm32f10x_rcc.o ABSOLUTE
    ..\STM32F10x_FWLib\src\stm32f10x_spi.c   0x00000000   Number         0  stm32f10x_spi.o ABSOLUTE
    ..\STM32F10x_FWLib\src\stm32f10x_usart.c 0x00000000   Number         0  stm32f10x_usart.o ABSOLUTE
    ..\SYSTEM\Flash\spi_flash.c              0x00000000   Number         0  spi_flash.o ABSOLUTE
    ..\SYSTEM\delay\delay.c                  0x00000000   Number         0  delay.o ABSOLUTE
    ..\SYSTEM\iwdg\bsp_iwdg.c                0x00000000   Number         0  bsp_iwdg.o ABSOLUTE
    ..\SYSTEM\sys\sys.c                      0x00000000   Number         0  sys.o ABSOLUTE
    ..\SYSTEM\usart\usart.c                  0x00000000   Number         0  usart.o ABSOLUTE
    ..\\CORE\\core_cm3.c                     0x00000000   Number         0  core_cm3.o ABSOLUTE
    ..\\SYSTEM\\sys\\sys.c                   0x00000000   Number         0  sys.o ABSOLUTE
    dc.s                                     0x00000000   Number         0  dc.o ABSOLUTE
    main.c                                   0x00000000   Number         0  main.o ABSOLUTE
    stm32f10x_it.c                           0x00000000   Number         0  stm32f10x_it.o ABSOLUTE
    system_stm32f10x.c                       0x00000000   Number         0  system_stm32f10x.o ABSOLUTE
    RESET                                    0x08000000   Section      304  startup_stm32f10x_hd.o(RESET)
    !!!main                                  0x08000130   Section        8  __main.o(!!!main)
    !!!scatter                               0x08000138   Section       52  __scatter.o(!!!scatter)
    !!handler_copy                           0x0800016c   Section       26  __scatter_copy.o(!!handler_copy)
    !!handler_zi                             0x08000188   Section       28  __scatter_zi.o(!!handler_zi)
    .ARM.Collect$$_printf_percent$$00000000  0x080001a4   Section        0  _printf_percent.o(.ARM.Collect$$_printf_percent$$00000000)
    .ARM.Collect$$_printf_percent$$00000009  0x080001a4   Section        6  _printf_d.o(.ARM.Collect$$_printf_percent$$00000009)
    .ARM.Collect$$_printf_percent$$0000000C  0x080001aa   Section        6  _printf_x.o(.ARM.Collect$$_printf_percent$$0000000C)
    .ARM.Collect$$_printf_percent$$00000013  0x080001b0   Section        6  _printf_c.o(.ARM.Collect$$_printf_percent$$00000013)
    .ARM.Collect$$_printf_percent$$00000014  0x080001b6   Section        6  _printf_s.o(.ARM.Collect$$_printf_percent$$00000014)
    .ARM.Collect$$_printf_percent$$00000017  0x080001bc   Section        4  _printf_percent_end.o(.ARM.Collect$$_printf_percent$$00000017)
    .ARM.Collect$$libinit$$00000000          0x080001c0   Section        2  libinit.o(.ARM.Collect$$libinit$$00000000)
    .ARM.Collect$$libinit$$00000002          0x080001c2   Section        0  libinit2.o(.ARM.Collect$$libinit$$00000002)
    .ARM.Collect$$libinit$$00000004          0x080001c2   Section        0  libinit2.o(.ARM.Collect$$libinit$$00000004)
    .ARM.Collect$$libinit$$0000000A          0x080001c2   Section        0  libinit2.o(.ARM.Collect$$libinit$$0000000A)
    .ARM.Collect$$libinit$$0000000C          0x080001c2   Section        0  libinit2.o(.ARM.Collect$$libinit$$0000000C)
    .ARM.Collect$$libinit$$0000000E          0x080001c2   Section        0  libinit2.o(.ARM.Collect$$libinit$$0000000E)
    .ARM.Collect$$libinit$$00000011          0x080001c2   Section        0  libinit2.o(.ARM.Collect$$libinit$$00000011)
    .ARM.Collect$$libinit$$00000013          0x080001c2   Section        0  libinit2.o(.ARM.Collect$$libinit$$00000013)
    .ARM.Collect$$libinit$$00000015          0x080001c2   Section        0  libinit2.o(.ARM.Collect$$libinit$$00000015)
    .ARM.Collect$$libinit$$00000017          0x080001c2   Section        0  libinit2.o(.ARM.Collect$$libinit$$00000017)
    .ARM.Collect$$libinit$$00000019          0x080001c2   Section        0  libinit2.o(.ARM.Collect$$libinit$$00000019)
    .ARM.Collect$$libinit$$0000001B          0x080001c2   Section        0  libinit2.o(.ARM.Collect$$libinit$$0000001B)
    .ARM.Collect$$libinit$$0000001D          0x080001c2   Section        0  libinit2.o(.ARM.Collect$$libinit$$0000001D)
    .ARM.Collect$$libinit$$0000001F          0x080001c2   Section        0  libinit2.o(.ARM.Collect$$libinit$$0000001F)
    .ARM.Collect$$libinit$$00000021          0x080001c2   Section        0  libinit2.o(.ARM.Collect$$libinit$$00000021)
    .ARM.Collect$$libinit$$00000023          0x080001c2   Section        0  libinit2.o(.ARM.Collect$$libinit$$00000023)
    .ARM.Collect$$libinit$$00000025          0x080001c2   Section        0  libinit2.o(.ARM.Collect$$libinit$$00000025)
    .ARM.Collect$$libinit$$0000002C          0x080001c2   Section        0  libinit2.o(.ARM.Collect$$libinit$$0000002C)
    .ARM.Collect$$libinit$$0000002E          0x080001c2   Section        0  libinit2.o(.ARM.Collect$$libinit$$0000002E)
    .ARM.Collect$$libinit$$00000030          0x080001c2   Section        0  libinit2.o(.ARM.Collect$$libinit$$00000030)
    .ARM.Collect$$libinit$$00000032          0x080001c2   Section        0  libinit2.o(.ARM.Collect$$libinit$$00000032)
    .ARM.Collect$$libinit$$00000033          0x080001c2   Section        2  libinit2.o(.ARM.Collect$$libinit$$00000033)
    .ARM.Collect$$libshutdown$$00000000      0x080001c4   Section        2  libshutdown.o(.ARM.Collect$$libshutdown$$00000000)
    .ARM.Collect$$libshutdown$$00000003      0x080001c6   Section        0  libshutdown2.o(.ARM.Collect$$libshutdown$$00000003)
    .ARM.Collect$$libshutdown$$00000006      0x080001c6   Section        0  libshutdown2.o(.ARM.Collect$$libshutdown$$00000006)
    .ARM.Collect$$libshutdown$$00000009      0x080001c6   Section        0  libshutdown2.o(.ARM.Collect$$libshutdown$$00000009)
    .ARM.Collect$$libshutdown$$0000000B      0x080001c6   Section        0  libshutdown2.o(.ARM.Collect$$libshutdown$$0000000B)
    .ARM.Collect$$libshutdown$$0000000E      0x080001c6   Section        0  libshutdown2.o(.ARM.Collect$$libshutdown$$0000000E)
    .ARM.Collect$$libshutdown$$0000000F      0x080001c6   Section        2  libshutdown2.o(.ARM.Collect$$libshutdown$$0000000F)
    .ARM.Collect$$rtentry$$00000000          0x080001c8   Section        0  __rtentry.o(.ARM.Collect$$rtentry$$00000000)
    .ARM.Collect$$rtentry$$00000002          0x080001c8   Section        0  __rtentry2.o(.ARM.Collect$$rtentry$$00000002)
    .ARM.Collect$$rtentry$$00000004          0x080001c8   Section        6  __rtentry4.o(.ARM.Collect$$rtentry$$00000004)
    .ARM.Collect$$rtentry$$00000009          0x080001ce   Section        0  __rtentry2.o(.ARM.Collect$$rtentry$$00000009)
    .ARM.Collect$$rtentry$$0000000A          0x080001ce   Section        4  __rtentry2.o(.ARM.Collect$$rtentry$$0000000A)
    .ARM.Collect$$rtentry$$0000000C          0x080001d2   Section        0  __rtentry2.o(.ARM.Collect$$rtentry$$0000000C)
    .ARM.Collect$$rtentry$$0000000D          0x080001d2   Section        8  __rtentry2.o(.ARM.Collect$$rtentry$$0000000D)
    .ARM.Collect$$rtexit$$00000000           0x080001da   Section        2  rtexit.o(.ARM.Collect$$rtexit$$00000000)
    .ARM.Collect$$rtexit$$00000002           0x080001dc   Section        0  rtexit2.o(.ARM.Collect$$rtexit$$00000002)
    .ARM.Collect$$rtexit$$00000003           0x080001dc   Section        4  rtexit2.o(.ARM.Collect$$rtexit$$00000003)
    .ARM.Collect$$rtexit$$00000004           0x080001e0   Section        6  rtexit2.o(.ARM.Collect$$rtexit$$00000004)
    .emb_text                                0x080001e8   Section        6  sys.o(.emb_text)
    .text                                    0x080001f0   Section        0  main.o(.text)
    NVIC_SystemReset                         0x0800043b   Thumb Code    26  main.o(.text)
    .text                                    0x08000648   Section        0  stm32f10x_it.o(.text)
    .text                                    0x08000664   Section        0  system_stm32f10x.o(.text)
    SetSysClockTo72                          0x08000665   Thumb Code   214  system_stm32f10x.o(.text)
    SetSysClock                              0x0800073b   Thumb Code     8  system_stm32f10x.o(.text)
    .text                                    0x08000844   Section        0  led.o(.text)
    .text                                    0x080008a4   Section        0  stmflash.o(.text)
    .text                                    0x080009e8   Section        0  bsp_rtl_wifi.o(.text)
    .text                                    0x08000d34   Section        0  delay.o(.text)
    .text                                    0x08000e08   Section        0  usart.o(.text)
    .text                                    0x08000f60   Section        0  bsp_iwdg.o(.text)
    .text                                    0x08000f8c   Section       64  startup_stm32f10x_hd.o(.text)
    .text                                    0x08000fcc   Section        0  misc.o(.text)
    .text                                    0x080010a8   Section        0  stm32f10x_gpio.o(.text)
    .text                                    0x08001404   Section        0  stm32f10x_rcc.o(.text)
    .text                                    0x080017a8   Section        0  stm32f10x_usart.o(.text)
    .text                                    0x08001bb0   Section        0  stm32f10x_flash.o(.text)
    .text                                    0x0800216c   Section        0  stm32f10x_iwdg.o(.text)
    .text                                    0x080021ac   Section        0  iap.o(.text)
    .text                                    0x0800228c   Section        2  use_no_semi_2.o(.text)
    .text                                    0x08002290   Section        0  noretval__2printf.o(.text)
    .text                                    0x080022a8   Section        0  noretval__2sprintf.o(.text)
    .text                                    0x080022d0   Section        0  _printf_str.o(.text)
    .text                                    0x08002324   Section        0  _printf_dec.o(.text)
    .text                                    0x0800239c   Section        0  _printf_hex_int.o(.text)
    .text                                    0x080023f4   Section        0  __printf_flags.o(.text)
    .text                                    0x08002488   Section        0  strstr.o(.text)
    .text                                    0x080024ac   Section        0  strlen.o(.text)
    .text                                    0x080024ea   Section        0  strcat.o(.text)
    .text                                    0x08002502   Section       68  rt_memclr.o(.text)
    .text                                    0x08002546   Section        0  heapauxi.o(.text)
    .text                                    0x0800254c   Section        2  use_no_semi.o(.text)
    .text                                    0x0800254e   Section        0  _printf_intcommon.o(.text)
    .text                                    0x08002600   Section        0  _printf_char_common.o(.text)
    _printf_input_char                       0x08002601   Thumb Code    10  _printf_char_common.o(.text)
    .text                                    0x08002630   Section        0  _sputc.o(.text)
    .text                                    0x0800263a   Section        0  _printf_char.o(.text)
    .text                                    0x08002668   Section        0  _printf_char_file.o(.text)
    .text                                    0x0800268c   Section       78  rt_memclr_w.o(.text)
    .text                                    0x080026da   Section        0  ferror.o(.text)
    .text                                    0x080026e2   Section       74  sys_stackheap_outer.o(.text)
    .text                                    0x0800272c   Section        0  exit.o(.text)
    .text                                    0x08002738   Section        8  libspace.o(.text)
    .constdata                               0x08002740   Section       40  _printf_hex_int.o(.constdata)
    uc_hextab                                0x08002740   Data          20  _printf_hex_int.o(.constdata)
    lc_hextab                                0x08002754   Data          20  _printf_hex_int.o(.constdata)
    .constdata                               0x08002768   Section       17  __printf_flags.o(.constdata)
    maptable                                 0x08002768   Data          17  __printf_flags.o(.constdata)
    .data                                    0x20000000   Section       20  main.o(.data)
    .data                                    0x20000014   Section       20  system_stm32f10x.o(.data)
    .data                                    0x20000028   Section        4  delay.o(.data)
    fac_us                                   0x20000028   Data           1  delay.o(.data)
    fac_ms                                   0x2000002a   Data           2  delay.o(.data)
    .data                                    0x2000002c   Section        8  usart.o(.data)
    .data                                    0x20000034   Section       20  stm32f10x_rcc.o(.data)
    APBAHBPrescTable                         0x20000034   Data          16  stm32f10x_rcc.o(.data)
    ADCPrescTable                            0x20000044   Data           4  stm32f10x_rcc.o(.data)
    .data                                    0x20000048   Section        4  iap.o(.data)
    .bss                                     0x2000004c   Section     2048  stmflash.o(.bss)
    .bss                                     0x2000084c   Section       96  libspace.o(.bss)
    HEAP                                     0x200008b0   Section      512  startup_stm32f10x_hd.o(HEAP)
    Heap_Mem                                 0x200008b0   Data         512  startup_stm32f10x_hd.o(HEAP)
    STACK                                    0x20000ab0   Section     1024  startup_stm32f10x_hd.o(STACK)
    Stack_Mem                                0x20000ab0   Data        1024  startup_stm32f10x_hd.o(STACK)
    __initial_sp                             0x20000eb0   Data           0  startup_stm32f10x_hd.o(STACK)
    .ARM.__AT_0x20001000                     0x20001000   Section    22528  usart.o(.ARM.__AT_0x20001000)
    .bss                                     0x20006800   Section    24996  main.o(.bss)
    .bss                                     0x2000c9a4   Section     2048  iap.o(.bss)

    Global Symbols

    Symbol Name                              Value     Ov Type        Size  Object(Section)

    BuildAttributes$$THM_ISAv4$P$D$K$B$S$PE$A:L22UL41UL21$X:L11$S22US41US21$IEEE1$IW$USESV6$~STKCKD$USESV7$~SHL$OSPACE$ROPI$EBA8$UX$STANDARDLIB$REQ8$PRES8$EABIv2 0x00000000   Number         0  anon$$obj.o ABSOLUTE
    __ARM_use_no_argv                        0x00000000   Number         0  main.o ABSOLUTE
    _printf_flags                            0x00000000   Number         0  printf_stubs.o ABSOLUTE
    _printf_return_value                     0x00000000   Number         0  printf_stubs.o ABSOLUTE
    _printf_sizespec                         0x00000000   Number         0  printf_stubs.o ABSOLUTE
    _printf_widthprec                        0x00000000   Number         0  printf_stubs.o ABSOLUTE
    __ARM_exceptions_init                     - Undefined Weak Reference
    __alloca_initialize                       - Undefined Weak Reference
    __arm_preinit_                            - Undefined Weak Reference
    __cpp_initialize__aeabi_                  - Undefined Weak Reference
    __cxa_finalize                            - Undefined Weak Reference
    __rt_locale                               - Undefined Weak Reference
    __sigvec_lookup                           - Undefined Weak Reference
    _atexit_init                              - Undefined Weak Reference
    _call_atexit_fns                          - Undefined Weak Reference
    _clock_init                               - Undefined Weak Reference
    _fp_trap_init                             - Undefined Weak Reference
    _fp_trap_shutdown                         - Undefined Weak Reference
    _get_lc_collate                           - Undefined Weak Reference
    _get_lc_ctype                             - Undefined Weak Reference
    _get_lc_monetary                          - Undefined Weak Reference
    _get_lc_numeric                           - Undefined Weak Reference
    _get_lc_time                              - Undefined Weak Reference
    _getenv_init                              - Undefined Weak Reference
    _handle_redirection                       - Undefined Weak Reference
    _init_alloc                               - Undefined Weak Reference
    _init_user_alloc                          - Undefined Weak Reference
    _initio                                   - Undefined Weak Reference
    _mutex_acquire                            - Undefined Weak Reference
    _mutex_release                            - Undefined Weak Reference
    _printf_mbtowc                            - Undefined Weak Reference
    _printf_post_padding                      - Undefined Weak Reference
    _printf_pre_padding                       - Undefined Weak Reference
    _printf_truncate_signed                   - Undefined Weak Reference
    _printf_truncate_unsigned                 - Undefined Weak Reference
    _rand_init                                - Undefined Weak Reference
    _signal_finish                            - Undefined Weak Reference
    _signal_init                              - Undefined Weak Reference
    _terminate_alloc                          - Undefined Weak Reference
    _terminate_user_alloc                     - Undefined Weak Reference
    _terminateio                              - Undefined Weak Reference
    __Vectors_Size                           0x00000130   Number         0  startup_stm32f10x_hd.o ABSOLUTE
    __Vectors                                0x08000000   Data           4  startup_stm32f10x_hd.o(RESET)
    __Vectors_End                            0x08000130   Data           0  startup_stm32f10x_hd.o(RESET)
    __main                                   0x08000131   Thumb Code     8  __main.o(!!!main)
    __scatterload                            0x08000139   Thumb Code     0  __scatter.o(!!!scatter)
    __scatterload_rt2                        0x08000139   Thumb Code    44  __scatter.o(!!!scatter)
    __scatterload_rt2_thumb_only             0x08000139   Thumb Code     0  __scatter.o(!!!scatter)
    __scatterload_null                       0x08000147   Thumb Code     0  __scatter.o(!!!scatter)
    __scatterload_copy                       0x0800016d   Thumb Code    26  __scatter_copy.o(!!handler_copy)
    __scatterload_zeroinit                   0x08000189   Thumb Code    28  __scatter_zi.o(!!handler_zi)
    _printf_d                                0x080001a5   Thumb Code     0  _printf_d.o(.ARM.Collect$$_printf_percent$$00000009)
    _printf_percent                          0x080001a5   Thumb Code     0  _printf_percent.o(.ARM.Collect$$_printf_percent$$00000000)
    _printf_x                                0x080001ab   Thumb Code     0  _printf_x.o(.ARM.Collect$$_printf_percent$$0000000C)
    _printf_c                                0x080001b1   Thumb Code     0  _printf_c.o(.ARM.Collect$$_printf_percent$$00000013)
    _printf_s                                0x080001b7   Thumb Code     0  _printf_s.o(.ARM.Collect$$_printf_percent$$00000014)
    _printf_percent_end                      0x080001bd   Thumb Code     0  _printf_percent_end.o(.ARM.Collect$$_printf_percent$$00000017)
    __rt_lib_init                            0x080001c1   Thumb Code     0  libinit.o(.ARM.Collect$$libinit$$00000000)
    __rt_lib_init_alloca_1                   0x080001c3   Thumb Code     0  libinit2.o(.ARM.Collect$$libinit$$0000002E)
    __rt_lib_init_argv_1                     0x080001c3   Thumb Code     0  libinit2.o(.ARM.Collect$$libinit$$0000002C)
    __rt_lib_init_atexit_1                   0x080001c3   Thumb Code     0  libinit2.o(.ARM.Collect$$libinit$$0000001B)
    __rt_lib_init_clock_1                    0x080001c3   Thumb Code     0  libinit2.o(.ARM.Collect$$libinit$$00000021)
    __rt_lib_init_cpp_1                      0x080001c3   Thumb Code     0  libinit2.o(.ARM.Collect$$libinit$$00000032)
    __rt_lib_init_exceptions_1               0x080001c3   Thumb Code     0  libinit2.o(.ARM.Collect$$libinit$$00000030)
    __rt_lib_init_fp_1                       0x080001c3   Thumb Code     0  libinit2.o(.ARM.Collect$$libinit$$00000002)
    __rt_lib_init_fp_trap_1                  0x080001c3   Thumb Code     0  libinit2.o(.ARM.Collect$$libinit$$0000001F)
    __rt_lib_init_getenv_1                   0x080001c3   Thumb Code     0  libinit2.o(.ARM.Collect$$libinit$$00000023)
    __rt_lib_init_heap_1                     0x080001c3   Thumb Code     0  libinit2.o(.ARM.Collect$$libinit$$0000000A)
    __rt_lib_init_lc_collate_1               0x080001c3   Thumb Code     0  libinit2.o(.ARM.Collect$$libinit$$00000011)
    __rt_lib_init_lc_ctype_1                 0x080001c3   Thumb Code     0  libinit2.o(.ARM.Collect$$libinit$$00000013)
    __rt_lib_init_lc_monetary_1              0x080001c3   Thumb Code     0  libinit2.o(.ARM.Collect$$libinit$$00000015)
    __rt_lib_init_lc_numeric_1               0x080001c3   Thumb Code     0  libinit2.o(.ARM.Collect$$libinit$$00000017)
    __rt_lib_init_lc_time_1                  0x080001c3   Thumb Code     0  libinit2.o(.ARM.Collect$$libinit$$00000019)
    __rt_lib_init_preinit_1                  0x080001c3   Thumb Code     0  libinit2.o(.ARM.Collect$$libinit$$00000004)
    __rt_lib_init_rand_1                     0x080001c3   Thumb Code     0  libinit2.o(.ARM.Collect$$libinit$$0000000E)
    __rt_lib_init_return                     0x080001c3   Thumb Code     0  libinit2.o(.ARM.Collect$$libinit$$00000033)
    __rt_lib_init_signal_1                   0x080001c3   Thumb Code     0  libinit2.o(.ARM.Collect$$libinit$$0000001D)
    __rt_lib_init_stdio_1                    0x080001c3   Thumb Code     0  libinit2.o(.ARM.Collect$$libinit$$00000025)
    __rt_lib_init_user_alloc_1               0x080001c3   Thumb Code     0  libinit2.o(.ARM.Collect$$libinit$$0000000C)
    __rt_lib_shutdown                        0x080001c5   Thumb Code     0  libshutdown.o(.ARM.Collect$$libshutdown$$00000000)
    __rt_lib_shutdown_fp_trap_1              0x080001c7   Thumb Code     0  libshutdown2.o(.ARM.Collect$$libshutdown$$00000006)
    __rt_lib_shutdown_heap_1                 0x080001c7   Thumb Code     0  libshutdown2.o(.ARM.Collect$$libshutdown$$0000000E)
    __rt_lib_shutdown_return                 0x080001c7   Thumb Code     0  libshutdown2.o(.ARM.Collect$$libshutdown$$0000000F)
    __rt_lib_shutdown_signal_1               0x080001c7   Thumb Code     0  libshutdown2.o(.ARM.Collect$$libshutdown$$00000009)
    __rt_lib_shutdown_stdio_1                0x080001c7   Thumb Code     0  libshutdown2.o(.ARM.Collect$$libshutdown$$00000003)
    __rt_lib_shutdown_user_alloc_1           0x080001c7   Thumb Code     0  libshutdown2.o(.ARM.Collect$$libshutdown$$0000000B)
    __rt_entry                               0x080001c9   Thumb Code     0  __rtentry.o(.ARM.Collect$$rtentry$$00000000)
    __rt_entry_presh_1                       0x080001c9   Thumb Code     0  __rtentry2.o(.ARM.Collect$$rtentry$$00000002)
    __rt_entry_sh                            0x080001c9   Thumb Code     0  __rtentry4.o(.ARM.Collect$$rtentry$$00000004)
    __rt_entry_li                            0x080001cf   Thumb Code     0  __rtentry2.o(.ARM.Collect$$rtentry$$0000000A)
    __rt_entry_postsh_1                      0x080001cf   Thumb Code     0  __rtentry2.o(.ARM.Collect$$rtentry$$00000009)
    __rt_entry_main                          0x080001d3   Thumb Code     0  __rtentry2.o(.ARM.Collect$$rtentry$$0000000D)
    __rt_entry_postli_1                      0x080001d3   Thumb Code     0  __rtentry2.o(.ARM.Collect$$rtentry$$0000000C)
    __rt_exit                                0x080001db   Thumb Code     0  rtexit.o(.ARM.Collect$$rtexit$$00000000)
    __rt_exit_ls                             0x080001dd   Thumb Code     0  rtexit2.o(.ARM.Collect$$rtexit$$00000003)
    __rt_exit_prels_1                        0x080001dd   Thumb Code     0  rtexit2.o(.ARM.Collect$$rtexit$$00000002)
    __rt_exit_exit                           0x080001e1   Thumb Code     0  rtexit2.o(.ARM.Collect$$rtexit$$00000004)
    MSR_MSP                                  0x080001e9   Thumb Code     6  sys.o(.emb_text)
    USART2_IRQHandler                        0x080001f1   Thumb Code    88  main.o(.text)
    main                                     0x08000249   Thumb Code   498  main.o(.text)
    NMI_Handler                              0x08000649   Thumb Code     2  stm32f10x_it.o(.text)
    HardFault_Handler                        0x0800064b   Thumb Code     4  stm32f10x_it.o(.text)
    MemManage_Handler                        0x0800064f   Thumb Code     4  stm32f10x_it.o(.text)
    BusFault_Handler                         0x08000653   Thumb Code     4  stm32f10x_it.o(.text)
    UsageFault_Handler                       0x08000657   Thumb Code     4  stm32f10x_it.o(.text)
    SVC_Handler                              0x0800065b   Thumb Code     2  stm32f10x_it.o(.text)
    DebugMon_Handler                         0x0800065d   Thumb Code     2  stm32f10x_it.o(.text)
    PendSV_Handler                           0x0800065f   Thumb Code     2  stm32f10x_it.o(.text)
    SysTick_Handler                          0x08000661   Thumb Code     2  stm32f10x_it.o(.text)
    SystemInit                               0x08000743   Thumb Code    78  system_stm32f10x.o(.text)
    SystemCoreClockUpdate                    0x08000791   Thumb Code   142  system_stm32f10x.o(.text)
    LED_Init                                 0x08000845   Thumb Code    82  led.o(.text)
    STMFLASH_ReadHalfWord                    0x080008a5   Thumb Code     6  stmflash.o(.text)
    STMFLASH_Write_NoCheck                   0x080008ab   Thumb Code    38  stmflash.o(.text)
    STMFLASH_Read                            0x080008d1   Thumb Code    34  stmflash.o(.text)
    STMFLASH_Write                           0x080008f3   Thumb Code   222  stmflash.o(.text)
    Test_Write                               0x080009d1   Thumb Code    16  stmflash.o(.text)
    RTL_WIFI_Reset                           0x080009e9   Thumb Code    36  bsp_rtl_wifi.o(.text)
    wifi_send_command                        0x08000a0d   Thumb Code   150  bsp_rtl_wifi.o(.text)
    wifi_send_commandx                       0x08000aa3   Thumb Code   194  bsp_rtl_wifi.o(.text)
    RTL_WIFI_Init                            0x08000b65   Thumb Code   120  bsp_rtl_wifi.o(.text)
    wifi_send_exit                           0x08000bdd   Thumb Code    56  bsp_rtl_wifi.o(.text)
    delay_init                               0x08000d35   Thumb Code    50  delay.o(.text)
    delay_us                                 0x08000d67   Thumb Code    72  delay.o(.text)
    delay_ms                                 0x08000daf   Thumb Code    72  delay.o(.text)
    _sys_exit                                0x08000e09   Thumb Code     6  usart.o(.text)
    fputc                                    0x08000e0f   Thumb Code    24  usart.o(.text)
    uart_init                                0x08000e27   Thumb Code   152  usart.o(.text)
    USART2_Configuration                     0x08000ebf   Thumb Code   148  usart.o(.text)
    IWDG_Config                              0x08000f61   Thumb Code    36  bsp_iwdg.o(.text)
    IWDG_Feed                                0x08000f85   Thumb Code     8  bsp_iwdg.o(.text)
    Reset_Handler                            0x08000f8d   Thumb Code     8  startup_stm32f10x_hd.o(.text)
    ADC1_2_IRQHandler                        0x08000fa7   Thumb Code     0  startup_stm32f10x_hd.o(.text)
    ADC3_IRQHandler                          0x08000fa7   Thumb Code     0  startup_stm32f10x_hd.o(.text)
    CAN1_RX1_IRQHandler                      0x08000fa7   Thumb Code     0  startup_stm32f10x_hd.o(.text)
    CAN1_SCE_IRQHandler                      0x08000fa7   Thumb Code     0  startup_stm32f10x_hd.o(.text)
    DMA1_Channel1_IRQHandler                 0x08000fa7   Thumb Code     0  startup_stm32f10x_hd.o(.text)
    DMA1_Channel2_IRQHandler                 0x08000fa7   Thumb Code     0  startup_stm32f10x_hd.o(.text)
    DMA1_Channel3_IRQHandler                 0x08000fa7   Thumb Code     0  startup_stm32f10x_hd.o(.text)
    DMA1_Channel4_IRQHandler                 0x08000fa7   Thumb Code     0  startup_stm32f10x_hd.o(.text)
    DMA1_Channel5_IRQHandler                 0x08000fa7   Thumb Code     0  startup_stm32f10x_hd.o(.text)
    DMA1_Channel6_IRQHandler                 0x08000fa7   Thumb Code     0  startup_stm32f10x_hd.o(.text)
    DMA1_Channel7_IRQHandler                 0x08000fa7   Thumb Code     0  startup_stm32f10x_hd.o(.text)
    DMA2_Channel1_IRQHandler                 0x08000fa7   Thumb Code     0  startup_stm32f10x_hd.o(.text)
    DMA2_Channel2_IRQHandler                 0x08000fa7   Thumb Code     0  startup_stm32f10x_hd.o(.text)
    DMA2_Channel3_IRQHandler                 0x08000fa7   Thumb Code     0  startup_stm32f10x_hd.o(.text)
    DMA2_Channel4_5_IRQHandler               0x08000fa7   Thumb Code     0  startup_stm32f10x_hd.o(.text)
    EXTI0_IRQHandler                         0x08000fa7   Thumb Code     0  startup_stm32f10x_hd.o(.text)
    EXTI15_10_IRQHandler                     0x08000fa7   Thumb Code     0  startup_stm32f10x_hd.o(.text)
    EXTI1_IRQHandler                         0x08000fa7   Thumb Code     0  startup_stm32f10x_hd.o(.text)
    EXTI2_IRQHandler                         0x08000fa7   Thumb Code     0  startup_stm32f10x_hd.o(.text)
    EXTI3_IRQHandler                         0x08000fa7   Thumb Code     0  startup_stm32f10x_hd.o(.text)
    EXTI4_IRQHandler                         0x08000fa7   Thumb Code     0  startup_stm32f10x_hd.o(.text)
    EXTI9_5_IRQHandler                       0x08000fa7   Thumb Code     0  startup_stm32f10x_hd.o(.text)
    FLASH_IRQHandler                         0x08000fa7   Thumb Code     0  startup_stm32f10x_hd.o(.text)
    FSMC_IRQHandler                          0x08000fa7   Thumb Code     0  startup_stm32f10x_hd.o(.text)
    I2C1_ER_IRQHandler                       0x08000fa7   Thumb Code     0  startup_stm32f10x_hd.o(.text)
    I2C1_EV_IRQHandler                       0x08000fa7   Thumb Code     0  startup_stm32f10x_hd.o(.text)
    I2C2_ER_IRQHandler                       0x08000fa7   Thumb Code     0  startup_stm32f10x_hd.o(.text)
    I2C2_EV_IRQHandler                       0x08000fa7   Thumb Code     0  startup_stm32f10x_hd.o(.text)
    PVD_IRQHandler                           0x08000fa7   Thumb Code     0  startup_stm32f10x_hd.o(.text)
    RCC_IRQHandler                           0x08000fa7   Thumb Code     0  startup_stm32f10x_hd.o(.text)
    RTCAlarm_IRQHandler                      0x08000fa7   Thumb Code     0  startup_stm32f10x_hd.o(.text)
    RTC_IRQHandler                           0x08000fa7   Thumb Code     0  startup_stm32f10x_hd.o(.text)
    SDIO_IRQHandler                          0x08000fa7   Thumb Code     0  startup_stm32f10x_hd.o(.text)
    SPI1_IRQHandler                          0x08000fa7   Thumb Code     0  startup_stm32f10x_hd.o(.text)
    SPI2_IRQHandler                          0x08000fa7   Thumb Code     0  startup_stm32f10x_hd.o(.text)
    SPI3_IRQHandler                          0x08000fa7   Thumb Code     0  startup_stm32f10x_hd.o(.text)
    TAMPER_IRQHandler                        0x08000fa7   Thumb Code     0  startup_stm32f10x_hd.o(.text)
    TIM1_BRK_IRQHandler                      0x08000fa7   Thumb Code     0  startup_stm32f10x_hd.o(.text)
    TIM1_CC_IRQHandler                       0x08000fa7   Thumb Code     0  startup_stm32f10x_hd.o(.text)
    TIM1_TRG_COM_IRQHandler                  0x08000fa7   Thumb Code     0  startup_stm32f10x_hd.o(.text)
    TIM1_UP_IRQHandler                       0x08000fa7   Thumb Code     0  startup_stm32f10x_hd.o(.text)
    TIM2_IRQHandler                          0x08000fa7   Thumb Code     0  startup_stm32f10x_hd.o(.text)
    TIM3_IRQHandler                          0x08000fa7   Thumb Code     0  startup_stm32f10x_hd.o(.text)
    TIM4_IRQHandler                          0x08000fa7   Thumb Code     0  startup_stm32f10x_hd.o(.text)
    TIM5_IRQHandler                          0x08000fa7   Thumb Code     0  startup_stm32f10x_hd.o(.text)
    TIM6_IRQHandler                          0x08000fa7   Thumb Code     0  startup_stm32f10x_hd.o(.text)
    TIM7_IRQHandler                          0x08000fa7   Thumb Code     0  startup_stm32f10x_hd.o(.text)
    TIM8_BRK_IRQHandler                      0x08000fa7   Thumb Code     0  startup_stm32f10x_hd.o(.text)
    TIM8_CC_IRQHandler                       0x08000fa7   Thumb Code     0  startup_stm32f10x_hd.o(.text)
    TIM8_TRG_COM_IRQHandler                  0x08000fa7   Thumb Code     0  startup_stm32f10x_hd.o(.text)
    TIM8_UP_IRQHandler                       0x08000fa7   Thumb Code     0  startup_stm32f10x_hd.o(.text)
    UART4_IRQHandler                         0x08000fa7   Thumb Code     0  startup_stm32f10x_hd.o(.text)
    UART5_IRQHandler                         0x08000fa7   Thumb Code     0  startup_stm32f10x_hd.o(.text)
    USART1_IRQHandler                        0x08000fa7   Thumb Code     0  startup_stm32f10x_hd.o(.text)
    USART3_IRQHandler                        0x08000fa7   Thumb Code     0  startup_stm32f10x_hd.o(.text)
    USBWakeUp_IRQHandler                     0x08000fa7   Thumb Code     0  startup_stm32f10x_hd.o(.text)
    USB_HP_CAN1_TX_IRQHandler                0x08000fa7   Thumb Code     0  startup_stm32f10x_hd.o(.text)
    USB_LP_CAN1_RX0_IRQHandler               0x08000fa7   Thumb Code     0  startup_stm32f10x_hd.o(.text)
    WWDG_IRQHandler                          0x08000fa7   Thumb Code     0  startup_stm32f10x_hd.o(.text)
    __user_initial_stackheap                 0x08000fa9   Thumb Code     0  startup_stm32f10x_hd.o(.text)
    NVIC_PriorityGroupConfig                 0x08000fcd   Thumb Code    10  misc.o(.text)
    NVIC_Init                                0x08000fd7   Thumb Code   100  misc.o(.text)
    NVIC_SetVectorTable                      0x0800103b   Thumb Code    14  misc.o(.text)
    NVIC_SystemLPConfig                      0x08001049   Thumb Code    34  misc.o(.text)
    SysTick_CLKSourceConfig                  0x0800106b   Thumb Code    40  misc.o(.text)
    GPIO_DeInit                              0x080010a9   Thumb Code   172  stm32f10x_gpio.o(.text)
    GPIO_AFIODeInit                          0x08001155   Thumb Code    20  stm32f10x_gpio.o(.text)
    GPIO_Init                                0x08001169   Thumb Code   278  stm32f10x_gpio.o(.text)
    GPIO_StructInit                          0x0800127f   Thumb Code    16  stm32f10x_gpio.o(.text)
    GPIO_ReadInputDataBit                    0x0800128f   Thumb Code    18  stm32f10x_gpio.o(.text)
    GPIO_ReadInputData                       0x080012a1   Thumb Code     8  stm32f10x_gpio.o(.text)
    GPIO_ReadOutputDataBit                   0x080012a9   Thumb Code    18  stm32f10x_gpio.o(.text)
    GPIO_ReadOutputData                      0x080012bb   Thumb Code     8  stm32f10x_gpio.o(.text)
    GPIO_SetBits                             0x080012c3   Thumb Code     4  stm32f10x_gpio.o(.text)
    GPIO_ResetBits                           0x080012c7   Thumb Code     4  stm32f10x_gpio.o(.text)
    GPIO_WriteBit                            0x080012cb   Thumb Code    10  stm32f10x_gpio.o(.text)
    GPIO_Write                               0x080012d5   Thumb Code     4  stm32f10x_gpio.o(.text)
    GPIO_PinLockConfig                       0x080012d9   Thumb Code    18  stm32f10x_gpio.o(.text)
    GPIO_EventOutputConfig                   0x080012eb   Thumb Code    26  stm32f10x_gpio.o(.text)
    GPIO_EventOutputCmd                      0x08001305   Thumb Code     6  stm32f10x_gpio.o(.text)
    GPIO_PinRemapConfig                      0x0800130b   Thumb Code   138  stm32f10x_gpio.o(.text)
    GPIO_EXTILineConfig                      0x08001395   Thumb Code    66  stm32f10x_gpio.o(.text)
    GPIO_ETH_MediaInterfaceConfig            0x080013d7   Thumb Code     8  stm32f10x_gpio.o(.text)
    RCC_DeInit                               0x08001405   Thumb Code    64  stm32f10x_rcc.o(.text)
    RCC_HSEConfig                            0x08001445   Thumb Code    70  stm32f10x_rcc.o(.text)
    RCC_GetFlagStatus                        0x0800148b   Thumb Code    56  stm32f10x_rcc.o(.text)
    RCC_WaitForHSEStartUp                    0x080014c3   Thumb Code    56  stm32f10x_rcc.o(.text)
    RCC_AdjustHSICalibrationValue            0x080014fb   Thumb Code    20  stm32f10x_rcc.o(.text)
    RCC_HSICmd                               0x0800150f   Thumb Code     6  stm32f10x_rcc.o(.text)
    RCC_PLLConfig                            0x08001515   Thumb Code    24  stm32f10x_rcc.o(.text)
    RCC_PLLCmd                               0x0800152d   Thumb Code     6  stm32f10x_rcc.o(.text)
    RCC_SYSCLKConfig                         0x08001533   Thumb Code    18  stm32f10x_rcc.o(.text)
    RCC_GetSYSCLKSource                      0x08001545   Thumb Code    10  stm32f10x_rcc.o(.text)
    RCC_HCLKConfig                           0x0800154f   Thumb Code    18  stm32f10x_rcc.o(.text)
    RCC_PCLK1Config                          0x08001561   Thumb Code    18  stm32f10x_rcc.o(.text)
    RCC_PCLK2Config                          0x08001573   Thumb Code    20  stm32f10x_rcc.o(.text)
    RCC_ITConfig                             0x08001587   Thumb Code    26  stm32f10x_rcc.o(.text)
    RCC_USBCLKConfig                         0x080015a1   Thumb Code     8  stm32f10x_rcc.o(.text)
    RCC_ADCCLKConfig                         0x080015a9   Thumb Code    18  stm32f10x_rcc.o(.text)
    RCC_LSEConfig                            0x080015bb   Thumb Code    50  stm32f10x_rcc.o(.text)
    RCC_LSICmd                               0x080015ed   Thumb Code     6  stm32f10x_rcc.o(.text)
    RCC_RTCCLKConfig                         0x080015f3   Thumb Code    12  stm32f10x_rcc.o(.text)
    RCC_RTCCLKCmd                            0x080015ff   Thumb Code     8  stm32f10x_rcc.o(.text)
    RCC_GetClocksFreq                        0x08001607   Thumb Code   192  stm32f10x_rcc.o(.text)
    RCC_AHBPeriphClockCmd                    0x080016c7   Thumb Code    26  stm32f10x_rcc.o(.text)
    RCC_APB2PeriphClockCmd                   0x080016e1   Thumb Code    26  stm32f10x_rcc.o(.text)
    RCC_APB1PeriphClockCmd                   0x080016fb   Thumb Code    26  stm32f10x_rcc.o(.text)
    RCC_APB2PeriphResetCmd                   0x08001715   Thumb Code    26  stm32f10x_rcc.o(.text)
    RCC_APB1PeriphResetCmd                   0x0800172f   Thumb Code    26  stm32f10x_rcc.o(.text)
    RCC_BackupResetCmd                       0x08001749   Thumb Code     8  stm32f10x_rcc.o(.text)
    RCC_ClockSecuritySystemCmd               0x08001751   Thumb Code     6  stm32f10x_rcc.o(.text)
    RCC_MCOConfig                            0x08001757   Thumb Code     6  stm32f10x_rcc.o(.text)
    RCC_ClearFlag                            0x0800175d   Thumb Code    14  stm32f10x_rcc.o(.text)
    RCC_GetITStatus                          0x0800176b   Thumb Code    20  stm32f10x_rcc.o(.text)
    RCC_ClearITPendingBit                    0x0800177f   Thumb Code     6  stm32f10x_rcc.o(.text)
    USART_DeInit                             0x080017a9   Thumb Code   134  stm32f10x_usart.o(.text)
    USART_Init                               0x0800182f   Thumb Code   210  stm32f10x_usart.o(.text)
    USART_StructInit                         0x08001901   Thumb Code    24  stm32f10x_usart.o(.text)
    USART_ClockInit                          0x08001919   Thumb Code    34  stm32f10x_usart.o(.text)
    USART_ClockStructInit                    0x0800193b   Thumb Code    12  stm32f10x_usart.o(.text)
    USART_Cmd                                0x08001947   Thumb Code    24  stm32f10x_usart.o(.text)
    USART_ITConfig                           0x0800195f   Thumb Code    74  stm32f10x_usart.o(.text)
    USART_DMACmd                             0x080019a9   Thumb Code    18  stm32f10x_usart.o(.text)
    USART_SetAddress                         0x080019bb   Thumb Code    18  stm32f10x_usart.o(.text)
    USART_WakeUpConfig                       0x080019cd   Thumb Code    18  stm32f10x_usart.o(.text)
    USART_ReceiverWakeUpCmd                  0x080019df   Thumb Code    24  stm32f10x_usart.o(.text)
    USART_LINBreakDetectLengthConfig         0x080019f7   Thumb Code    18  stm32f10x_usart.o(.text)
    USART_LINCmd                             0x08001a09   Thumb Code    24  stm32f10x_usart.o(.text)
    USART_SendData                           0x08001a21   Thumb Code     8  stm32f10x_usart.o(.text)
    USART_ReceiveData                        0x08001a29   Thumb Code    10  stm32f10x_usart.o(.text)
    USART_SendBreak                          0x08001a33   Thumb Code    10  stm32f10x_usart.o(.text)
    USART_SetGuardTime                       0x08001a3d   Thumb Code    16  stm32f10x_usart.o(.text)
    USART_SetPrescaler                       0x08001a4d   Thumb Code    16  stm32f10x_usart.o(.text)
    USART_SmartCardCmd                       0x08001a5d   Thumb Code    24  stm32f10x_usart.o(.text)
    USART_SmartCardNACKCmd                   0x08001a75   Thumb Code    24  stm32f10x_usart.o(.text)
    USART_HalfDuplexCmd                      0x08001a8d   Thumb Code    24  stm32f10x_usart.o(.text)
    USART_OverSampling8Cmd                   0x08001aa5   Thumb Code    22  stm32f10x_usart.o(.text)
    USART_OneBitMethodCmd                    0x08001abb   Thumb Code    24  stm32f10x_usart.o(.text)
    USART_IrDAConfig                         0x08001ad3   Thumb Code    18  stm32f10x_usart.o(.text)
    USART_IrDACmd                            0x08001ae5   Thumb Code    24  stm32f10x_usart.o(.text)
    USART_GetFlagStatus                      0x08001afd   Thumb Code    26  stm32f10x_usart.o(.text)
    USART_ClearFlag                          0x08001b17   Thumb Code    18  stm32f10x_usart.o(.text)
    USART_GetITStatus                        0x08001b29   Thumb Code    84  stm32f10x_usart.o(.text)
    USART_ClearITPendingBit                  0x08001b7d   Thumb Code    52  stm32f10x_usart.o(.text)
    FLASH_SetLatency                         0x08001bb1   Thumb Code    18  stm32f10x_flash.o(.text)
    FLASH_HalfCycleAccessCmd                 0x08001bc3   Thumb Code    22  stm32f10x_flash.o(.text)
    FLASH_PrefetchBufferCmd                  0x08001bd9   Thumb Code    22  stm32f10x_flash.o(.text)
    FLASH_Unlock                             0x08001bef   Thumb Code    12  stm32f10x_flash.o(.text)
    FLASH_UnlockBank1                        0x08001bfb   Thumb Code    12  stm32f10x_flash.o(.text)
    FLASH_Lock                               0x08001c07   Thumb Code    14  stm32f10x_flash.o(.text)
    FLASH_LockBank1                          0x08001c15   Thumb Code    14  stm32f10x_flash.o(.text)
    FLASH_GetBank1Status                     0x08001c23   Thumb Code    48  stm32f10x_flash.o(.text)
    FLASH_WaitForLastOperation               0x08001c53   Thumb Code    38  stm32f10x_flash.o(.text)
    FLASH_ErasePage                          0x08001c79   Thumb Code    72  stm32f10x_flash.o(.text)
    FLASH_EraseAllPages                      0x08001cc1   Thumb Code    68  stm32f10x_flash.o(.text)
    FLASH_WaitForLastBank1Operation          0x08001d05   Thumb Code    38  stm32f10x_flash.o(.text)
    FLASH_EraseAllBank1Pages                 0x08001d2b   Thumb Code    68  stm32f10x_flash.o(.text)
    FLASH_GetReadOutProtectionStatus         0x08001d6f   Thumb Code    20  stm32f10x_flash.o(.text)
    FLASH_EraseOptionBytes                   0x08001d83   Thumb Code   150  stm32f10x_flash.o(.text)
    FLASH_ProgramWord                        0x08001e19   Thumb Code   102  stm32f10x_flash.o(.text)
    FLASH_ProgramHalfWord                    0x08001e7f   Thumb Code    60  stm32f10x_flash.o(.text)
    FLASH_ProgramOptionByteData              0x08001ebb   Thumb Code    72  stm32f10x_flash.o(.text)
    FLASH_EnableWriteProtection              0x08001f03   Thumb Code   200  stm32f10x_flash.o(.text)
    FLASH_ReadOutProtection                  0x08001fcb   Thumb Code   156  stm32f10x_flash.o(.text)
    FLASH_UserOptionByteConfig               0x08002067   Thumb Code    88  stm32f10x_flash.o(.text)
    FLASH_GetUserOptionByte                  0x080020bf   Thumb Code     8  stm32f10x_flash.o(.text)
    FLASH_GetWriteProtectionOptionByte       0x080020c7   Thumb Code     6  stm32f10x_flash.o(.text)
    FLASH_GetPrefetchBufferStatus            0x080020cd   Thumb Code    20  stm32f10x_flash.o(.text)
    FLASH_ITConfig                           0x080020e1   Thumb Code    26  stm32f10x_flash.o(.text)
    FLASH_GetFlagStatus                      0x080020fb   Thumb Code    42  stm32f10x_flash.o(.text)
    FLASH_ClearFlag                          0x08002125   Thumb Code     6  stm32f10x_flash.o(.text)
    FLASH_GetStatus                          0x0800212b   Thumb Code    48  stm32f10x_flash.o(.text)
    IWDG_WriteAccessCmd                      0x0800216d   Thumb Code     6  stm32f10x_iwdg.o(.text)
    IWDG_SetPrescaler                        0x08002173   Thumb Code     6  stm32f10x_iwdg.o(.text)
    IWDG_SetReload                           0x08002179   Thumb Code     6  stm32f10x_iwdg.o(.text)
    IWDG_ReloadCounter                       0x0800217f   Thumb Code    10  stm32f10x_iwdg.o(.text)
    IWDG_Enable                              0x08002189   Thumb Code    10  stm32f10x_iwdg.o(.text)
    IWDG_GetFlagStatus                       0x08002193   Thumb Code    20  stm32f10x_iwdg.o(.text)
    iap_write_appbin                         0x080021ad   Thumb Code    98  iap.o(.text)
    iap_load_app                             0x0800220f   Thumb Code    76  iap.o(.text)
    __use_no_semihosting                     0x0800228d   Thumb Code     2  use_no_semi_2.o(.text)
    __2printf                                0x08002291   Thumb Code    20  noretval__2printf.o(.text)
    __2sprintf                               0x080022a9   Thumb Code    34  noretval__2sprintf.o(.text)
    _printf_str                              0x080022d1   Thumb Code    82  _printf_str.o(.text)
    _printf_int_dec                          0x08002325   Thumb Code   104  _printf_dec.o(.text)
    _printf_int_hex                          0x0800239d   Thumb Code    84  _printf_hex_int.o(.text)
    _printf_longlong_hex                     0x0800239d   Thumb Code     0  _printf_hex_int.o(.text)
    __printf                                 0x080023f5   Thumb Code   144  __printf_flags.o(.text)
    strstr                                   0x08002489   Thumb Code    36  strstr.o(.text)
    strlen                                   0x080024ad   Thumb Code    62  strlen.o(.text)
    strcat                                   0x080024eb   Thumb Code    24  strcat.o(.text)
    __aeabi_memclr                           0x08002503   Thumb Code     0  rt_memclr.o(.text)
    __rt_memclr                              0x08002503   Thumb Code    68  rt_memclr.o(.text)
    _memset                                  0x08002507   Thumb Code     0  rt_memclr.o(.text)
    __use_two_region_memory                  0x08002547   Thumb Code     2  heapauxi.o(.text)
    __rt_heap_escrow$2region                 0x08002549   Thumb Code     2  heapauxi.o(.text)
    __rt_heap_expand$2region                 0x0800254b   Thumb Code     2  heapauxi.o(.text)
    __I$use$semihosting                      0x0800254d   Thumb Code     0  use_no_semi.o(.text)
    __use_no_semihosting_swi                 0x0800254d   Thumb Code     2  use_no_semi.o(.text)
    _printf_int_common                       0x0800254f   Thumb Code   178  _printf_intcommon.o(.text)
    _printf_char_common                      0x0800260b   Thumb Code    32  _printf_char_common.o(.text)
    _sputc                                   0x08002631   Thumb Code    10  _sputc.o(.text)
    _printf_cs_common                        0x0800263b   Thumb Code    20  _printf_char.o(.text)
    _printf_char                             0x0800264f   Thumb Code    16  _printf_char.o(.text)
    _printf_string                           0x0800265f   Thumb Code     8  _printf_char.o(.text)
    _printf_char_file                        0x08002669   Thumb Code    32  _printf_char_file.o(.text)
    __aeabi_memclr4                          0x0800268d   Thumb Code     0  rt_memclr_w.o(.text)
    __aeabi_memclr8                          0x0800268d   Thumb Code     0  rt_memclr_w.o(.text)
    __rt_memclr_w                            0x0800268d   Thumb Code    78  rt_memclr_w.o(.text)
    _memset_w                                0x08002691   Thumb Code     0  rt_memclr_w.o(.text)
    ferror                                   0x080026db   Thumb Code     8  ferror.o(.text)
    __user_setup_stackheap                   0x080026e3   Thumb Code    74  sys_stackheap_outer.o(.text)
    exit                                     0x0800272d   Thumb Code    12  exit.o(.text)
    __user_libspace                          0x08002739   Thumb Code     8  libspace.o(.text)
    __user_perproc_libspace                  0x08002739   Thumb Code     0  libspace.o(.text)
    __user_perthread_libspace                0x08002739   Thumb Code     0  libspace.o(.text)
    Region$$Table$$Base                      0x0800277c   Number         0  anon$$obj.o(Region$$Table)
    Region$$Table$$Limit                     0x0800279c   Number         0  anon$$obj.o(Region$$Table)
    user_inputx                              0x20000000   Data           1  main.o(.data)
    data                                     0x20000001   Data           1  main.o(.data)
    data_                                    0x20000002   Data           1  main.o(.data)
    ent                                      0x20000004   Data           4  main.o(.data)
    stop                                     0x20000008   Data           4  main.o(.data)
    count                                    0x2000000c   Data           4  main.o(.data)
    xx                                       0x20000010   Data           4  main.o(.data)
    SystemCoreClock                          0x20000014   Data           4  system_stm32f10x.o(.data)
    AHBPrescTable                            0x20000018   Data          16  system_stm32f10x.o(.data)
    __stdout                                 0x2000002c   Data           4  usart.o(.data)
    USART_RX_STA                             0x20000030   Data           2  usart.o(.data)
    USART_RX_CNT                             0x20000032   Data           2  usart.o(.data)
    jump2app                                 0x20000048   Data           4  iap.o(.data)
    STMFLASH_BUF                             0x2000004c   Data        2048  stmflash.o(.bss)
    __libspace_start                         0x2000084c   Data          96  libspace.o(.bss)
    __temporary_stack_top$libspace           0x200008ac   Data           0  libspace.o(.bss)
    USART_RX_BUF                             0x20001000   Data       22528  usart.o(.ARM.__AT_0x20001000)
    zancun                                   0x20006800   Data       22528  main.o(.bss)
    cmd                                      0x2000c000   Data         400  main.o(.bss)
    cmdxx                                    0x2000c190   Data          20  main.o(.bss)
    user_input                               0x2000c1a4   Data        2048  main.o(.bss)
    iapbuf                                   0x2000c9a4   Data        2048  iap.o(.bss)



==============================================================================

Memory Map of the image

  Image Entry point : 0x08000131

  Load Region LR_IROM1 (Base: 0x08000000, Size: 0x000027e8, Max: 0x00040000, ABSOLUTE)

    Execution Region ER_IROM1 (Base: 0x08000000, Size: 0x0000279c, Max: 0x00040000, ABSOLUTE)

    Base Addr    Size         Type   Attr      Idx    E Section Name        Object

    0x08000000   0x00000130   Data   RO          418    RESET               startup_stm32f10x_hd.o
    0x08000130   0x00000008   Code   RO          615  * !!!main             c_w.l(__main.o)
    0x08000138   0x00000034   Code   RO          805    !!!scatter          c_w.l(__scatter.o)
    0x0800016c   0x0000001a   Code   RO          807    !!handler_copy      c_w.l(__scatter_copy.o)
    0x08000186   0x00000002   PAD
    0x08000188   0x0000001c   Code   RO          809    !!handler_zi        c_w.l(__scatter_zi.o)
    0x080001a4   0x00000000   Code   RO          604    .ARM.Collect$$_printf_percent$$00000000  c_w.l(_printf_percent.o)
    0x080001a4   0x00000006   Code   RO          603    .ARM.Collect$$_printf_percent$$00000009  c_w.l(_printf_d.o)
    0x080001aa   0x00000006   Code   RO          602    .ARM.Collect$$_printf_percent$$0000000C  c_w.l(_printf_x.o)
    0x080001b0   0x00000006   Code   RO          600    .ARM.Collect$$_printf_percent$$00000013  c_w.l(_printf_c.o)
    0x080001b6   0x00000006   Code   RO          601    .ARM.Collect$$_printf_percent$$00000014  c_w.l(_printf_s.o)
    0x080001bc   0x00000004   Code   RO          642    .ARM.Collect$$_printf_percent$$00000017  c_w.l(_printf_percent_end.o)
    0x080001c0   0x00000002   Code   RO          680    .ARM.Collect$$libinit$$00000000  c_w.l(libinit.o)
    0x080001c2   0x00000000   Code   RO          687    .ARM.Collect$$libinit$$00000002  c_w.l(libinit2.o)
    0x080001c2   0x00000000   Code   RO          689    .ARM.Collect$$libinit$$00000004  c_w.l(libinit2.o)
    0x080001c2   0x00000000   Code   RO          692    .ARM.Collect$$libinit$$0000000A  c_w.l(libinit2.o)
    0x080001c2   0x00000000   Code   RO          694    .ARM.Collect$$libinit$$0000000C  c_w.l(libinit2.o)
    0x080001c2   0x00000000   Code   RO          696    .ARM.Collect$$libinit$$0000000E  c_w.l(libinit2.o)
    0x080001c2   0x00000000   Code   RO          699    .ARM.Collect$$libinit$$00000011  c_w.l(libinit2.o)
    0x080001c2   0x00000000   Code   RO          701    .ARM.Collect$$libinit$$00000013  c_w.l(libinit2.o)
    0x080001c2   0x00000000   Code   RO          703    .ARM.Collect$$libinit$$00000015  c_w.l(libinit2.o)
    0x080001c2   0x00000000   Code   RO          705    .ARM.Collect$$libinit$$00000017  c_w.l(libinit2.o)
    0x080001c2   0x00000000   Code   RO          707    .ARM.Collect$$libinit$$00000019  c_w.l(libinit2.o)
    0x080001c2   0x00000000   Code   RO          709    .ARM.Collect$$libinit$$0000001B  c_w.l(libinit2.o)
    0x080001c2   0x00000000   Code   RO          711    .ARM.Collect$$libinit$$0000001D  c_w.l(libinit2.o)
    0x080001c2   0x00000000   Code   RO          713    .ARM.Collect$$libinit$$0000001F  c_w.l(libinit2.o)
    0x080001c2   0x00000000   Code   RO          715    .ARM.Collect$$libinit$$00000021  c_w.l(libinit2.o)
    0x080001c2   0x00000000   Code   RO          717    .ARM.Collect$$libinit$$00000023  c_w.l(libinit2.o)
    0x080001c2   0x00000000   Code   RO          719    .ARM.Collect$$libinit$$00000025  c_w.l(libinit2.o)
    0x080001c2   0x00000000   Code   RO          723    .ARM.Collect$$libinit$$0000002C  c_w.l(libinit2.o)
    0x080001c2   0x00000000   Code   RO          725    .ARM.Collect$$libinit$$0000002E  c_w.l(libinit2.o)
    0x080001c2   0x00000000   Code   RO          727    .ARM.Collect$$libinit$$00000030  c_w.l(libinit2.o)
    0x080001c2   0x00000000   Code   RO          729    .ARM.Collect$$libinit$$00000032  c_w.l(libinit2.o)
    0x080001c2   0x00000002   Code   RO          730    .ARM.Collect$$libinit$$00000033  c_w.l(libinit2.o)
    0x080001c4   0x00000002   Code   RO          748    .ARM.Collect$$libshutdown$$00000000  c_w.l(libshutdown.o)
    0x080001c6   0x00000000   Code   RO          759    .ARM.Collect$$libshutdown$$00000003  c_w.l(libshutdown2.o)
    0x080001c6   0x00000000   Code   RO          762    .ARM.Collect$$libshutdown$$00000006  c_w.l(libshutdown2.o)
    0x080001c6   0x00000000   Code   RO          765    .ARM.Collect$$libshutdown$$00000009  c_w.l(libshutdown2.o)
    0x080001c6   0x00000000   Code   RO          767    .ARM.Collect$$libshutdown$$0000000B  c_w.l(libshutdown2.o)
    0x080001c6   0x00000000   Code   RO          770    .ARM.Collect$$libshutdown$$0000000E  c_w.l(libshutdown2.o)
    0x080001c6   0x00000002   Code   RO          771    .ARM.Collect$$libshutdown$$0000000F  c_w.l(libshutdown2.o)
    0x080001c8   0x00000000   Code   RO          631    .ARM.Collect$$rtentry$$00000000  c_w.l(__rtentry.o)
    0x080001c8   0x00000000   Code   RO          651    .ARM.Collect$$rtentry$$00000002  c_w.l(__rtentry2.o)
    0x080001c8   0x00000006   Code   RO          663    .ARM.Collect$$rtentry$$00000004  c_w.l(__rtentry4.o)
    0x080001ce   0x00000000   Code   RO          653    .ARM.Collect$$rtentry$$00000009  c_w.l(__rtentry2.o)
    0x080001ce   0x00000004   Code   RO          654    .ARM.Collect$$rtentry$$0000000A  c_w.l(__rtentry2.o)
    0x080001d2   0x00000000   Code   RO          656    .ARM.Collect$$rtentry$$0000000C  c_w.l(__rtentry2.o)
    0x080001d2   0x00000008   Code   RO          657    .ARM.Collect$$rtentry$$0000000D  c_w.l(__rtentry2.o)
    0x080001da   0x00000002   Code   RO          684    .ARM.Collect$$rtexit$$00000000  c_w.l(rtexit.o)
    0x080001dc   0x00000000   Code   RO          732    .ARM.Collect$$rtexit$$00000002  c_w.l(rtexit2.o)
    0x080001dc   0x00000004   Code   RO          733    .ARM.Collect$$rtexit$$00000003  c_w.l(rtexit2.o)
    0x080001e0   0x00000006   Code   RO          734    .ARM.Collect$$rtexit$$00000004  c_w.l(rtexit2.o)
    0x080001e6   0x00000002   PAD
    0x080001e8   0x00000006   Code   RO          334    .emb_text           sys.o
    0x080001ee   0x00000002   PAD
    0x080001f0   0x00000458   Code   RO            1    .text               main.o
    0x08000648   0x0000001a   Code   RO          147    .text               stm32f10x_it.o
    0x08000662   0x00000002   PAD
    0x08000664   0x000001e0   Code   RO          188    .text               system_stm32f10x.o
    0x08000844   0x00000060   Code   RO          206    .text               led.o
    0x080008a4   0x00000144   Code   RO          258    .text               stmflash.o
    0x080009e8   0x0000034c   Code   RO          280    .text               bsp_rtl_wifi.o
    0x08000d34   0x000000d4   Code   RO          320    .text               delay.o
    0x08000e08   0x00000158   Code   RO          351    .text               usart.o
    0x08000f60   0x0000002c   Code   RO          374    .text               bsp_iwdg.o
    0x08000f8c   0x00000040   Code   RO          419    .text               startup_stm32f10x_hd.o
    0x08000fcc   0x000000dc   Code   RO          423    .text               misc.o
    0x080010a8   0x0000035c   Code   RO          447    .text               stm32f10x_gpio.o
    0x08001404   0x000003a4   Code   RO          459    .text               stm32f10x_rcc.o
    0x080017a8   0x00000408   Code   RO          473    .text               stm32f10x_usart.o
    0x08001bb0   0x000005bc   Code   RO          485    .text               stm32f10x_flash.o
    0x0800216c   0x00000040   Code   RO          497    .text               stm32f10x_iwdg.o
    0x080021ac   0x000000e0   Code   RO          521    .text               iap.o
    0x0800228c   0x00000002   Code   RO          543    .text               c_w.l(use_no_semi_2.o)
    0x0800228e   0x00000002   PAD
    0x08002290   0x00000018   Code   RO          549    .text               c_w.l(noretval__2printf.o)
    0x080022a8   0x00000028   Code   RO          551    .text               c_w.l(noretval__2sprintf.o)
    0x080022d0   0x00000052   Code   RO          555    .text               c_w.l(_printf_str.o)
    0x08002322   0x00000002   PAD
    0x08002324   0x00000078   Code   RO          557    .text               c_w.l(_printf_dec.o)
    0x0800239c   0x00000058   Code   RO          562    .text               c_w.l(_printf_hex_int.o)
    0x080023f4   0x00000094   Code   RO          580    .text               c_w.l(__printf_flags.o)
    0x08002488   0x00000024   Code   RO          605    .text               c_w.l(strstr.o)
    0x080024ac   0x0000003e   Code   RO          607    .text               c_w.l(strlen.o)
    0x080024ea   0x00000018   Code   RO          609    .text               c_w.l(strcat.o)
    0x08002502   0x00000044   Code   RO          611    .text               c_w.l(rt_memclr.o)
    0x08002546   0x00000006   Code   RO          613    .text               c_w.l(heapauxi.o)
    0x0800254c   0x00000002   Code   RO          629    .text               c_w.l(use_no_semi.o)
    0x0800254e   0x000000b2   Code   RO          632    .text               c_w.l(_printf_intcommon.o)
    0x08002600   0x00000030   Code   RO          634    .text               c_w.l(_printf_char_common.o)
    0x08002630   0x0000000a   Code   RO          636    .text               c_w.l(_sputc.o)
    0x0800263a   0x0000002c   Code   RO          638    .text               c_w.l(_printf_char.o)
    0x08002666   0x00000002   PAD
    0x08002668   0x00000024   Code   RO          640    .text               c_w.l(_printf_char_file.o)
    0x0800268c   0x0000004e   Code   RO          643    .text               c_w.l(rt_memclr_w.o)
    0x080026da   0x00000008   Code   RO          667    .text               c_w.l(ferror.o)
    0x080026e2   0x0000004a   Code   RO          671    .text               c_w.l(sys_stackheap_outer.o)
    0x0800272c   0x0000000c   Code   RO          673    .text               c_w.l(exit.o)
    0x08002738   0x00000008   Code   RO          681    .text               c_w.l(libspace.o)
    0x08002740   0x00000028   Data   RO          563    .constdata          c_w.l(_printf_hex_int.o)
    0x08002768   0x00000011   Data   RO          581    .constdata          c_w.l(__printf_flags.o)
    0x08002779   0x00000003   PAD
    0x0800277c   0x00000020   Data   RO          803    Region$$Table       anon$$obj.o


    Execution Region RW_IRAM1 (Base: 0x20000000, Size: 0x0000d1a4, Max: 0x00010200, ABSOLUTE)

    Base Addr    Size         Type   Attr      Idx    E Section Name        Object

    0x20000000   0x00000014   Data   RW            3    .data               main.o
    0x20000014   0x00000014   Data   RW          189    .data               system_stm32f10x.o
    0x20000028   0x00000004   Data   RW          321    .data               delay.o
    0x2000002c   0x00000008   Data   RW          353    .data               usart.o
    0x20000034   0x00000014   Data   RW          460    .data               stm32f10x_rcc.o
    0x20000048   0x00000004   Data   RW          523    .data               iap.o
    0x2000004c   0x00000800   Zero   RW          259    .bss                stmflash.o
    0x2000084c   0x00000060   Zero   RW          682    .bss                c_w.l(libspace.o)
    0x200008ac   0x00000004   PAD
    0x200008b0   0x00000200   Zero   RW          417    HEAP                startup_stm32f10x_hd.o
    0x20000ab0   0x00000400   Zero   RW          416    STACK               startup_stm32f10x_hd.o
    0x20000eb0   0x00000150   PAD
    0x20001000   0x00005800   Zero   RW          352    .ARM.__AT_0x20001000  usart.o
    0x20006800   0x000061a4   Zero   RW            2    .bss                main.o
    0x2000c9a4   0x00000800   Zero   RW          522    .bss                iap.o


==============================================================================

Image component sizes


      Code (inc. data)   RO Data    RW Data    ZI Data      Debug   Object Name

        44          0          0          0          0        636   bsp_iwdg.o
       844        288          0          0          0       1967   bsp_rtl_wifi.o
       212         18          0          4          0        991   delay.o
       224         50          0          4       2048      16725   iap.o
        96         14          0          0          0        487   led.o
      1112        500          0         20      24996     256435   main.o
       220         22          0          0          0       1769   misc.o
        64         26        304          0       1536        784   startup_stm32f10x_hd.o
      1468         34          0          0          0       7998   stm32f10x_flash.o
       860         38          0          0          0       5613   stm32f10x_gpio.o
        26          0          0          0          0       1162   stm32f10x_it.o
        64          6          0          0          0       1249   stm32f10x_iwdg.o
       932         36          0         20          0       8764   stm32f10x_rcc.o
      1032         22          0          0          0       8336   stm32f10x_usart.o
       324          8          0          0       2048       2558   stmflash.o
         6          0          0          0          0        356   sys.o
       480         38          0         20          0       1691   system_stm32f10x.o
       344         14          0          8      22528       3258   usart.o

    ----------------------------------------------------------------------
      8356       1114        336         76      53492     320779   Object Totals
         0          0         32          0          0          0   (incl. Generated)
         4          0          0          0        336          0   (incl. Padding)

    ----------------------------------------------------------------------

      Code (inc. data)   RO Data    RW Data    ZI Data      Debug   Library Member Name

         8          0          0          0          0         68   __main.o
       148          4         17          0          0         84   __printf_flags.o
         0          0          0          0          0          0   __rtentry.o
        12          0          0          0          0          0   __rtentry2.o
         6          0          0          0          0          0   __rtentry4.o
        52          8          0          0          0          0   __scatter.o
        26          0          0          0          0          0   __scatter_copy.o
        28          0          0          0          0          0   __scatter_zi.o
         6          0          0          0          0          0   _printf_c.o
        44          0          0          0          0        108   _printf_char.o
        48          6          0          0          0         96   _printf_char_common.o
        36          4          0          0          0         80   _printf_char_file.o
         6          0          0          0          0          0   _printf_d.o
       120         16          0          0          0         92   _printf_dec.o
        88          4         40          0          0         88   _printf_hex_int.o
       178          0          0          0          0         88   _printf_intcommon.o
         0          0          0          0          0          0   _printf_percent.o
         4          0          0          0          0          0   _printf_percent_end.o
         6          0          0          0          0          0   _printf_s.o
        82          0          0          0          0         80   _printf_str.o
         6          0          0          0          0          0   _printf_x.o
        10          0          0          0          0         68   _sputc.o
        12          0          0          0          0         72   exit.o
         8          0          0          0          0         68   ferror.o
         6          0          0          0          0        152   heapauxi.o
         2          0          0          0          0          0   libinit.o
         2          0          0          0          0          0   libinit2.o
         2          0          0          0          0          0   libshutdown.o
         2          0          0          0          0          0   libshutdown2.o
         8          4          0          0         96         68   libspace.o
        24          4          0          0          0         84   noretval__2printf.o
        40          6          0          0          0         84   noretval__2sprintf.o
        68          0          0          0          0         68   rt_memclr.o
        78          0          0          0          0         80   rt_memclr_w.o
         2          0          0          0          0          0   rtexit.o
        10          0          0          0          0          0   rtexit2.o
        24          0          0          0          0         68   strcat.o
        62          0          0          0          0         76   strlen.o
        36          0          0          0          0         80   strstr.o
        74          0          0          0          0         80   sys_stackheap_outer.o
         2          0          0          0          0         68   use_no_semi.o
         2          0          0          0          0         68   use_no_semi_2.o

    ----------------------------------------------------------------------
      1388         56         60          0        100       1968   Library Totals
        10          0          3          0          4          0   (incl. Padding)

    ----------------------------------------------------------------------

      Code (inc. data)   RO Data    RW Data    ZI Data      Debug   Library Name

      1378         56         57          0         96       1968   c_w.l

    ----------------------------------------------------------------------
      1388         56         60          0        100       1968   Library Totals

    ----------------------------------------------------------------------

==============================================================================


      Code (inc. data)   RO Data    RW Data    ZI Data      Debug   

      9744       1170        396         76      53592     320351   Grand Totals
      9744       1170        396         76      53592     320351   ELF Image Totals
      9744       1170        396         76          0          0   ROM Totals

==============================================================================

    Total RO  Size (Code + RO Data)                10140 (   9.90kB)
    Total RW  Size (RW Data + ZI Data)             53668 (  52.41kB)
    Total ROM Size (Code + RO Data + RW Data)      10216 (   9.98kB)

==============================================================================

